Archive member included to satisfy reference by file (symbol)

/Users/jun/workspace/eclipse/gcc-arm-none-eabi-7-2018-q2-update/bin/../lib/gcc/arm-none-eabi/7.3.1/../../../../arm-none-eabi/lib/thumb/v7-m/libg_nano.a(lib_a-atoi.o)
                              ./lwip/core/netif.o (symbol from plugin) (atoi)
/Users/jun/workspace/eclipse/gcc-arm-none-eabi-7-2018-q2-update/bin/../lib/gcc/arm-none-eabi/7.3.1/../../../../arm-none-eabi/lib/thumb/v7-m/libg_nano.a(lib_a-calloc.o)
                              ./lwip/core/mem.o (symbol from plugin) (calloc)
/Users/jun/workspace/eclipse/gcc-arm-none-eabi-7-2018-q2-update/bin/../lib/gcc/arm-none-eabi/7.3.1/../../../../arm-none-eabi/lib/thumb/v7-m/libg_nano.a(lib_a-errno.o)
                              ./system/src/newlib/_sbrk.o (symbol from plugin) (__errno)
/Users/jun/workspace/eclipse/gcc-arm-none-eabi-7-2018-q2-update/bin/../lib/gcc/arm-none-eabi/7.3.1/../../../../arm-none-eabi/lib/thumb/v7-m/libg_nano.a(lib_a-impure.o)
                              /Users/jun/workspace/eclipse/gcc-arm-none-eabi-7-2018-q2-update/bin/../lib/gcc/arm-none-eabi/7.3.1/../../../../arm-none-eabi/lib/thumb/v7-m/libg_nano.a(lib_a-calloc.o) (_impure_ptr)
/Users/jun/workspace/eclipse/gcc-arm-none-eabi-7-2018-q2-update/bin/../lib/gcc/arm-none-eabi/7.3.1/../../../../arm-none-eabi/lib/thumb/v7-m/libg_nano.a(lib_a-locale.o)
                              ./lwip/core/ipv4/ip4_addr.o (symbol from plugin) (__locale_ctype_ptr)
/Users/jun/workspace/eclipse/gcc-arm-none-eabi-7-2018-q2-update/bin/../lib/gcc/arm-none-eabi/7.3.1/../../../../arm-none-eabi/lib/thumb/v7-m/libg_nano.a(lib_a-malloc.o)
                              ./lwip/core/mem.o (symbol from plugin) (malloc)
/Users/jun/workspace/eclipse/gcc-arm-none-eabi-7-2018-q2-update/bin/../lib/gcc/arm-none-eabi/7.3.1/../../../../arm-none-eabi/lib/thumb/v7-m/libg_nano.a(lib_a-mbtowc_r.o)
                              /Users/jun/workspace/eclipse/gcc-arm-none-eabi-7-2018-q2-update/bin/../lib/gcc/arm-none-eabi/7.3.1/../../../../arm-none-eabi/lib/thumb/v7-m/libg_nano.a(lib_a-locale.o) (__ascii_mbtowc)
/Users/jun/workspace/eclipse/gcc-arm-none-eabi-7-2018-q2-update/bin/../lib/gcc/arm-none-eabi/7.3.1/../../../../arm-none-eabi/lib/thumb/v7-m/libg_nano.a(lib_a-memcmp.o)
                              ./lwip/netif/bridgeif_fdb.o (symbol from plugin) (memcmp)
/Users/jun/workspace/eclipse/gcc-arm-none-eabi-7-2018-q2-update/bin/../lib/gcc/arm-none-eabi/7.3.1/../../../../arm-none-eabi/lib/thumb/v7-m/libg_nano.a(lib_a-memcpy-stub.o)
                              ./lwip/netif/bridgeif_fdb.o (symbol from plugin) (memcpy)
/Users/jun/workspace/eclipse/gcc-arm-none-eabi-7-2018-q2-update/bin/../lib/gcc/arm-none-eabi/7.3.1/../../../../arm-none-eabi/lib/thumb/v7-m/libg_nano.a(lib_a-memmove.o)
                              ./lwip/core/def.o (symbol from plugin) (memmove)
/Users/jun/workspace/eclipse/gcc-arm-none-eabi-7-2018-q2-update/bin/../lib/gcc/arm-none-eabi/7.3.1/../../../../arm-none-eabi/lib/thumb/v7-m/libg_nano.a(lib_a-memset.o)
                              ./lwip/core/ipv4/ip4.o (symbol from plugin) (memset)
/Users/jun/workspace/eclipse/gcc-arm-none-eabi-7-2018-q2-update/bin/../lib/gcc/arm-none-eabi/7.3.1/../../../../arm-none-eabi/lib/thumb/v7-m/libg_nano.a(lib_a-nano-callocr.o)
                              /Users/jun/workspace/eclipse/gcc-arm-none-eabi-7-2018-q2-update/bin/../lib/gcc/arm-none-eabi/7.3.1/../../../../arm-none-eabi/lib/thumb/v7-m/libg_nano.a(lib_a-calloc.o) (_calloc_r)
/Users/jun/workspace/eclipse/gcc-arm-none-eabi-7-2018-q2-update/bin/../lib/gcc/arm-none-eabi/7.3.1/../../../../arm-none-eabi/lib/thumb/v7-m/libg_nano.a(lib_a-nano-freer.o)
                              /Users/jun/workspace/eclipse/gcc-arm-none-eabi-7-2018-q2-update/bin/../lib/gcc/arm-none-eabi/7.3.1/../../../../arm-none-eabi/lib/thumb/v7-m/libg_nano.a(lib_a-malloc.o) (_free_r)
/Users/jun/workspace/eclipse/gcc-arm-none-eabi-7-2018-q2-update/bin/../lib/gcc/arm-none-eabi/7.3.1/../../../../arm-none-eabi/lib/thumb/v7-m/libg_nano.a(lib_a-nano-mallocr.o)
                              /Users/jun/workspace/eclipse/gcc-arm-none-eabi-7-2018-q2-update/bin/../lib/gcc/arm-none-eabi/7.3.1/../../../../arm-none-eabi/lib/thumb/v7-m/libg_nano.a(lib_a-malloc.o) (_malloc_r)
/Users/jun/workspace/eclipse/gcc-arm-none-eabi-7-2018-q2-update/bin/../lib/gcc/arm-none-eabi/7.3.1/../../../../arm-none-eabi/lib/thumb/v7-m/libg_nano.a(lib_a-printf.o)
                              ./system/src/lpc17xx/lpc17xx_libcfg_default.o (symbol from plugin) (printf)
/Users/jun/workspace/eclipse/gcc-arm-none-eabi-7-2018-q2-update/bin/../lib/gcc/arm-none-eabi/7.3.1/../../../../arm-none-eabi/lib/thumb/v7-m/libg_nano.a(lib_a-rand.o)
                              ./lwip/core/ipv4/igmp.o (symbol from plugin) (rand)
/Users/jun/workspace/eclipse/gcc-arm-none-eabi-7-2018-q2-update/bin/../lib/gcc/arm-none-eabi/7.3.1/../../../../arm-none-eabi/lib/thumb/v7-m/libg_nano.a(lib_a-sbrkr.o)
[...]
Memory Configuration

Name             Origin             Length             Attributes
FLASH            0x0000000000000000 0x0000000000080000 xr
RAM              0x0000000010000000 0x0000000000008000 xrw
CCMRAM           0x000000002007c000 0x0000000000000000 xrw
FLASHB1          0x0000000000000000 0x0000000000000000 xr
EXTMEMB0         0x0000000000000000 0x0000000000000000 xr
EXTMEMB1         0x0000000000000000 0x0000000000000000 xr
EXTMEMB2         0x0000000000000000 0x0000000000000000 xr
EXTMEMB3         0x0000000000000000 0x0000000000000000 xr
*default*        0x0000000000000000 0xffffffffffffffff

Linker script and memory map

LOAD /var/folders/tp/tmlhpk0x5cbgt8tz5p9q2y6r0000gn/T//ccCFlo5g.ltrans0.ltrans.o
LOAD /Users/jun/workspace/eclipse/gcc-arm-none-eabi-7-2018-q2-update/bin/../lib/gcc/arm-none-eabi/7.3.1/../../../../arm-none-eabi/lib/thumb/v7-m/libstdc++_nano.a
LOAD /Users/jun/workspace/eclipse/gcc-arm-none-eabi-7-2018-q2-update/bin/../lib/gcc/arm-none-eabi/7.3.1/../../../../arm-none-eabi/lib/thumb/v7-m/libm.a
START GROUP
LOAD /Users/jun/workspace/eclipse/gcc-arm-none-eabi-7-2018-q2-update/bin/../lib/gcc/arm-none-eabi/7.3.1/thumb/v7-m/libgcc.a
LOAD /Users/jun/workspace/eclipse/gcc-arm-none-eabi-7-2018-q2-update/bin/../lib/gcc/arm-none-eabi/7.3.1/../../../../arm-none-eabi/lib/thumb/v7-m/libg_nano.a
LOAD /Users/jun/workspace/eclipse/gcc-arm-none-eabi-7-2018-q2-update/bin/../lib/gcc/arm-none-eabi/7.3.1/../../../../arm-none-eabi/lib/thumb/v7-m/libc_nano.a
END GROUP
START GROUP
LOAD /Users/jun/workspace/eclipse/gcc-arm-none-eabi-7-2018-q2-update/bin/../lib/gcc/arm-none-eabi/7.3.1/thumb/v7-m/libgcc.a
LOAD /Users/jun/workspace/eclipse/gcc-arm-none-eabi-7-2018-q2-update/bin/../lib/gcc/arm-none-eabi/7.3.1/../../../../arm-none-eabi/lib/thumb/v7-m/libc_nano.a
LOAD /Users/jun/workspace/eclipse/gcc-arm-none-eabi-7-2018-q2-update/bin/../lib/gcc/arm-none-eabi/7.3.1/../../../../arm-none-eabi/lib/thumb/v7-m/libnosys.a
END GROUP
START GROUP
LOAD /Users/jun/workspace/eclipse/gcc-arm-none-eabi-7-2018-q2-update/bin/../lib/gcc/arm-none-eabi/7.3.1/thumb/v7-m/libgcc.a
LOAD /Users/jun/workspace/eclipse/gcc-arm-none-eabi-7-2018-q2-update/bin/../lib/gcc/arm-none-eabi/7.3.1/../../../../arm-none-eabi/lib/thumb/v7-m/libc_nano.a
LOAD /Users/jun/workspace/eclipse/gcc-arm-none-eabi-7-2018-q2-update/bin/../lib/gcc/arm-none-eabi/7.3.1/../../../../arm-none-eabi/lib/thumb/v7-m/libnosys.a
END GROUP
                0x0000000010008000                __stack = (ORIGIN (RAM) + LENGTH (RAM))
                0x0000000010008000                _estack = __stack
                0x0000000000000800                __Main_Stack_Size = 0x800
                [!provide]                        PROVIDE (_Main_Stack_Size = __Main_Stack_Size)
                0x0000000010007800                __Main_Stack_Limit = (__stack - __Main_Stack_Size)
                [!provide]                        PROVIDE (_Main_Stack_Limit = __Main_Stack_Limit)
                0x0000000000000200                _Minimum_Stack_Size = 0x200
                0x0000000010005100                PROVIDE (_Heap_Begin = _end_noinit)
                0x0000000010007800                PROVIDE (_Heap_Limit = (__stack - __Main_Stack_Size))

.isr_vector     0x0000000000000000      0x304
 FILL mask 0xff
                0x0000000000000000                __vectors_start = ABSOLUTE (.)
                0x0000000000000000                __vectors_start__ = ABSOLUTE (.)
 *(.isr_vector)
 .isr_vector    0x0000000000000000       0xcc /var/folders/tp/tmlhpk0x5cbgt8tz5p9q2y6r0000gn/T//ccCFlo5g.ltrans0.ltrans.o
                0x0000000000000000                __isr_vectors
 *(.cfmconfig)
 *(.after_vectors .after_vectors.*)
 .after_vectors
                0x00000000000000cc      0x238 /var/folders/tp/tmlhpk0x5cbgt8tz5p9q2y6r0000gn/T//ccCFlo5g.ltrans0.ltrans.o
                0x0000000000000116                UsageFault_Handler_C
                0x0000000000000148                BusFault_Handler_C
                0x000000000000017c                HardFault_Handler_C
                0x00000000000001dc                _start

.inits          0x0000000000000304       0x28
                0x0000000000000304                __data_regions_array_start = .
                0x0000000000000304        0x4 LONG 0xa628 LOADADDR (.data)
                0x0000000000000308        0x4 LONG 0x10000000 ADDR (.data)
                0x000000000000030c        0x4 LONG 0x1000024c (ADDR (.data) + SIZEOF (.data))
                0x0000000000000310        0x4 LONG 0xa628 LOADADDR (.data_CCMRAM)
                0x0000000000000314        0x4 LONG 0x2007c000 ADDR (.data_CCMRAM)
                0x0000000000000318        0x4 LONG 0x2007c000 (ADDR (.data_CCMRAM) + SIZEOF (.data_CCMRAM))
                0x000000000000031c                __data_regions_array_end = .
                0x000000000000031c                __bss_regions_array_start = .
                0x000000000000031c        0x4 LONG 0x10000250 ADDR (.bss)
                0x0000000000000320        0x4 LONG 0x10005100 (ADDR (.bss) + SIZEOF (.bss))
                0x0000000000000324        0x4 LONG 0x2007c000 ADDR (.bss_CCMRAM)
                0x0000000000000328        0x4 LONG 0x2007c000 (ADDR (.bss_CCMRAM) + SIZEOF (.bss_CCMRAM))
                0x000000000000032c                __bss_regions_array_end = .
 *(.init)
 *(.fini)
                0x000000000000032c                . = ALIGN (0x4)
                0x000000000000032c                PROVIDE (__preinit_array_start = .)
 *(.preinit_array_sysinit .preinit_array_sysinit.*)
 *(.preinit_array_platform .preinit_array_platform.*)
 *(.preinit_array .preinit_array.*)
                0x000000000000032c                PROVIDE (__preinit_array_end = .)
                0x000000000000032c                . = ALIGN (0x4)
                0x000000000000032c                PROVIDE (__init_array_start = .)
 *(SORT_BY_NAME(.init_array.*))
 *(.init_array)
                0x000000000000032c                PROVIDE (__init_array_end = .)
                0x000000000000032c                . = ALIGN (0x4)
                0x000000000000032c                PROVIDE (__fini_array_start = .)
 *(SORT_BY_NAME(.fini_array.*))
 *(.fini_array)
                0x000000000000032c                PROVIDE (__fini_array_end = .)

.flashtext
 *(.flashtext .flashtext.*)

.text           0x0000000000000330     0xa2ef
 *(.text .text.*)
 .text.netif_set_link_down
                0x0000000000000330       0x16 /var/folders/tp/tmlhpk0x5cbgt8tz5p9q2y6r0000gn/T//ccCFlo5g.ltrans0.ltrans.o
 *fill*         0x0000000000000346        0x2 
 .text.prvGetNextExpireTime
                0x0000000000000348       0x20 /var/folders/tp/tmlhpk0x5cbgt8tz5p9q2y6r0000gn/T//ccCFlo5g.ltrans0.ltrans.o
 .text.pvTaskIncrementMutexHeldCount
                0x0000000000000368       0x1c /var/folders/tp/tmlhpk0x5cbgt8tz5p9q2y6r0000gn/T//ccCFlo5g.ltrans0.ltrans.o
 .text.uxTaskResetEventItemValue
                0x0000000000000384       0x18 /var/folders/tp/tmlhpk0x5cbgt8tz5p9q2y6r0000gn/T//ccCFlo5g.ltrans0.ltrans.o
 .text.xTaskGetSchedulerState
                0x000000000000039c       0x20 /var/folders/tp/tmlhpk0x5cbgt8tz5p9q2y6r0000gn/T//ccCFlo5g.ltrans0.ltrans.o
 .text.prvResetNextTaskUnblockTime
                0x00000000000003bc       0x2c /var/folders/tp/tmlhpk0x5cbgt8tz5p9q2y6r0000gn/T//ccCFlo5g.ltrans0.ltrans.o
 .text.prvTaskCheckFreeStackSpace
                0x00000000000003e8       0x14 /var/folders/tp/tmlhpk0x5cbgt8tz5p9q2y6r0000gn/T//ccCFlo5g.ltrans0.ltrans.o
 .text.vTaskMissedYield
                0x00000000000003fc        0xc /var/folders/tp/tmlhpk0x5cbgt8tz5p9q2y6r0000gn/T//ccCFlo5g.ltrans0.ltrans.o
 .text.vTaskInternalSetTimeOutState
                0x0000000000000408       0x18 /var/folders/tp/tmlhpk0x5cbgt8tz5p9q2y6r0000gn/T//ccCFlo5g.ltrans0.ltrans.o
 .text.vTaskSwitchContext
                0x0000000000000420       0x68 /var/folders/tp/tmlhpk0x5cbgt8tz5p9q2y6r0000gn/T//ccCFlo5g.ltrans0.ltrans.o
 .text.xTaskGetTickCount
                0x0000000000000488        0xc /var/folders/tp/tmlhpk0x5cbgt8tz5p9q2y6r0000gn/T//ccCFlo5g.ltrans0.ltrans.o
 .text.vTaskSuspendAll
                0x0000000000000494       0x10 /var/folders/tp/tmlhpk0x5cbgt8tz5p9q2y6r0000gn/T//ccCFlo5g.ltrans0.ltrans.o
 .text.vQueueUnregisterQueue
                0x00000000000004a4       0x2c /var/folders/tp/tmlhpk0x5cbgt8tz5p9q2y6r0000gn/T//ccCFlo5g.ltrans0.ltrans.o
 .text.vQueueAddToRegistry
                0x00000000000004d0       0x28 /var/folders/tp/tmlhpk0x5cbgt8tz5p9q2y6r0000gn/T//ccCFlo5g.ltrans0.ltrans.o
 .text.prvGetDisinheritPriorityAfterTimeout
                0x00000000000004f8       0x12 /var/folders/tp/tmlhpk0x5cbgt8tz5p9q2y6r0000gn/T//ccCFlo5g.ltrans0.ltrans.o
 .text.uxListRemove
                0x000000000000050a       0x28 /var/folders/tp/tmlhpk0x5cbgt8tz5p9q2y6r0000gn/T//ccCFlo5g.ltrans0.ltrans.o
 .text.vListInsert
                0x0000000000000532       0x34 /var/folders/tp/tmlhpk0x5cbgt8tz5p9q2y6r0000gn/T//ccCFlo5g.ltrans0.ltrans.o
 *fill*         0x0000000000000566        0x2 
 .text.prvInsertTimerInActiveList
                0x0000000000000568       0x48 /var/folders/tp/tmlhpk0x5cbgt8tz5p9q2y6r0000gn/T//ccCFlo5g.ltrans0.ltrans.o
 .text.vListInsertEnd
                0x00000000000005b0       0x18 /var/folders/tp/tmlhpk0x5cbgt8tz5p9q2y6r0000gn/T//ccCFlo5g.ltrans0.ltrans.o
 .text.prvAddCurrentTaskToDelayedList
                0x00000000000005c8       0x98 /var/folders/tp/tmlhpk0x5cbgt8tz5p9q2y6r0000gn/T//ccCFlo5g.ltrans0.ltrans.o
 .text.vTaskPlaceOnEventList
                0x0000000000000660       0x1c /var/folders/tp/tmlhpk0x5cbgt8tz5p9q2y6r0000gn/T//ccCFlo5g.ltrans0.ltrans.o
 .text.vTaskPriorityDisinheritAfterTimeout
                0x000000000000067c       0x90 /var/folders/tp/tmlhpk0x5cbgt8tz5p9q2y6r0000gn/T//ccCFlo5g.ltrans0.ltrans.o
 .text.xTaskPriorityDisinherit
                0x000000000000070c       0x80 /var/folders/tp/tmlhpk0x5cbgt8tz5p9q2y6r0000gn/T//ccCFlo5g.ltrans0.ltrans.o
 .text.xTaskPriorityInherit
                0x000000000000078c       0xb8 /var/folders/tp/tmlhpk0x5cbgt8tz5p9q2y6r0000gn/T//ccCFlo5g.ltrans0.ltrans.o
 .text.vTaskRemoveFromUnorderedEventList
                0x0000000000000844       0x58 /var/folders/tp/tmlhpk0x5cbgt8tz5p9q2y6r0000gn/T//ccCFlo5g.ltrans0.ltrans.o
 .text.xTaskRemoveFromEventList
                0x000000000000089c       0x78 /var/folders/tp/tmlhpk0x5cbgt8tz5p9q2y6r0000gn/T//ccCFlo5g.ltrans0.ltrans.o
 .text.xQueueGiveFromISR
                0x0000000000000914       0x64 /var/folders/tp/tmlhpk0x5cbgt8tz5p9q2y6r0000gn/T//ccCFlo5g.ltrans0.ltrans.o
 .text.vTaskPlaceOnEventListRestricted
                0x0000000000000978       0x24 /var/folders/tp/tmlhpk0x5cbgt8tz5p9q2y6r0000gn/T//ccCFlo5g.ltrans0.ltrans.o
 .text.vTaskPlaceOnUnorderedEventList
                0x000000000000099c       0x24 /var/folders/tp/tmlhpk0x5cbgt8tz5p9q2y6r0000gn/T//ccCFlo5g.ltrans0.ltrans.o
 .text.xTaskIncrementTick
                0x00000000000009c0      0x100 /var/folders/tp/tmlhpk0x5cbgt8tz5p9q2y6r0000gn/T//ccCFlo5g.ltrans0.ltrans.o
 .text.vListInitialiseItem
                0x0000000000000ac0        0x6 /var/folders/tp/tmlhpk0x5cbgt8tz5p9q2y6r0000gn/T//ccCFlo5g.ltrans0.ltrans.o
 .text.vListInitialise
                0x0000000000000ac6       0x16 /var/folders/tp/tmlhpk0x5cbgt8tz5p9q2y6r0000gn/T//ccCFlo5g.ltrans0.ltrans.o
 .text.prvInitialiseTaskLists
                0x0000000000000adc       0x68 /var/folders/tp/tmlhpk0x5cbgt8tz5p9q2y6r0000gn/T//ccCFlo5g.ltrans0.ltrans.o
 .text.prvInsertBlockIntoFreeList
                0x0000000000000b44       0x58 /var/folders/tp/tmlhpk0x5cbgt8tz5p9q2y6r0000gn/T//ccCFlo5g.ltrans0.ltrans.o
 .text.prvHeapInit
                0x0000000000000b9c       0x64 /var/folders/tp/tmlhpk0x5cbgt8tz5p9q2y6r0000gn/T//ccCFlo5g.ltrans0.ltrans.o
 .text.xPortGetFreeHeapSize
                0x0000000000000c00        0xc /var/folders/tp/tmlhpk0x5cbgt8tz5p9q2y6r0000gn/T//ccCFlo5g.ltrans0.ltrans.o
 .text.prvTestWaitCondition
                0x0000000000000c0c       0x1c /var/folders/tp/tmlhpk0x5cbgt8tz5p9q2y6r0000gn/T//ccCFlo5g.ltrans0.ltrans.o
 .text.vPortSetupTimerInterrupt
                0x0000000000000c28       0x34 /var/folders/tp/tmlhpk0x5cbgt8tz5p9q2y6r0000gn/T//ccCFlo5g.ltrans0.ltrans.o
 .text.xPortSysTickHandler
                0x0000000000000c5c       0x2c /var/folders/tp/tmlhpk0x5cbgt8tz5p9q2y6r0000gn/T//ccCFlo5g.ltrans0.ltrans.o
 *fill*         0x0000000000000c88        0x8 
 .text.xPortPendSVHandler
                0x0000000000000c90       0x44 /var/folders/tp/tmlhpk0x5cbgt8tz5p9q2y6r0000gn/T//ccCFlo5g.ltrans0.ltrans.o
 .text.vPortExitCritical
                0x0000000000000cd4       0x14 /var/folders/tp/tmlhpk0x5cbgt8tz5p9q2y6r0000gn/T//ccCFlo5g.ltrans0.ltrans.o
 .text.vPortEnterCritical
                0x0000000000000ce8       0x20 /var/folders/tp/tmlhpk0x5cbgt8tz5p9q2y6r0000gn/T//ccCFlo5g.ltrans0.ltrans.o
 .text.xTaskCheckForTimeOut
                0x0000000000000d08       0x58 /var/folders/tp/tmlhpk0x5cbgt8tz5p9q2y6r0000gn/T//ccCFlo5g.ltrans0.ltrans.o
 .text.xTaskResumeAll
                0x0000000000000d60       0xe4 /var/folders/tp/tmlhpk0x5cbgt8tz5p9q2y6r0000gn/T//ccCFlo5g.ltrans0.ltrans.o
 .text.vTaskDelay
                0x0000000000000e44       0x34 /var/folders/tp/tmlhpk0x5cbgt8tz5p9q2y6r0000gn/T//ccCFlo5g.ltrans0.ltrans.o
 .text.vPortFree
                0x0000000000000e78       0x4c /var/folders/tp/tmlhpk0x5cbgt8tz5p9q2y6r0000gn/T//ccCFlo5g.ltrans0.ltrans.o
 .text.prvDeleteTCB
                0x0000000000000ec4       0x12 /var/folders/tp/tmlhpk0x5cbgt8tz5p9q2y6r0000gn/T//ccCFlo5g.ltrans0.ltrans.o
 *fill*         0x0000000000000ed6        0x2 
 .text.prvCheckTasksWaitingTermination
                0x0000000000000ed8       0x4c /var/folders/tp/tmlhpk0x5cbgt8tz5p9q2y6r0000gn/T//ccCFlo5g.ltrans0.ltrans.o
 .text.prvIdleTask
                0x0000000000000f24        0x8 /var/folders/tp/tmlhpk0x5cbgt8tz5p9q2y6r0000gn/T//ccCFlo5g.ltrans0.ltrans.o
 .text.vQueueDelete
                0x0000000000000f2c       0x10 /var/folders/tp/tmlhpk0x5cbgt8tz5p9q2y6r0000gn/T//ccCFlo5g.ltrans0.ltrans.o
 .text.pvPortMalloc
                0x0000000000000f3c       0xc0 /var/folders/tp/tmlhpk0x5cbgt8tz5p9q2y6r0000gn/T//ccCFlo5g.ltrans0.ltrans.o
 .text.xEventGroupCreate
                0x0000000000000ffc       0x1a /var/folders/tp/tmlhpk0x5cbgt8tz5p9q2y6r0000gn/T//ccCFlo5g.ltrans0.ltrans.o
 .text.xEventGroupSetBits
                0x0000000000001016       0x62 /var/folders/tp/tmlhpk0x5cbgt8tz5p9q2y6r0000gn/T//ccCFlo5g.ltrans0.ltrans.o
 .text.vEventGroupSetBitsCallback
                0x0000000000001078        0x8 /var/folders/tp/tmlhpk0x5cbgt8tz5p9q2y6r0000gn/T//ccCFlo5g.ltrans0.ltrans.o
 .text.eTaskGetState
                0x0000000000001080       0x7c /var/folders/tp/tmlhpk0x5cbgt8tz5p9q2y6r0000gn/T//ccCFlo5g.ltrans0.ltrans.o
 .text.vTaskGetInfo
                0x00000000000010fc       0x78 /var/folders/tp/tmlhpk0x5cbgt8tz5p9q2y6r0000gn/T//ccCFlo5g.ltrans0.ltrans.o
 .text.prvListTasksWithinSingleList
                0x0000000000001174       0x60 /var/folders/tp/tmlhpk0x5cbgt8tz5p9q2y6r0000gn/T//ccCFlo5g.ltrans0.ltrans.o
 .text.uxTaskGetSystemState
                0x00000000000011d4       0xb0 /var/folders/tp/tmlhpk0x5cbgt8tz5p9q2y6r0000gn/T//ccCFlo5g.ltrans0.ltrans.o
 .text.prvAddNewTaskToReadyList
                0x0000000000001284       0xac /var/folders/tp/tmlhpk0x5cbgt8tz5p9q2y6r0000gn/T//ccCFlo5g.ltrans0.ltrans.o
 .text.prvIsQueueFull
                0x0000000000001330       0x1e /var/folders/tp/tmlhpk0x5cbgt8tz5p9q2y6r0000gn/T//ccCFlo5g.ltrans0.ltrans.o
 .text.prvIsQueueEmpty
                0x000000000000134e       0x1a /var/folders/tp/tmlhpk0x5cbgt8tz5p9q2y6r0000gn/T//ccCFlo5g.ltrans0.ltrans.o
 .text.prvUnlockQueue
                0x0000000000001368       0x6e /var/folders/tp/tmlhpk0x5cbgt8tz5p9q2y6r0000gn/T//ccCFlo5g.ltrans0.ltrans.o
 .text.vQueueWaitForMessageRestricted
                0x00000000000013d6       0x52 /var/folders/tp/tmlhpk0x5cbgt8tz5p9q2y6r0000gn/T//ccCFlo5g.ltrans0.ltrans.o
 .text.xQueueSemaphoreTake
                0x0000000000001428      0x148 /var/folders/tp/tmlhpk0x5cbgt8tz5p9q2y6r0000gn/T//ccCFlo5g.ltrans0.ltrans.o
 .text.xQueueGenericReset
                0x0000000000001570       0x70 /var/folders/tp/tmlhpk0x5cbgt8tz5p9q2y6r0000gn/T//ccCFlo5g.ltrans0.ltrans.o
 .text.prvInitialiseNewQueue
                0x00000000000015e0       0x22 /var/folders/tp/tmlhpk0x5cbgt8tz5p9q2y6r0000gn/T//ccCFlo5g.ltrans0.ltrans.o
 .text.xQueueGenericCreate
                0x0000000000001602       0x34 /var/folders/tp/tmlhpk0x5cbgt8tz5p9q2y6r0000gn/T//ccCFlo5g.ltrans0.ltrans.o
 *fill*         0x0000000000001636        0x2 
 .text.prvCheckForValidListAndQueue
                0x0000000000001638       0x58 /var/folders/tp/tmlhpk0x5cbgt8tz5p9q2y6r0000gn/T//ccCFlo5g.ltrans0.ltrans.o
 .text.xQueueCreateCountingSemaphore
                0x0000000000001690       0x16 /var/folders/tp/tmlhpk0x5cbgt8tz5p9q2y6r0000gn/T//ccCFlo5g.ltrans0.ltrans.o
 *fill*         0x00000000000016a6        0x2 
 .text.xEventGroupWaitBits
                0x00000000000016a8       0xb4 /var/folders/tp/tmlhpk0x5cbgt8tz5p9q2y6r0000gn/T//ccCFlo5g.ltrans0.ltrans.o
 .text.prvPortStartFirstTask
                0x000000000000175c       0x20 /var/folders/tp/tmlhpk0x5cbgt8tz5p9q2y6r0000gn/T//ccCFlo5g.ltrans0.ltrans.o
 *fill*         0x000000000000177c        0x4 
 .text.vPortSVCHandler
                0x0000000000001780       0x24 /var/folders/tp/tmlhpk0x5cbgt8tz5p9q2y6r0000gn/T//ccCFlo5g.ltrans0.ltrans.o
 .text.prvTaskExitError
                0x00000000000017a4       0x20 /var/folders/tp/tmlhpk0x5cbgt8tz5p9q2y6r0000gn/T//ccCFlo5g.ltrans0.ltrans.o
 .text.xPortStartScheduler
                0x00000000000017c4       0x38 /var/folders/tp/tmlhpk0x5cbgt8tz5p9q2y6r0000gn/T//ccCFlo5g.ltrans0.ltrans.o
 .text.pxPortInitialiseStack
                0x00000000000017fc       0x24 /var/folders/tp/tmlhpk0x5cbgt8tz5p9q2y6r0000gn/T//ccCFlo5g.ltrans0.ltrans.o
 .text.lwip_sockopt_to_ipopt
                0x0000000000001820       0x10 /var/folders/tp/tmlhpk0x5cbgt8tz5p9q2y6r0000gn/T//ccCFlo5g.ltrans0.ltrans.o
 .text.free_socket_locked
                0x0000000000001830       0x12 /var/folders/tp/tmlhpk0x5cbgt8tz5p9q2y6r0000gn/T//ccCFlo5g.ltrans0.ltrans.o
 *fill*         0x0000000000001842        0x2 
 .text.tryget_socket_unconn_nouse
                0x0000000000001844       0x14 /var/folders/tp/tmlhpk0x5cbgt8tz5p9q2y6r0000gn/T//ccCFlo5g.ltrans0.ltrans.o
 .text.tryget_socket_unconn
                0x0000000000001858        0x8 /var/folders/tp/tmlhpk0x5cbgt8tz5p9q2y6r0000gn/T//ccCFlo5g.ltrans0.ltrans.o
 .text.tryget_socket
                0x0000000000001860       0x1a /var/folders/tp/tmlhpk0x5cbgt8tz5p9q2y6r0000gn/T//ccCFlo5g.ltrans0.ltrans.o
 *fill*         0x000000000000187a        0x2 
 .text.get_socket
                0x000000000000187c       0x1c /var/folders/tp/tmlhpk0x5cbgt8tz5p9q2y6r0000gn/T//ccCFlo5g.ltrans0.ltrans.o
 .text.lwip_socket_unregister_membership
                0x0000000000001898       0x64 /var/folders/tp/tmlhpk0x5cbgt8tz5p9q2y6r0000gn/T//ccCFlo5g.ltrans0.ltrans.o
 .text.lwip_socket_register_membership
                0x00000000000018fc       0x48 /var/folders/tp/tmlhpk0x5cbgt8tz5p9q2y6r0000gn/T//ccCFlo5g.ltrans0.ltrans.o
 .text.err_to_errno
                0x0000000000001944       0x20 /var/folders/tp/tmlhpk0x5cbgt8tz5p9q2y6r0000gn/T//ccCFlo5g.ltrans0.ltrans.o
 .text.sys_arch_unprotect
                0x0000000000001964        0x8 /var/folders/tp/tmlhpk0x5cbgt8tz5p9q2y6r0000gn/T//ccCFlo5g.ltrans0.ltrans.o
 .text.sys_arch_protect
                0x000000000000196c        0xa /var/folders/tp/tmlhpk0x5cbgt8tz5p9q2y6r0000gn/T//ccCFlo5g.ltrans0.ltrans.o
 *fill*         0x0000000000001976        0x2 
 .text.alloc_socket
                0x0000000000001978       0x60 /var/folders/tp/tmlhpk0x5cbgt8tz5p9q2y6r0000gn/T//ccCFlo5g.ltrans0.ltrans.o
 .text.netconn_err
                0x00000000000019d8       0x1e /var/folders/tp/tmlhpk0x5cbgt8tz5p9q2y6r0000gn/T//ccCFlo5g.ltrans0.ltrans.o
 .text.lwip_netconn_do_write
                0x00000000000019f6       0x16 /var/folders/tp/tmlhpk0x5cbgt8tz5p9q2y6r0000gn/T//ccCFlo5g.ltrans0.ltrans.o
 .text.sys_now  0x0000000000001a0c        0x8 /var/folders/tp/tmlhpk0x5cbgt8tz5p9q2y6r0000gn/T//ccCFlo5g.ltrans0.ltrans.o
 .text.sys_sem_free
                0x0000000000001a14        0xa /var/folders/tp/tmlhpk0x5cbgt8tz5p9q2y6r0000gn/T//ccCFlo5g.ltrans0.ltrans.o
 .text.sys_mutex_lock
                0x0000000000001a1e       0x14 /var/folders/tp/tmlhpk0x5cbgt8tz5p9q2y6r0000gn/T//ccCFlo5g.ltrans0.ltrans.o
 .text.sys_arch_sem_wait
                0x0000000000001a32       0x42 /var/folders/tp/tmlhpk0x5cbgt8tz5p9q2y6r0000gn/T//ccCFlo5g.ltrans0.ltrans.o
 .text.sys_mbox_free
                0x0000000000001a74        0xa /var/folders/tp/tmlhpk0x5cbgt8tz5p9q2y6r0000gn/T//ccCFlo5g.ltrans0.ltrans.o
 .text.sys_mbox_new
                0x0000000000001a7e       0x1c /var/folders/tp/tmlhpk0x5cbgt8tz5p9q2y6r0000gn/T//ccCFlo5g.ltrans0.ltrans.o
 *fill*         0x0000000000001a9a        0x2 
 .text.smsc_update_phy_sts
                0x0000000000001a9c       0x88 /var/folders/tp/tmlhpk0x5cbgt8tz5p9q2y6r0000gn/T//ccCFlo5g.ltrans0.ltrans.o
 .text.msDelay  0x0000000000001b24       0x1c /var/folders/tp/tmlhpk0x5cbgt8tz5p9q2y6r0000gn/T//ccCFlo5g.ltrans0.ltrans.o
 .text.lpc_emac_set_speed
                0x0000000000001b40       0x18 /var/folders/tp/tmlhpk0x5cbgt8tz5p9q2y6r0000gn/T//ccCFlo5g.ltrans0.ltrans.o
 .text.lpc_emac_set_duplex
                0x0000000000001b58       0x3e /var/folders/tp/tmlhpk0x5cbgt8tz5p9q2y6r0000gn/T//ccCFlo5g.ltrans0.ltrans.o
 *fill*         0x0000000000001b96        0x2 
 .text.ENET_IRQHandler
                0x0000000000001b98       0x6c /var/folders/tp/tmlhpk0x5cbgt8tz5p9q2y6r0000gn/T//ccCFlo5g.ltrans0.ltrans.o
 .text.lpc_tx_ready
                0x0000000000001c04       0x2e /var/folders/tp/tmlhpk0x5cbgt8tz5p9q2y6r0000gn/T//ccCFlo5g.ltrans0.ltrans.o
 .text.readphy  0x0000000000001c32       0x40 /var/folders/tp/tmlhpk0x5cbgt8tz5p9q2y6r0000gn/T//ccCFlo5g.ltrans0.ltrans.o
 *fill*         0x0000000000001c72        0x2 
 .text.lpcPHYStsPoll
                0x0000000000001c74       0x7c /var/folders/tp/tmlhpk0x5cbgt8tz5p9q2y6r0000gn/T//ccCFlo5g.ltrans0.ltrans.o
 .text.writephy
                0x0000000000001cf0       0x3c /var/folders/tp/tmlhpk0x5cbgt8tz5p9q2y6r0000gn/T//ccCFlo5g.ltrans0.ltrans.o
 .text.lpc_phy_init
                0x0000000000001d2c       0x74 /var/folders/tp/tmlhpk0x5cbgt8tz5p9q2y6r0000gn/T//ccCFlo5g.ltrans0.ltrans.o
 .text.IsRxEmpty
                0x0000000000001da0       0x18 /var/folders/tp/tmlhpk0x5cbgt8tz5p9q2y6r0000gn/T//ccCFlo5g.ltrans0.ltrans.o
 .text.lpc_packet_addr_notsafe
                0x0000000000001db8       0x36 /var/folders/tp/tmlhpk0x5cbgt8tz5p9q2y6r0000gn/T//ccCFlo5g.ltrans0.ltrans.o
 .text.lpc_tx_setup
                0x0000000000001dee       0x48 /var/folders/tp/tmlhpk0x5cbgt8tz5p9q2y6r0000gn/T//ccCFlo5g.ltrans0.ltrans.o
 .text.lpc_rxqueue_pbuf
                0x0000000000001e36       0x64 /var/folders/tp/tmlhpk0x5cbgt8tz5p9q2y6r0000gn/T//ccCFlo5g.ltrans0.ltrans.o
 *fill*         0x0000000000001e9a        0x2 
 .text.udp_netif_ip_addr_changed
                0x0000000000001e9c       0x38 /var/folders/tp/tmlhpk0x5cbgt8tz5p9q2y6r0000gn/T//ccCFlo5g.ltrans0.ltrans.o
 .text.udp_recv
                0x0000000000001ed4        0x8 /var/folders/tp/tmlhpk0x5cbgt8tz5p9q2y6r0000gn/T//ccCFlo5g.ltrans0.ltrans.o
 .text.udp_disconnect
                0x0000000000001edc       0x14 /var/folders/tp/tmlhpk0x5cbgt8tz5p9q2y6r0000gn/T//ccCFlo5g.ltrans0.ltrans.o
 .text.lwip_netconn_do_disconnect
                0x0000000000001ef0       0x22 /var/folders/tp/tmlhpk0x5cbgt8tz5p9q2y6r0000gn/T//ccCFlo5g.ltrans0.ltrans.o
 .text.udp_bind_netif
                0x0000000000001f12       0x12 /var/folders/tp/tmlhpk0x5cbgt8tz5p9q2y6r0000gn/T//ccCFlo5g.ltrans0.ltrans.o
 .text.udp_input_local_match
                0x0000000000001f24       0x78 /var/folders/tp/tmlhpk0x5cbgt8tz5p9q2y6r0000gn/T//ccCFlo5g.ltrans0.ltrans.o
 .text.udp_new_port
                0x0000000000001f9c       0x4c /var/folders/tp/tmlhpk0x5cbgt8tz5p9q2y6r0000gn/T//ccCFlo5g.ltrans0.ltrans.o
 .text.udp_bind
                0x0000000000001fe8       0xb8 /var/folders/tp/tmlhpk0x5cbgt8tz5p9q2y6r0000gn/T//ccCFlo5g.ltrans0.ltrans.o
 .text.lwip_netconn_do_bind
                0x00000000000020a0       0x2c /var/folders/tp/tmlhpk0x5cbgt8tz5p9q2y6r0000gn/T//ccCFlo5g.ltrans0.ltrans.o
 .text.udp_connect
                0x00000000000020cc       0x60 /var/folders/tp/tmlhpk0x5cbgt8tz5p9q2y6r0000gn/T//ccCFlo5g.ltrans0.ltrans.o
 .text.lwip_netconn_do_connect
                0x000000000000212c       0x2c /var/folders/tp/tmlhpk0x5cbgt8tz5p9q2y6r0000gn/T//ccCFlo5g.ltrans0.ltrans.o
 .text.sys_timeouts_sleeptime
                0x0000000000002158       0x28 /var/folders/tp/tmlhpk0x5cbgt8tz5p9q2y6r0000gn/T//ccCFlo5g.ltrans0.ltrans.o
 .text.pbuf_cat
                0x0000000000002180       0x2c /var/folders/tp/tmlhpk0x5cbgt8tz5p9q2y6r0000gn/T//ccCFlo5g.ltrans0.ltrans.o
 .text.pbuf_ref
                0x00000000000021ac       0x18 /var/folders/tp/tmlhpk0x5cbgt8tz5p9q2y6r0000gn/T//ccCFlo5g.ltrans0.ltrans.o
 .text.pbuf_chain
                0x00000000000021c4       0x10 /var/folders/tp/tmlhpk0x5cbgt8tz5p9q2y6r0000gn/T//ccCFlo5g.ltrans0.ltrans.o
 .text.pbuf_clen
                0x00000000000021d4       0x12 /var/folders/tp/tmlhpk0x5cbgt8tz5p9q2y6r0000gn/T//ccCFlo5g.ltrans0.ltrans.o
 .text.pbuf_remove_header
                0x00000000000021e6       0x3c /var/folders/tp/tmlhpk0x5cbgt8tz5p9q2y6r0000gn/T//ccCFlo5g.ltrans0.ltrans.o
 .text.pbuf_add_header_impl
                0x0000000000002222       0x5c /var/folders/tp/tmlhpk0x5cbgt8tz5p9q2y6r0000gn/T//ccCFlo5g.ltrans0.ltrans.o
 .text.pbuf_header_impl
                0x000000000000227e       0x14 /var/folders/tp/tmlhpk0x5cbgt8tz5p9q2y6r0000gn/T//ccCFlo5g.ltrans0.ltrans.o
 .text.pbuf_header_force
                0x0000000000002292        0xa /var/folders/tp/tmlhpk0x5cbgt8tz5p9q2y6r0000gn/T//ccCFlo5g.ltrans0.ltrans.o
 .text.pbuf_add_header
                0x000000000000229c        0xa /var/folders/tp/tmlhpk0x5cbgt8tz5p9q2y6r0000gn/T//ccCFlo5g.ltrans0.ltrans.o
 .text.pbuf_init_alloced_pbuf
                0x00000000000022a6       0x22 /var/folders/tp/tmlhpk0x5cbgt8tz5p9q2y6r0000gn/T//ccCFlo5g.ltrans0.ltrans.o
 .text.netif_get_by_index
                0x00000000000022c8       0x24 /var/folders/tp/tmlhpk0x5cbgt8tz5p9q2y6r0000gn/T//ccCFlo5g.ltrans0.ltrans.o
 .text.netif_null_output_ip4
                0x00000000000022ec        0x6 /var/folders/tp/tmlhpk0x5cbgt8tz5p9q2y6r0000gn/T//ccCFlo5g.ltrans0.ltrans.o
 *fill*         0x00000000000022f2        0x2 
 .text.netif_set_default
                0x00000000000022f4        0xc /var/folders/tp/tmlhpk0x5cbgt8tz5p9q2y6r0000gn/T//ccCFlo5g.ltrans0.ltrans.o
 .text.netif_do_set_gw
                0x0000000000002300       0x18 /var/folders/tp/tmlhpk0x5cbgt8tz5p9q2y6r0000gn/T//ccCFlo5g.ltrans0.ltrans.o
 .text.netif_do_set_netmask
                0x0000000000002318       0x18 /var/folders/tp/tmlhpk0x5cbgt8tz5p9q2y6r0000gn/T//ccCFlo5g.ltrans0.ltrans.o
 .text.netif_do_ip_addr_changed
                0x0000000000002330        0x8 /var/folders/tp/tmlhpk0x5cbgt8tz5p9q2y6r0000gn/T//ccCFlo5g.ltrans0.ltrans.o
 .text.mem_trim
                0x0000000000002338        0x2 /var/folders/tp/tmlhpk0x5cbgt8tz5p9q2y6r0000gn/T//ccCFlo5g.ltrans0.ltrans.o
 .text.lwip_htonl
                0x000000000000233a       0x18 /var/folders/tp/tmlhpk0x5cbgt8tz5p9q2y6r0000gn/T//ccCFlo5g.ltrans0.ltrans.o
 .text.lwip_htons
                0x0000000000002352        0xa /var/folders/tp/tmlhpk0x5cbgt8tz5p9q2y6r0000gn/T//ccCFlo5g.ltrans0.ltrans.o
 .text.lwip_standard_chksum
                0x000000000000235c       0x3c /var/folders/tp/tmlhpk0x5cbgt8tz5p9q2y6r0000gn/T//ccCFlo5g.ltrans0.ltrans.o
 .text.inet_chksum_pbuf
                0x0000000000002398       0x48 /var/folders/tp/tmlhpk0x5cbgt8tz5p9q2y6r0000gn/T//ccCFlo5g.ltrans0.ltrans.o
 .text.inet_chksum
                0x00000000000023e0        0xc /var/folders/tp/tmlhpk0x5cbgt8tz5p9q2y6r0000gn/T//ccCFlo5g.ltrans0.ltrans.o
 .text.inet_cksum_pseudo_partial_base
                0x00000000000023ec       0x84 /var/folders/tp/tmlhpk0x5cbgt8tz5p9q2y6r0000gn/T//ccCFlo5g.ltrans0.ltrans.o
 .text.inet_chksum_pseudo_partial
                0x0000000000002470       0x30 /var/folders/tp/tmlhpk0x5cbgt8tz5p9q2y6r0000gn/T//ccCFlo5g.ltrans0.ltrans.o
 .text.ip_chksum_pseudo_partial
                0x00000000000024a0       0x14 /var/folders/tp/tmlhpk0x5cbgt8tz5p9q2y6r0000gn/T//ccCFlo5g.ltrans0.ltrans.o
 .text.inet_cksum_pseudo_base
                0x00000000000024b4       0x6c /var/folders/tp/tmlhpk0x5cbgt8tz5p9q2y6r0000gn/T//ccCFlo5g.ltrans0.ltrans.o
 .text.inet_chksum_pseudo
                0x0000000000002520       0x28 /var/folders/tp/tmlhpk0x5cbgt8tz5p9q2y6r0000gn/T//ccCFlo5g.ltrans0.ltrans.o
 .text.ip_chksum_pseudo
                0x0000000000002548       0x10 /var/folders/tp/tmlhpk0x5cbgt8tz5p9q2y6r0000gn/T//ccCFlo5g.ltrans0.ltrans.o
 .text.ip4_addr_isbroadcast_u32
                0x0000000000002558       0x40 /var/folders/tp/tmlhpk0x5cbgt8tz5p9q2y6r0000gn/T//ccCFlo5g.ltrans0.ltrans.o
 .text.ip4_input_accept
                0x0000000000002598       0x38 /var/folders/tp/tmlhpk0x5cbgt8tz5p9q2y6r0000gn/T//ccCFlo5g.ltrans0.ltrans.o
 .text.ip4_route
                0x00000000000025d0       0xa8 /var/folders/tp/tmlhpk0x5cbgt8tz5p9q2y6r0000gn/T//ccCFlo5g.ltrans0.ltrans.o
 .text.igmp_remove_group
                0x0000000000002678       0x1e /var/folders/tp/tmlhpk0x5cbgt8tz5p9q2y6r0000gn/T//ccCFlo5g.ltrans0.ltrans.o
 .text.igmp_lookfor_group
                0x0000000000002696       0x12 /var/folders/tp/tmlhpk0x5cbgt8tz5p9q2y6r0000gn/T//ccCFlo5g.ltrans0.ltrans.o
 .text.igmp_init
                0x00000000000026a8       0x1c /var/folders/tp/tmlhpk0x5cbgt8tz5p9q2y6r0000gn/T//ccCFlo5g.ltrans0.ltrans.o
 .text.SystemInit
                0x00000000000026c4      0x100 /var/folders/tp/tmlhpk0x5cbgt8tz5p9q2y6r0000gn/T//ccCFlo5g.ltrans0.ltrans.o
 .text.SystemCoreClockUpdate
                0x00000000000027c4      0x140 /var/folders/tp/tmlhpk0x5cbgt8tz5p9q2y6r0000gn/T//ccCFlo5g.ltrans0.ltrans.o
 .text.isSemihosting
                0x0000000000002904       0x20 /var/folders/tp/tmlhpk0x5cbgt8tz5p9q2y6r0000gn/T//ccCFlo5g.ltrans0.ltrans.o
 .text.__initialize_hardware
                0x0000000000002924        0x8 /var/folders/tp/tmlhpk0x5cbgt8tz5p9q2y6r0000gn/T//ccCFlo5g.ltrans0.ltrans.o
 .text.__initialize_hardware_early
                0x000000000000292c       0x18 /var/folders/tp/tmlhpk0x5cbgt8tz5p9q2y6r0000gn/T//ccCFlo5g.ltrans0.ltrans.o
 .text._trace_write_semihosting_debug
                0x0000000000002944       0x60 /var/folders/tp/tmlhpk0x5cbgt8tz5p9q2y6r0000gn/T//ccCFlo5g.ltrans0.ltrans.o
 .text.trace_write
                0x00000000000029a4        0x8 /var/folders/tp/tmlhpk0x5cbgt8tz5p9q2y6r0000gn/T//ccCFlo5g.ltrans0.ltrans.o
 .text.set_OpenDrainMode
                0x00000000000029ac       0x30 /var/folders/tp/tmlhpk0x5cbgt8tz5p9q2y6r0000gn/T//ccCFlo5g.ltrans0.ltrans.o
 .text.set_ResistorMode
                0x00000000000029dc       0x34 /var/folders/tp/tmlhpk0x5cbgt8tz5p9q2y6r0000gn/T//ccCFlo5g.ltrans0.ltrans.o
 .text.set_PinFunc
                0x0000000000002a10       0x34 /var/folders/tp/tmlhpk0x5cbgt8tz5p9q2y6r0000gn/T//ccCFlo5g.ltrans0.ltrans.o
 .text.PINSEL_ConfigPin
                0x0000000000002a44       0x24 /var/folders/tp/tmlhpk0x5cbgt8tz5p9q2y6r0000gn/T//ccCFlo5g.ltrans0.ltrans.o
 .text.GPDMA_ChannelCmd
                0x0000000000002a68       0x24 /var/folders/tp/tmlhpk0x5cbgt8tz5p9q2y6r0000gn/T//ccCFlo5g.ltrans0.ltrans.o
 .text.GPDMA_Setup
                0x0000000000002a8c      0x218 /var/folders/tp/tmlhpk0x5cbgt8tz5p9q2y6r0000gn/T//ccCFlo5g.ltrans0.ltrans.o
 .text.uart0_send_dma
                0x0000000000002ca4       0x54 /var/folders/tp/tmlhpk0x5cbgt8tz5p9q2y6r0000gn/T//ccCFlo5g.ltrans0.ltrans.o
 .text.uart0_recv_dma
                0x0000000000002cf8       0x54 /var/folders/tp/tmlhpk0x5cbgt8tz5p9q2y6r0000gn/T//ccCFlo5g.ltrans0.ltrans.o
 .text.CLKPWR_ConfigPPWR
                0x0000000000002d4c       0x34 /var/folders/tp/tmlhpk0x5cbgt8tz5p9q2y6r0000gn/T//ccCFlo5g.ltrans0.ltrans.o
 .text.GPDMA_Init
                0x0000000000002d80       0x40 /var/folders/tp/tmlhpk0x5cbgt8tz5p9q2y6r0000gn/T//ccCFlo5g.ltrans0.ltrans.o
 .text.CLKPWR_GetPCLKSEL
                0x0000000000002dc0       0x24 /var/folders/tp/tmlhpk0x5cbgt8tz5p9q2y6r0000gn/T//ccCFlo5g.ltrans0.ltrans.o
 .text.CLKPWR_GetPCLK
                0x0000000000002de4       0x28 /var/folders/tp/tmlhpk0x5cbgt8tz5p9q2y6r0000gn/T//ccCFlo5g.ltrans0.ltrans.o
 .text.uart_set_divisors
                0x0000000000002e0c      0x190 /var/folders/tp/tmlhpk0x5cbgt8tz5p9q2y6r0000gn/T//ccCFlo5g.ltrans0.ltrans.o
 .text.__initialize_args
                0x0000000000002f9c       0x10 /var/folders/tp/tmlhpk0x5cbgt8tz5p9q2y6r0000gn/T//ccCFlo5g.ltrans0.ltrans.o
 .text._exit    0x0000000000002fac        0x2 /var/folders/tp/tmlhpk0x5cbgt8tz5p9q2y6r0000gn/T//ccCFlo5g.ltrans0.ltrans.o
 *fill*         0x0000000000002fae        0x2 
 .text.vUartThread
                0x0000000000002fb0       0x74 /var/folders/tp/tmlhpk0x5cbgt8tz5p9q2y6r0000gn/T//ccCFlo5g.ltrans0.ltrans.o
 .text.prvCopyDataFromQueue
                0x0000000000003024       0x24 /var/folders/tp/tmlhpk0x5cbgt8tz5p9q2y6r0000gn/T//ccCFlo5g.ltrans0.ltrans.o
 .text.xQueueReceive
                0x0000000000003048      0x10c /var/folders/tp/tmlhpk0x5cbgt8tz5p9q2y6r0000gn/T//ccCFlo5g.ltrans0.ltrans.o
 .text.sys_arch_mbox_tryfetch
                0x0000000000003154       0x28 /var/folders/tp/tmlhpk0x5cbgt8tz5p9q2y6r0000gn/T//ccCFlo5g.ltrans0.ltrans.o
 .text.sys_arch_mbox_fetch
                0x000000000000317c       0x56 /var/folders/tp/tmlhpk0x5cbgt8tz5p9q2y6r0000gn/T//ccCFlo5g.ltrans0.ltrans.o
 .text.netconn_recv_data
                0x00000000000031d2       0xa8 /var/folders/tp/tmlhpk0x5cbgt8tz5p9q2y6r0000gn/T//ccCFlo5g.ltrans0.ltrans.o
 .text.netconn_recv_udp_raw_netbuf_flags
                0x000000000000327a       0x24 /var/folders/tp/tmlhpk0x5cbgt8tz5p9q2y6r0000gn/T//ccCFlo5g.ltrans0.ltrans.o
 .text.prvCopyDataToQueue
                0x000000000000329e       0x76 /var/folders/tp/tmlhpk0x5cbgt8tz5p9q2y6r0000gn/T//ccCFlo5g.ltrans0.ltrans.o
 .text.xQueueGenericSendFromISR
                0x0000000000003314       0x6e /var/folders/tp/tmlhpk0x5cbgt8tz5p9q2y6r0000gn/T//ccCFlo5g.ltrans0.ltrans.o
 *fill*         0x0000000000003382        0x2 
 .text.xTimerPendFunctionCallFromISR
                0x0000000000003384       0x28 /var/folders/tp/tmlhpk0x5cbgt8tz5p9q2y6r0000gn/T//ccCFlo5g.ltrans0.ltrans.o
 .text.xEventGroupSetBitsFromISR
                0x00000000000033ac       0x14 /var/folders/tp/tmlhpk0x5cbgt8tz5p9q2y6r0000gn/T//ccCFlo5g.ltrans0.ltrans.o
 .text.xQueueGenericSend
                0x00000000000033c0      0x118 /var/folders/tp/tmlhpk0x5cbgt8tz5p9q2y6r0000gn/T//ccCFlo5g.ltrans0.ltrans.o
 .text.xTimerGenericCommand
                0x00000000000034d8       0x58 /var/folders/tp/tmlhpk0x5cbgt8tz5p9q2y6r0000gn/T//ccCFlo5g.ltrans0.ltrans.o
 .text.prvSwitchTimerLists
                0x0000000000003530       0x64 /var/folders/tp/tmlhpk0x5cbgt8tz5p9q2y6r0000gn/T//ccCFlo5g.ltrans0.ltrans.o
 .text.prvSampleTimeNow
                0x0000000000003594       0x2c /var/folders/tp/tmlhpk0x5cbgt8tz5p9q2y6r0000gn/T//ccCFlo5g.ltrans0.ltrans.o
 .text.prvProcessReceivedCommands
                0x00000000000035c0       0xcc /var/folders/tp/tmlhpk0x5cbgt8tz5p9q2y6r0000gn/T//ccCFlo5g.ltrans0.ltrans.o
 .text.prvProcessExpiredTimer
                0x000000000000368c       0x4c /var/folders/tp/tmlhpk0x5cbgt8tz5p9q2y6r0000gn/T//ccCFlo5g.ltrans0.ltrans.o
 .text.prvProcessTimerOrBlockTask
                0x00000000000036d8       0x74 /var/folders/tp/tmlhpk0x5cbgt8tz5p9q2y6r0000gn/T//ccCFlo5g.ltrans0.ltrans.o
 .text.prvTimerTask
                0x000000000000374c       0x16 /var/folders/tp/tmlhpk0x5cbgt8tz5p9q2y6r0000gn/T//ccCFlo5g.ltrans0.ltrans.o
 .text.prvInitialiseMutex
                0x0000000000003762       0x18 /var/folders/tp/tmlhpk0x5cbgt8tz5p9q2y6r0000gn/T//ccCFlo5g.ltrans0.ltrans.o
 .text.xQueueCreateMutex
                0x000000000000377a       0x16 /var/folders/tp/tmlhpk0x5cbgt8tz5p9q2y6r0000gn/T//ccCFlo5g.ltrans0.ltrans.o
 .text.sys_mutex_new
                0x0000000000003790       0x18 /var/folders/tp/tmlhpk0x5cbgt8tz5p9q2y6r0000gn/T//ccCFlo5g.ltrans0.ltrans.o
 .text.sys_sem_signal
                0x00000000000037a8       0x10 /var/folders/tp/tmlhpk0x5cbgt8tz5p9q2y6r0000gn/T//ccCFlo5g.ltrans0.ltrans.o
 .text.event_callback
                0x00000000000037b8       0x9c /var/folders/tp/tmlhpk0x5cbgt8tz5p9q2y6r0000gn/T//ccCFlo5g.ltrans0.ltrans.o
 .text.sys_mutex_unlock
                0x0000000000003854       0x10 /var/folders/tp/tmlhpk0x5cbgt8tz5p9q2y6r0000gn/T//ccCFlo5g.ltrans0.ltrans.o
 .text.tcpip_send_msg_wait_sem
                0x0000000000003864       0x20 /var/folders/tp/tmlhpk0x5cbgt8tz5p9q2y6r0000gn/T//ccCFlo5g.ltrans0.ltrans.o
 .text.netconn_apimsg
                0x0000000000003884       0x18 /var/folders/tp/tmlhpk0x5cbgt8tz5p9q2y6r0000gn/T//ccCFlo5g.ltrans0.ltrans.o
 .text.netconn_join_leave_group
                0x000000000000389c       0x38 /var/folders/tp/tmlhpk0x5cbgt8tz5p9q2y6r0000gn/T//ccCFlo5g.ltrans0.ltrans.o
 .text.lwip_socket_drop_registered_memberships
                0x00000000000038d4       0x58 /var/folders/tp/tmlhpk0x5cbgt8tz5p9q2y6r0000gn/T//ccCFlo5g.ltrans0.ltrans.o
 .text.netconn_write_vectors_partly
                0x000000000000392c       0xb8 /var/folders/tp/tmlhpk0x5cbgt8tz5p9q2y6r0000gn/T//ccCFlo5g.ltrans0.ltrans.o
 .text.netconn_write_partly
                0x00000000000039e4       0x1a /var/folders/tp/tmlhpk0x5cbgt8tz5p9q2y6r0000gn/T//ccCFlo5g.ltrans0.ltrans.o
 *fill*         0x00000000000039fe        0x2 
 .text.netconn_send
                0x0000000000003a00       0x24 /var/folders/tp/tmlhpk0x5cbgt8tz5p9q2y6r0000gn/T//ccCFlo5g.ltrans0.ltrans.o
 .text.netconn_disconnect
                0x0000000000003a24       0x24 /var/folders/tp/tmlhpk0x5cbgt8tz5p9q2y6r0000gn/T//ccCFlo5g.ltrans0.ltrans.o
 .text.netconn_connect
                0x0000000000003a48       0x34 /var/folders/tp/tmlhpk0x5cbgt8tz5p9q2y6r0000gn/T//ccCFlo5g.ltrans0.ltrans.o
 .text.connect  0x0000000000003a7c       0x80 /var/folders/tp/tmlhpk0x5cbgt8tz5p9q2y6r0000gn/T//ccCFlo5g.ltrans0.ltrans.o
 .text.netconn_bind
                0x0000000000003afc       0x34 /var/folders/tp/tmlhpk0x5cbgt8tz5p9q2y6r0000gn/T//ccCFlo5g.ltrans0.ltrans.o
 .text.bind     0x0000000000003b30       0x7c /var/folders/tp/tmlhpk0x5cbgt8tz5p9q2y6r0000gn/T//ccCFlo5g.ltrans0.ltrans.o
 .text.netconn_prepare_delete
                0x0000000000003bac       0x20 /var/folders/tp/tmlhpk0x5cbgt8tz5p9q2y6r0000gn/T//ccCFlo5g.ltrans0.ltrans.o
 .text.sys_sem_new
                0x0000000000003bcc       0x38 /var/folders/tp/tmlhpk0x5cbgt8tz5p9q2y6r0000gn/T//ccCFlo5g.ltrans0.ltrans.o
 .text.sys_mbox_trypost
                0x0000000000003c04       0x26 /var/folders/tp/tmlhpk0x5cbgt8tz5p9q2y6r0000gn/T//ccCFlo5g.ltrans0.ltrans.o
 .text.sys_mbox_post
                0x0000000000003c2a       0x1e /var/folders/tp/tmlhpk0x5cbgt8tz5p9q2y6r0000gn/T//ccCFlo5g.ltrans0.ltrans.o
 .text.pbuf_copy_partial
                0x0000000000003c48       0x5e /var/folders/tp/tmlhpk0x5cbgt8tz5p9q2y6r0000gn/T//ccCFlo5g.ltrans0.ltrans.o
 .text.pbuf_copy
                0x0000000000003ca6       0xb0 /var/folders/tp/tmlhpk0x5cbgt8tz5p9q2y6r0000gn/T//ccCFlo5g.ltrans0.ltrans.o
 .text.ethernet_output
                0x0000000000003d56       0x4c /var/folders/tp/tmlhpk0x5cbgt8tz5p9q2y6r0000gn/T//ccCFlo5g.ltrans0.ltrans.o
 .text.set_dev_net
                0x0000000000003da2       0x1e /var/folders/tp/tmlhpk0x5cbgt8tz5p9q2y6r0000gn/T//ccCFlo5g.ltrans0.ltrans.o
 .text.prvInitialiseNewTask
                0x0000000000003dc0       0x90 /var/folders/tp/tmlhpk0x5cbgt8tz5p9q2y6r0000gn/T//ccCFlo5g.ltrans0.ltrans.o
 .text.xTaskCreate
                0x0000000000003e50       0x62 /var/folders/tp/tmlhpk0x5cbgt8tz5p9q2y6r0000gn/T//ccCFlo5g.ltrans0.ltrans.o
 *fill*         0x0000000000003eb2        0x2 
 .text.xTimerCreateTimerTask
                0x0000000000003eb4       0x3c /var/folders/tp/tmlhpk0x5cbgt8tz5p9q2y6r0000gn/T//ccCFlo5g.ltrans0.ltrans.o
 .text.vTaskStartScheduler
                0x0000000000003ef0       0x68 /var/folders/tp/tmlhpk0x5cbgt8tz5p9q2y6r0000gn/T//ccCFlo5g.ltrans0.ltrans.o
 .text.sys_thread_new
                0x0000000000003f58       0x2a /var/folders/tp/tmlhpk0x5cbgt8tz5p9q2y6r0000gn/T//ccCFlo5g.ltrans0.ltrans.o
 .text.lwip_sock_make_addr
                0x0000000000003f82       0x58 /var/folders/tp/tmlhpk0x5cbgt8tz5p9q2y6r0000gn/T//ccCFlo5g.ltrans0.ltrans.o
 *fill*         0x0000000000003fda        0x2 
 .text.ip4_output_if_opt_src
                0x0000000000003fdc      0x164 /var/folders/tp/tmlhpk0x5cbgt8tz5p9q2y6r0000gn/T//ccCFlo5g.ltrans0.ltrans.o
 .text.ip4_output_if_src
                0x0000000000004140       0x22 /var/folders/tp/tmlhpk0x5cbgt8tz5p9q2y6r0000gn/T//ccCFlo5g.ltrans0.ltrans.o
 .text.ip4_output_if_opt
                0x0000000000004162       0x34 /var/folders/tp/tmlhpk0x5cbgt8tz5p9q2y6r0000gn/T//ccCFlo5g.ltrans0.ltrans.o
 .text.ip4_output_if
                0x0000000000004196       0x22 /var/folders/tp/tmlhpk0x5cbgt8tz5p9q2y6r0000gn/T//ccCFlo5g.ltrans0.ltrans.o
 .text.igmp_ip_output_if
                0x00000000000041b8       0x2c /var/folders/tp/tmlhpk0x5cbgt8tz5p9q2y6r0000gn/T//ccCFlo5g.ltrans0.ltrans.o
 .text.prvWriteNameToBuffer
                0x00000000000041e4       0x22 /var/folders/tp/tmlhpk0x5cbgt8tz5p9q2y6r0000gn/T//ccCFlo5g.ltrans0.ltrans.o
 *fill*         0x0000000000004206        0x2 
 .text.vTaskList
                0x0000000000004208       0xb8 /var/folders/tp/tmlhpk0x5cbgt8tz5p9q2y6r0000gn/T//ccCFlo5g.ltrans0.ltrans.o
 .text.udp_init
                0x00000000000042c0       0x18 /var/folders/tp/tmlhpk0x5cbgt8tz5p9q2y6r0000gn/T//ccCFlo5g.ltrans0.ltrans.o
 .text.igmp_start_timer
                0x00000000000042d8       0x26 /var/folders/tp/tmlhpk0x5cbgt8tz5p9q2y6r0000gn/T//ccCFlo5g.ltrans0.ltrans.o
 .text.igmp_delaying_member
                0x00000000000042fe       0x24 /var/folders/tp/tmlhpk0x5cbgt8tz5p9q2y6r0000gn/T//ccCFlo5g.ltrans0.ltrans.o
 .text.igmp_report_groups
                0x0000000000004322       0x1a /var/folders/tp/tmlhpk0x5cbgt8tz5p9q2y6r0000gn/T//ccCFlo5g.ltrans0.ltrans.o
 .text.netif_find
                0x000000000000433c       0x44 /var/folders/tp/tmlhpk0x5cbgt8tz5p9q2y6r0000gn/T//ccCFlo5g.ltrans0.ltrans.o
 .text.mem_free
                0x0000000000004380        0x8 /var/folders/tp/tmlhpk0x5cbgt8tz5p9q2y6r0000gn/T//ccCFlo5g.ltrans0.ltrans.o
 .text.do_memp_free_pool
                0x0000000000004388       0x14 /var/folders/tp/tmlhpk0x5cbgt8tz5p9q2y6r0000gn/T//ccCFlo5g.ltrans0.ltrans.o
 .text.memp_free
                0x000000000000439c       0x1c /var/folders/tp/tmlhpk0x5cbgt8tz5p9q2y6r0000gn/T//ccCFlo5g.ltrans0.ltrans.o
 .text.netconn_free
                0x00000000000043b8       0x18 /var/folders/tp/tmlhpk0x5cbgt8tz5p9q2y6r0000gn/T//ccCFlo5g.ltrans0.ltrans.o
 .text.netconn_delete
                0x00000000000043d0       0x1c /var/folders/tp/tmlhpk0x5cbgt8tz5p9q2y6r0000gn/T//ccCFlo5g.ltrans0.ltrans.o
 .text.udp_remove
                0x00000000000043ec       0x38 /var/folders/tp/tmlhpk0x5cbgt8tz5p9q2y6r0000gn/T//ccCFlo5g.ltrans0.ltrans.o
 .text.sys_check_timeouts
                0x0000000000004424       0x40 /var/folders/tp/tmlhpk0x5cbgt8tz5p9q2y6r0000gn/T//ccCFlo5g.ltrans0.ltrans.o
 .text.tcpip_timeouts_mbox_fetch
                0x0000000000004464       0x60 /var/folders/tp/tmlhpk0x5cbgt8tz5p9q2y6r0000gn/T//ccCFlo5g.ltrans0.ltrans.o
 .text.pbuf_free
                0x00000000000044c4       0x58 /var/folders/tp/tmlhpk0x5cbgt8tz5p9q2y6r0000gn/T//ccCFlo5g.ltrans0.ltrans.o
 .text.tcpip_thread_handle_msg
                0x000000000000451c       0x46 /var/folders/tp/tmlhpk0x5cbgt8tz5p9q2y6r0000gn/T//ccCFlo5g.ltrans0.ltrans.o
 *fill*         0x0000000000004562        0x2 
 .text.tcpip_thread
                0x0000000000004564       0x3c /var/folders/tp/tmlhpk0x5cbgt8tz5p9q2y6r0000gn/T//ccCFlo5g.ltrans0.ltrans.o
 .text.netbuf_free
                0x00000000000045a0       0x1c /var/folders/tp/tmlhpk0x5cbgt8tz5p9q2y6r0000gn/T//ccCFlo5g.ltrans0.ltrans.o
 .text.netbuf_delete
                0x00000000000045bc       0x20 /var/folders/tp/tmlhpk0x5cbgt8tz5p9q2y6r0000gn/T//ccCFlo5g.ltrans0.ltrans.o
 .text.lwip_recvfrom_udp_raw
                0x00000000000045dc       0xde /var/folders/tp/tmlhpk0x5cbgt8tz5p9q2y6r0000gn/T//ccCFlo5g.ltrans0.ltrans.o
 *fill*         0x00000000000046ba        0x2 
 .text.recvfrom
                0x00000000000046bc       0x94 /var/folders/tp/tmlhpk0x5cbgt8tz5p9q2y6r0000gn/T//ccCFlo5g.ltrans0.ltrans.o
 .text.free_socket_free_elements
                0x0000000000004750       0x22 /var/folders/tp/tmlhpk0x5cbgt8tz5p9q2y6r0000gn/T//ccCFlo5g.ltrans0.ltrans.o
 .text.free_socket
                0x0000000000004772       0x34 /var/folders/tp/tmlhpk0x5cbgt8tz5p9q2y6r0000gn/T//ccCFlo5g.ltrans0.ltrans.o
 *fill*         0x00000000000047a6        0x2 
 .text.close    0x00000000000047a8       0x5c /var/folders/tp/tmlhpk0x5cbgt8tz5p9q2y6r0000gn/T//ccCFlo5g.ltrans0.ltrans.o
 .text.netconn_drain
                0x0000000000004804       0x32 /var/folders/tp/tmlhpk0x5cbgt8tz5p9q2y6r0000gn/T//ccCFlo5g.ltrans0.ltrans.o
 .text.lwip_netconn_do_delconn
                0x0000000000004836       0x6c /var/folders/tp/tmlhpk0x5cbgt8tz5p9q2y6r0000gn/T//ccCFlo5g.ltrans0.ltrans.o
 .text.lpc_tx_reclaim
                0x00000000000048a2       0x6c /var/folders/tp/tmlhpk0x5cbgt8tz5p9q2y6r0000gn/T//ccCFlo5g.ltrans0.ltrans.o
 *fill*         0x000000000000490e        0x2 
 .text.vTransmitCleanupTask
                0x0000000000004910       0x78 /var/folders/tp/tmlhpk0x5cbgt8tz5p9q2y6r0000gn/T//ccCFlo5g.ltrans0.ltrans.o
 .text.pbuf_realloc
                0x0000000000004988       0x54 /var/folders/tp/tmlhpk0x5cbgt8tz5p9q2y6r0000gn/T//ccCFlo5g.ltrans0.ltrans.o
 .text.igmp_input
                0x00000000000049dc       0xcc /var/folders/tp/tmlhpk0x5cbgt8tz5p9q2y6r0000gn/T//ccCFlo5g.ltrans0.ltrans.o
 .text.etharp_free_entry
                0x0000000000004aa8       0x34 /var/folders/tp/tmlhpk0x5cbgt8tz5p9q2y6r0000gn/T//ccCFlo5g.ltrans0.ltrans.o
 .text.etharp_find_entry
                0x0000000000004adc      0x148 /var/folders/tp/tmlhpk0x5cbgt8tz5p9q2y6r0000gn/T//ccCFlo5g.ltrans0.ltrans.o
 .text.etharp_update_arp_entry
                0x0000000000004c24       0xc0 /var/folders/tp/tmlhpk0x5cbgt8tz5p9q2y6r0000gn/T//ccCFlo5g.ltrans0.ltrans.o
 .text.mem_malloc
                0x0000000000004ce4       0x18 /var/folders/tp/tmlhpk0x5cbgt8tz5p9q2y6r0000gn/T//ccCFlo5g.ltrans0.ltrans.o
 .text.do_memp_malloc_pool
                0x0000000000004cfc       0x26 /var/folders/tp/tmlhpk0x5cbgt8tz5p9q2y6r0000gn/T//ccCFlo5g.ltrans0.ltrans.o
 *fill*         0x0000000000004d22        0x2 
 .text.memp_malloc
                0x0000000000004d24       0x1c /var/folders/tp/tmlhpk0x5cbgt8tz5p9q2y6r0000gn/T//ccCFlo5g.ltrans0.ltrans.o
 .text.tcpip_callback
                0x0000000000004d40       0x2c /var/folders/tp/tmlhpk0x5cbgt8tz5p9q2y6r0000gn/T//ccCFlo5g.ltrans0.ltrans.o
 .text.tcpip_inpkt
                0x0000000000004d6c       0x44 /var/folders/tp/tmlhpk0x5cbgt8tz5p9q2y6r0000gn/T//ccCFlo5g.ltrans0.ltrans.o
 .text.tcpip_input
                0x0000000000004db0       0x24 /var/folders/tp/tmlhpk0x5cbgt8tz5p9q2y6r0000gn/T//ccCFlo5g.ltrans0.ltrans.o
 .text.netconn_alloc
                0x0000000000004dd4       0x5e /var/folders/tp/tmlhpk0x5cbgt8tz5p9q2y6r0000gn/T//ccCFlo5g.ltrans0.ltrans.o
 *fill*         0x0000000000004e32        0x2 
 .text.netconn_new_with_proto_and_callback
                0x0000000000004e34       0x48 /var/folders/tp/tmlhpk0x5cbgt8tz5p9q2y6r0000gn/T//ccCFlo5g.ltrans0.ltrans.o
 .text.socket   0x0000000000004e7c       0x88 /var/folders/tp/tmlhpk0x5cbgt8tz5p9q2y6r0000gn/T//ccCFlo5g.ltrans0.ltrans.o
 .text.recv_udp
                0x0000000000004f04       0x68 /var/folders/tp/tmlhpk0x5cbgt8tz5p9q2y6r0000gn/T//ccCFlo5g.ltrans0.ltrans.o
 .text.udp_new  0x0000000000004f6c       0x1e /var/folders/tp/tmlhpk0x5cbgt8tz5p9q2y6r0000gn/T//ccCFlo5g.ltrans0.ltrans.o
 .text.udp_new_ip_type
                0x0000000000004f8a        0x8 /var/folders/tp/tmlhpk0x5cbgt8tz5p9q2y6r0000gn/T//ccCFlo5g.ltrans0.ltrans.o
 *fill*         0x0000000000004f92        0x2 
 .text.pcb_new  0x0000000000004f94       0x50 /var/folders/tp/tmlhpk0x5cbgt8tz5p9q2y6r0000gn/T//ccCFlo5g.ltrans0.ltrans.o
 .text.lwip_netconn_do_newconn
                0x0000000000004fe4       0x14 /var/folders/tp/tmlhpk0x5cbgt8tz5p9q2y6r0000gn/T//ccCFlo5g.ltrans0.ltrans.o
 .text.sys_timeout_abs
                0x0000000000004ff8       0x54 /var/folders/tp/tmlhpk0x5cbgt8tz5p9q2y6r0000gn/T//ccCFlo5g.ltrans0.ltrans.o
 .text.sys_timeout
                0x000000000000504c       0x18 /var/folders/tp/tmlhpk0x5cbgt8tz5p9q2y6r0000gn/T//ccCFlo5g.ltrans0.ltrans.o
 .text.sys_timeouts_init
                0x0000000000005064       0x28 /var/folders/tp/tmlhpk0x5cbgt8tz5p9q2y6r0000gn/T//ccCFlo5g.ltrans0.ltrans.o
 .text.lwip_init
                0x000000000000508c       0x10 /var/folders/tp/tmlhpk0x5cbgt8tz5p9q2y6r0000gn/T//ccCFlo5g.ltrans0.ltrans.o
 .text.tcpip_init
                0x000000000000509c       0x50 /var/folders/tp/tmlhpk0x5cbgt8tz5p9q2y6r0000gn/T//ccCFlo5g.ltrans0.ltrans.o
 .text.lwip_cyclic_timer
                0x00000000000050ec       0x3c /var/folders/tp/tmlhpk0x5cbgt8tz5p9q2y6r0000gn/T//ccCFlo5g.ltrans0.ltrans.o
 .text.pbuf_alloc_reference
                0x0000000000005128       0x2a /var/folders/tp/tmlhpk0x5cbgt8tz5p9q2y6r0000gn/T//ccCFlo5g.ltrans0.ltrans.o
 .text.pbuf_alloc
                0x0000000000005152      0x100 /var/folders/tp/tmlhpk0x5cbgt8tz5p9q2y6r0000gn/T//ccCFlo5g.ltrans0.ltrans.o
 .text.netbuf_ref
                0x0000000000005252       0x42 /var/folders/tp/tmlhpk0x5cbgt8tz5p9q2y6r0000gn/T//ccCFlo5g.ltrans0.ltrans.o
 .text.sendto   0x0000000000005294       0xf4 /var/folders/tp/tmlhpk0x5cbgt8tz5p9q2y6r0000gn/T//ccCFlo5g.ltrans0.ltrans.o
 .text.send     0x0000000000005388       0x80 /var/folders/tp/tmlhpk0x5cbgt8tz5p9q2y6r0000gn/T//ccCFlo5g.ltrans0.ltrans.o
 .text.lpc_low_level_output
                0x0000000000005408      0x122 /var/folders/tp/tmlhpk0x5cbgt8tz5p9q2y6r0000gn/T//ccCFlo5g.ltrans0.ltrans.o
 .text.lpc_rx_queue
                0x000000000000552a       0x2e /var/folders/tp/tmlhpk0x5cbgt8tz5p9q2y6r0000gn/T//ccCFlo5g.ltrans0.ltrans.o
 .text.lpc_rx_setup
                0x0000000000005558       0x38 /var/folders/tp/tmlhpk0x5cbgt8tz5p9q2y6r0000gn/T//ccCFlo5g.ltrans0.ltrans.o
 .text.low_level_init
                0x0000000000005590      0x180 /var/folders/tp/tmlhpk0x5cbgt8tz5p9q2y6r0000gn/T//ccCFlo5g.ltrans0.ltrans.o
 .text.lpc_enetif_init
                0x0000000000005710      0x130 /var/folders/tp/tmlhpk0x5cbgt8tz5p9q2y6r0000gn/T//ccCFlo5g.ltrans0.ltrans.o
 .text.lpc_low_level_input
                0x0000000000005840      0x154 /var/folders/tp/tmlhpk0x5cbgt8tz5p9q2y6r0000gn/T//ccCFlo5g.ltrans0.ltrans.o
 .text.lpc_enetif_input
                0x0000000000005994       0x3e /var/folders/tp/tmlhpk0x5cbgt8tz5p9q2y6r0000gn/T//ccCFlo5g.ltrans0.ltrans.o
 .text.vPacketReceiveTask
                0x00000000000059d2       0x20 /var/folders/tp/tmlhpk0x5cbgt8tz5p9q2y6r0000gn/T//ccCFlo5g.ltrans0.ltrans.o
 .text.udp_sendto_if_src_chksum
                0x00000000000059f2      0x19a /var/folders/tp/tmlhpk0x5cbgt8tz5p9q2y6r0000gn/T//ccCFlo5g.ltrans0.ltrans.o
 .text.udp_sendto_if_chksum
                0x0000000000005b8c       0x60 /var/folders/tp/tmlhpk0x5cbgt8tz5p9q2y6r0000gn/T//ccCFlo5g.ltrans0.ltrans.o
 .text.udp_sendto_chksum
                0x0000000000005bec       0x8c /var/folders/tp/tmlhpk0x5cbgt8tz5p9q2y6r0000gn/T//ccCFlo5g.ltrans0.ltrans.o
 .text.udp_send_chksum
                0x0000000000005c78       0x26 /var/folders/tp/tmlhpk0x5cbgt8tz5p9q2y6r0000gn/T//ccCFlo5g.ltrans0.ltrans.o
 .text.lwip_netconn_do_send
                0x0000000000005c9e       0x66 /var/folders/tp/tmlhpk0x5cbgt8tz5p9q2y6r0000gn/T//ccCFlo5g.ltrans0.ltrans.o
 .text.pbuf_clone
                0x0000000000005d04       0x1a /var/folders/tp/tmlhpk0x5cbgt8tz5p9q2y6r0000gn/T//ccCFlo5g.ltrans0.ltrans.o
 *fill*         0x0000000000005d1e        0x2 
 .text.igmp_send
                0x0000000000005d20       0x94 /var/folders/tp/tmlhpk0x5cbgt8tz5p9q2y6r0000gn/T//ccCFlo5g.ltrans0.ltrans.o
 .text.igmp_timeout
                0x0000000000005db4       0x24 /var/folders/tp/tmlhpk0x5cbgt8tz5p9q2y6r0000gn/T//ccCFlo5g.ltrans0.ltrans.o
 .text.igmp_tmr
                0x0000000000005dd8       0x34 /var/folders/tp/tmlhpk0x5cbgt8tz5p9q2y6r0000gn/T//ccCFlo5g.ltrans0.ltrans.o
 .text.igmp_leavegroup_netif
                0x0000000000005e0c       0x84 /var/folders/tp/tmlhpk0x5cbgt8tz5p9q2y6r0000gn/T//ccCFlo5g.ltrans0.ltrans.o
 .text.igmp_leavegroup
                0x0000000000005e90       0x64 /var/folders/tp/tmlhpk0x5cbgt8tz5p9q2y6r0000gn/T//ccCFlo5g.ltrans0.ltrans.o
 .text.icmp_send_response
                0x0000000000005ef4       0x80 /var/folders/tp/tmlhpk0x5cbgt8tz5p9q2y6r0000gn/T//ccCFlo5g.ltrans0.ltrans.o
 .text.icmp_dest_unreach
                0x0000000000005f74        0xc /var/folders/tp/tmlhpk0x5cbgt8tz5p9q2y6r0000gn/T//ccCFlo5g.ltrans0.ltrans.o
 .text.udp_input
                0x0000000000005f80      0x17c /var/folders/tp/tmlhpk0x5cbgt8tz5p9q2y6r0000gn/T//ccCFlo5g.ltrans0.ltrans.o
 .text.icmp_input
                0x00000000000060fc      0x158 /var/folders/tp/tmlhpk0x5cbgt8tz5p9q2y6r0000gn/T//ccCFlo5g.ltrans0.ltrans.o
 .text.ip4_input
                0x0000000000006254      0x1d8 /var/folders/tp/tmlhpk0x5cbgt8tz5p9q2y6r0000gn/T//ccCFlo5g.ltrans0.ltrans.o
 .text.etharp_raw
                0x000000000000642c       0x96 /var/folders/tp/tmlhpk0x5cbgt8tz5p9q2y6r0000gn/T//ccCFlo5g.ltrans0.ltrans.o
 *fill*         0x00000000000064c2        0x2 
 .text.etharp_request_dst
                0x00000000000064c4       0x28 /var/folders/tp/tmlhpk0x5cbgt8tz5p9q2y6r0000gn/T//ccCFlo5g.ltrans0.ltrans.o
 .text.etharp_request
                0x00000000000064ec       0x10 /var/folders/tp/tmlhpk0x5cbgt8tz5p9q2y6r0000gn/T//ccCFlo5g.ltrans0.ltrans.o
 .text.netif_issue_reports
                0x00000000000064fc       0x40 /var/folders/tp/tmlhpk0x5cbgt8tz5p9q2y6r0000gn/T//ccCFlo5g.ltrans0.ltrans.o
 .text.netif_set_link_up
                0x000000000000653c       0x22 /var/folders/tp/tmlhpk0x5cbgt8tz5p9q2y6r0000gn/T//ccCFlo5g.ltrans0.ltrans.o
 .text.netif_set_up
                0x000000000000655e       0x22 /var/folders/tp/tmlhpk0x5cbgt8tz5p9q2y6r0000gn/T//ccCFlo5g.ltrans0.ltrans.o
 .text.netif_do_set_ipaddr
                0x0000000000006580       0x3c /var/folders/tp/tmlhpk0x5cbgt8tz5p9q2y6r0000gn/T//ccCFlo5g.ltrans0.ltrans.o
 .text.netif_set_addr
                0x00000000000065bc       0x6c /var/folders/tp/tmlhpk0x5cbgt8tz5p9q2y6r0000gn/T//ccCFlo5g.ltrans0.ltrans.o
 .text.etharp_query
                0x0000000000006628      0x11c /var/folders/tp/tmlhpk0x5cbgt8tz5p9q2y6r0000gn/T//ccCFlo5g.ltrans0.ltrans.o
 .text.etharp_tmr
                0x0000000000006744       0x88 /var/folders/tp/tmlhpk0x5cbgt8tz5p9q2y6r0000gn/T//ccCFlo5g.ltrans0.ltrans.o
 .text.etharp_output_to_arp_index
                0x00000000000067cc       0xa8 /var/folders/tp/tmlhpk0x5cbgt8tz5p9q2y6r0000gn/T//ccCFlo5g.ltrans0.ltrans.o
 .text.etharp_output
                0x0000000000006874      0x124 /var/folders/tp/tmlhpk0x5cbgt8tz5p9q2y6r0000gn/T//ccCFlo5g.ltrans0.ltrans.o
 .text.lpc_etharp_output
                0x0000000000006998       0x18 /var/folders/tp/tmlhpk0x5cbgt8tz5p9q2y6r0000gn/T//ccCFlo5g.ltrans0.ltrans.o
 .text.etharp_input
                0x00000000000069b0       0xb0 /var/folders/tp/tmlhpk0x5cbgt8tz5p9q2y6r0000gn/T//ccCFlo5g.ltrans0.ltrans.o
 .text.ethernet_input
                0x0000000000006a60       0xa8 /var/folders/tp/tmlhpk0x5cbgt8tz5p9q2y6r0000gn/T//ccCFlo5g.ltrans0.ltrans.o
 .text.igmp_lookup_group
                0x0000000000006b08       0x44 /var/folders/tp/tmlhpk0x5cbgt8tz5p9q2y6r0000gn/T//ccCFlo5g.ltrans0.ltrans.o
 .text.igmp_joingroup_netif
                0x0000000000006b4c       0x7c /var/folders/tp/tmlhpk0x5cbgt8tz5p9q2y6r0000gn/T//ccCFlo5g.ltrans0.ltrans.o
 .text.igmp_joingroup
                0x0000000000006bc8       0x68 /var/folders/tp/tmlhpk0x5cbgt8tz5p9q2y6r0000gn/T//ccCFlo5g.ltrans0.ltrans.o
 .text.lwip_setsockopt_impl
                0x0000000000006c30      0x2dc /var/folders/tp/tmlhpk0x5cbgt8tz5p9q2y6r0000gn/T//ccCFlo5g.ltrans0.ltrans.o
 .text.setsockopt
                0x0000000000006f0c       0x68 /var/folders/tp/tmlhpk0x5cbgt8tz5p9q2y6r0000gn/T//ccCFlo5g.ltrans0.ltrans.o
 .text.lwip_netconn_do_join_leave_group
                0x0000000000006f74       0x36 /var/folders/tp/tmlhpk0x5cbgt8tz5p9q2y6r0000gn/T//ccCFlo5g.ltrans0.ltrans.o
 *fill*         0x0000000000006faa        0x2 
 .text.igmp_start
                0x0000000000006fac       0x34 /var/folders/tp/tmlhpk0x5cbgt8tz5p9q2y6r0000gn/T//ccCFlo5g.ltrans0.ltrans.o
 .text.netif_add
                0x0000000000006fe0       0xf4 /var/folders/tp/tmlhpk0x5cbgt8tz5p9q2y6r0000gn/T//ccCFlo5g.ltrans0.ltrans.o
 .text.ip4addr_aton
                0x00000000000070d4      0x178 /var/folders/tp/tmlhpk0x5cbgt8tz5p9q2y6r0000gn/T//ccCFlo5g.ltrans0.ltrans.o
 .text.inet_pton
                0x000000000000724c       0x24 /var/folders/tp/tmlhpk0x5cbgt8tz5p9q2y6r0000gn/T//ccCFlo5g.ltrans0.ltrans.o
 .text.vEthernetDaemon
                0x0000000000007270       0xec /var/folders/tp/tmlhpk0x5cbgt8tz5p9q2y6r0000gn/T//ccCFlo5g.ltrans0.ltrans.o
 .text.ipaddr_addr
                0x000000000000735c       0x1a /var/folders/tp/tmlhpk0x5cbgt8tz5p9q2y6r0000gn/T//ccCFlo5g.ltrans0.ltrans.o
 *fill*         0x0000000000007376        0x2 
 .text.trace_printf
                0x0000000000007378       0x34 /var/folders/tp/tmlhpk0x5cbgt8tz5p9q2y6r0000gn/T//ccCFlo5g.ltrans0.ltrans.o
 .text.vTaskInfo
                0x00000000000073ac       0x50 /var/folders/tp/tmlhpk0x5cbgt8tz5p9q2y6r0000gn/T//ccCFlo5g.ltrans0.ltrans.o
 .text.vUDPClient
                0x00000000000073fc       0x80 /var/folders/tp/tmlhpk0x5cbgt8tz5p9q2y6r0000gn/T//ccCFlo5g.ltrans0.ltrans.o
 .text.get_dev_info
                0x000000000000747c       0xc0 /var/folders/tp/tmlhpk0x5cbgt8tz5p9q2y6r0000gn/T//ccCFlo5g.ltrans0.ltrans.o
 .text.vDeviceInfo
                0x000000000000753c      0x1d4 /var/folders/tp/tmlhpk0x5cbgt8tz5p9q2y6r0000gn/T//ccCFlo5g.ltrans0.ltrans.o
 .text.dumpExceptionStack
                0x0000000000007710       0xf4 /var/folders/tp/tmlhpk0x5cbgt8tz5p9q2y6r0000gn/T//ccCFlo5g.ltrans0.ltrans.o
 .text.check_failed
                0x0000000000007804       0x18 /var/folders/tp/tmlhpk0x5cbgt8tz5p9q2y6r0000gn/T//ccCFlo5g.ltrans0.ltrans.o
 .text.UART_TxCmd
                0x000000000000781c       0x88 /var/folders/tp/tmlhpk0x5cbgt8tz5p9q2y6r0000gn/T//ccCFlo5g.ltrans0.ltrans.o
 .text.UART_FIFOConfig
                0x00000000000078a4       0xc4 /var/folders/tp/tmlhpk0x5cbgt8tz5p9q2y6r0000gn/T//ccCFlo5g.ltrans0.ltrans.o
 .text.UART_Init
                0x0000000000007968      0x1a8 /var/folders/tp/tmlhpk0x5cbgt8tz5p9q2y6r0000gn/T//ccCFlo5g.ltrans0.ltrans.o
 .text.vUartInit
                0x0000000000007b10       0x90 /var/folders/tp/tmlhpk0x5cbgt8tz5p9q2y6r0000gn/T//ccCFlo5g.ltrans0.ltrans.o
 .text.prvSetupHardware
                0x0000000000007ba0        0xc /var/folders/tp/tmlhpk0x5cbgt8tz5p9q2y6r0000gn/T//ccCFlo5g.ltrans0.ltrans.o
 .text.main     0x0000000000007bac       0x70 /var/folders/tp/tmlhpk0x5cbgt8tz5p9q2y6r0000gn/T//ccCFlo5g.ltrans0.ltrans.o
 .text.GPDMA_ClearIntPending
                0x0000000000007c1c       0x44 /var/folders/tp/tmlhpk0x5cbgt8tz5p9q2y6r0000gn/T//ccCFlo5g.ltrans0.ltrans.o
 .text.GPDMA_IntGetStatus
                0x0000000000007c60       0xd0 /var/folders/tp/tmlhpk0x5cbgt8tz5p9q2y6r0000gn/T//ccCFlo5g.ltrans0.ltrans.o
 .text.DMA_IRQHandler
                0x0000000000007d30       0xb4 /var/folders/tp/tmlhpk0x5cbgt8tz5p9q2y6r0000gn/T//ccCFlo5g.ltrans0.ltrans.o
 .text._sbrk    0x0000000000007de4       0x44 /var/folders/tp/tmlhpk0x5cbgt8tz5p9q2y6r0000gn/T//ccCFlo5g.ltrans0.ltrans.o
                0x0000000000007de4                _sbrk
 .text.atoi     0x0000000000007e28        0x8 /Users/jun/workspace/eclipse/gcc-arm-none-eabi-7-2018-q2-update/bin/../lib/gcc/arm-none-eabi/7.3.1/../../../../arm-none-eabi/lib/thumb/v7-m/libg_nano.a(lib_a-atoi.o)
                0x0000000000007e28                atoi
 .text.__errno  0x0000000000007e30        0xc /Users/jun/workspace/eclipse/gcc-arm-none-eabi-7-2018-q2-update/bin/../lib/gcc/arm-none-eabi/7.3.1/../../../../arm-none-eabi/lib/thumb/v7-m/libg_nano.a(lib_a-errno.o)
                0x0000000000007e30                __errno
 .text.__locale_ctype_ptr_l
                0x0000000000007e3c        0x6 /Users/jun/workspace/eclipse/gcc-arm-none-eabi-7-2018-q2-update/bin/../lib/gcc/arm-none-eabi/7.3.1/../../../../arm-none-eabi/lib/thumb/v7-m/libg_nano.a(lib_a-locale.o)
                0x0000000000007e3c                __locale_ctype_ptr_l
 *fill*         0x0000000000007e42        0x2 
 .text.__locale_ctype_ptr
                0x0000000000007e44       0x1c /Users/jun/workspace/eclipse/gcc-arm-none-eabi-7-2018-q2-update/bin/../lib/gcc/arm-none-eabi/7.3.1/../../../../arm-none-eabi/lib/thumb/v7-m/libg_nano.a(lib_a-locale.o)
                0x0000000000007e44                __locale_ctype_ptr
 .text.malloc   0x0000000000007e60       0x10 /Users/jun/workspace/eclipse/gcc-arm-none-eabi-7-2018-q2-update/bin/../lib/gcc/arm-none-eabi/7.3.1/../../../../arm-none-eabi/lib/thumb/v7-m/libg_nano.a(lib_a-malloc.o)
                0x0000000000007e60                malloc
 .text.free     0x0000000000007e70       0x10 /Users/jun/workspace/eclipse/gcc-arm-none-eabi-7-2018-q2-update/bin/../lib/gcc/arm-none-eabi/7.3.1/../../../../arm-none-eabi/lib/thumb/v7-m/libg_nano.a(lib_a-malloc.o)
                0x0000000000007e70                free
 .text.__ascii_mbtowc
                0x0000000000007e80       0x24 /Users/jun/workspace/eclipse/gcc-arm-none-eabi-7-2018-q2-update/bin/../lib/gcc/arm-none-eabi/7.3.1/../../../../arm-none-eabi/lib/thumb/v7-m/libg_nano.a(lib_a-mbtowc_r.o)
                0x0000000000007e80                __ascii_mbtowc
 .text.memcmp   0x0000000000007ea4       0x1e /Users/jun/workspace/eclipse/gcc-arm-none-eabi-7-2018-q2-update/bin/../lib/gcc/arm-none-eabi/7.3.1/../../../../arm-none-eabi/lib/thumb/v7-m/libg_nano.a(lib_a-memcmp.o)
                0x0000000000007ea4                memcmp
 .text.memcpy   0x0000000000007ec2       0x16 /Users/jun/workspace/eclipse/gcc-arm-none-eabi-7-2018-q2-update/bin/../lib/gcc/arm-none-eabi/7.3.1/../../../../arm-none-eabi/lib/thumb/v7-m/libg_nano.a(lib_a-memcpy-stub.o)
                0x0000000000007ec2                memcpy
 .text.memmove  0x0000000000007ed8       0x32 /Users/jun/workspace/eclipse/gcc-arm-none-eabi-7-2018-q2-update/bin/../lib/gcc/arm-none-eabi/7.3.1/../../../../arm-none-eabi/lib/thumb/v7-m/libg_nano.a(lib_a-memmove.o)
                0x0000000000007ed8                memmove
 .text.memset   0x0000000000007f0a       0x10 /Users/jun/workspace/eclipse/gcc-arm-none-eabi-7-2018-q2-update/bin/../lib/gcc/arm-none-eabi/7.3.1/../../../../arm-none-eabi/lib/thumb/v7-m/libg_nano.a(lib_a-memset.o)
                0x0000000000007f0a                memset
 *fill*         0x0000000000007f1a        0x2 
 .text._free_r  0x0000000000007f1c       0x98 /Users/jun/workspace/eclipse/gcc-arm-none-eabi-7-2018-q2-update/bin/../lib/gcc/arm-none-eabi/7.3.1/../../../../arm-none-eabi/lib/thumb/v7-m/libg_nano.a(lib_a-nano-freer.o)
                0x0000000000007f1c                _free_r
 .text._malloc_r
                0x0000000000007fb4       0xb4 /Users/jun/workspace/eclipse/gcc-arm-none-eabi-7-2018-q2-update/bin/../lib/gcc/arm-none-eabi/7.3.1/../../../../arm-none-eabi/lib/thumb/v7-m/libg_nano.a(lib_a-nano-mallocr.o)
                0x0000000000007fb4                _malloc_r
 .text.printf   0x0000000000008068       0x30 /Users/jun/workspace/eclipse/gcc-arm-none-eabi-7-2018-q2-update/bin/../lib/gcc/arm-none-eabi/7.3.1/../../../../arm-none-eabi/lib/thumb/v7-m/libg_nano.a(lib_a-printf.o)
                0x0000000000008068                printf
                0x0000000000008068                iprintf
 .text.rand     0x0000000000008098       0x68 /Users/jun/workspace/eclipse/gcc-arm-none-eabi-7-2018-q2-update/bin/../lib/gcc/arm-none-eabi/7.3.1/../../../../arm-none-eabi/lib/thumb/v7-m/libg_nano.a(lib_a-rand.o)
                0x0000000000008098                rand
 .text._sbrk_r  0x0000000000008100       0x20 /Users/jun/workspace/eclipse/gcc-arm-none-eabi-7-2018-q2-update/bin/../lib/gcc/arm-none-eabi/7.3.1/../../../../arm-none-eabi/lib/thumb/v7-m/libg_nano.a(lib_a-sbrkr.o)
                0x0000000000008100                _sbrk_r
 .text.sprintf  0x0000000000008120       0x40 /Users/jun/workspace/eclipse/gcc-arm-none-eabi-7-2018-q2-update/bin/../lib/gcc/arm-none-eabi/7.3.1/../../../../arm-none-eabi/lib/thumb/v7-m/libg_nano.a(lib_a-sprintf.o)
                0x0000000000008120                sprintf
                0x0000000000008120                siprintf
 .text.sscanf   0x0000000000008160       0x54 /Users/jun/workspace/eclipse/gcc-arm-none-eabi-7-2018-q2-update/bin/../lib/gcc/arm-none-eabi/7.3.1/../../../../arm-none-eabi/lib/thumb/v7-m/libg_nano.a(lib_a-sscanf.o)
                0x0000000000008160                sscanf
                0x0000000000008160                siscanf
 .text.__sread  0x00000000000081b4       0x22 /Users/jun/workspace/eclipse/gcc-arm-none-eabi-7-2018-q2-update/bin/../lib/gcc/arm-none-eabi/7.3.1/../../../../arm-none-eabi/lib/thumb/v7-m/libg_nano.a(lib_a-stdio.o)
                0x00000000000081b4                __sread
 .text.__seofread
                0x00000000000081d6        0x4 /Users/jun/workspace/eclipse/gcc-arm-none-eabi-7-2018-q2-update/bin/../lib/gcc/arm-none-eabi/7.3.1/../../../../arm-none-eabi/lib/thumb/v7-m/libg_nano.a(lib_a-stdio.o)
                0x00000000000081d6                __seofread
 .text.__swrite
                0x00000000000081da       0x38 /Users/jun/workspace/eclipse/gcc-arm-none-eabi-7-2018-q2-update/bin/../lib/gcc/arm-none-eabi/7.3.1/../../../../arm-none-eabi/lib/thumb/v7-m/libg_nano.a(lib_a-stdio.o)
                0x00000000000081da                __swrite
 .text.__sseek  0x0000000000008212       0x24 /Users/jun/workspace/eclipse/gcc-arm-none-eabi-7-2018-q2-update/bin/../lib/gcc/arm-none-eabi/7.3.1/../../../../arm-none-eabi/lib/thumb/v7-m/libg_nano.a(lib_a-stdio.o)
                0x0000000000008212                __sseek
 .text.__sclose
                0x0000000000008236        0x8 /Users/jun/workspace/eclipse/gcc-arm-none-eabi-7-2018-q2-update/bin/../lib/gcc/arm-none-eabi/7.3.1/../../../../arm-none-eabi/lib/thumb/v7-m/libg_nano.a(lib_a-stdio.o)
                0x0000000000008236                __sclose
 .text          0x000000000000823e       0x14 /Users/jun/workspace/eclipse/gcc-arm-none-eabi-7-2018-q2-update/bin/../lib/gcc/arm-none-eabi/7.3.1/../../../../arm-none-eabi/lib/thumb/v7-m/libg_nano.a(lib_a-strcmp.o)
                0x000000000000823e                strcmp
 .text.strcpy   0x0000000000008252       0x10 /Users/jun/workspace/eclipse/gcc-arm-none-eabi-7-2018-q2-update/bin/../lib/gcc/arm-none-eabi/7.3.1/../../../../arm-none-eabi/lib/thumb/v7-m/libg_nano.a(lib_a-strcpy.o)
                0x0000000000008252                strcpy
 .text          0x0000000000008262       0x10 /Users/jun/workspace/eclipse/gcc-arm-none-eabi-7-2018-q2-update/bin/../lib/gcc/arm-none-eabi/7.3.1/../../../../arm-none-eabi/lib/thumb/v7-m/libg_nano.a(lib_a-strlen.o)
                0x0000000000008262                strlen
 .text._strtol_l.isra.0
                0x0000000000008272       0xf6 /Users/jun/workspace/eclipse/gcc-arm-none-eabi-7-2018-q2-update/bin/../lib/gcc/arm-none-eabi/7.3.1/../../../../arm-none-eabi/lib/thumb/v7-m/libg_nano.a(lib_a-strtol.o)
 .text._strtol_r
                0x0000000000008368       0x24 /Users/jun/workspace/eclipse/gcc-arm-none-eabi-7-2018-q2-update/bin/../lib/gcc/arm-none-eabi/7.3.1/../../../../arm-none-eabi/lib/thumb/v7-m/libg_nano.a(lib_a-strtol.o)
                0x0000000000008368                _strtol_r
 .text.strtol   0x000000000000838c       0x2c /Users/jun/workspace/eclipse/gcc-arm-none-eabi-7-2018-q2-update/bin/../lib/gcc/arm-none-eabi/7.3.1/../../../../arm-none-eabi/lib/thumb/v7-m/libg_nano.a(lib_a-strtol.o)
                0x000000000000838c                strtol
 .text._vsnprintf_r
                0x00000000000083b8       0x58 /Users/jun/workspace/eclipse/gcc-arm-none-eabi-7-2018-q2-update/bin/../lib/gcc/arm-none-eabi/7.3.1/../../../../arm-none-eabi/lib/thumb/v7-m/libg_nano.a(lib_a-vsnprintf.o)
                0x00000000000083b8                _vsnprintf_r
                0x00000000000083b8                _vsniprintf_r
 .text.vsnprintf
                0x0000000000008410       0x1c /Users/jun/workspace/eclipse/gcc-arm-none-eabi-7-2018-q2-update/bin/../lib/gcc/arm-none-eabi/7.3.1/../../../../arm-none-eabi/lib/thumb/v7-m/libg_nano.a(lib_a-vsnprintf.o)
                0x0000000000008410                vsnprintf
                0x0000000000008410                vsniprintf
 .text.__ascii_wctomb
                0x000000000000842c       0x1a /Users/jun/workspace/eclipse/gcc-arm-none-eabi-7-2018-q2-update/bin/../lib/gcc/arm-none-eabi/7.3.1/../../../../arm-none-eabi/lib/thumb/v7-m/libg_nano.a(lib_a-wctomb_r.o)
                0x000000000000842c                __ascii_wctomb
 *fill*         0x0000000000008446        0x2 
 .text._write_r
                0x0000000000008448       0x24 /Users/jun/workspace/eclipse/gcc-arm-none-eabi-7-2018-q2-update/bin/../lib/gcc/arm-none-eabi/7.3.1/../../../../arm-none-eabi/lib/thumb/v7-m/libg_nano.a(lib_a-writer.o)
                0x0000000000008448                _write_r
 .text._close_r
                0x000000000000846c       0x20 /Users/jun/workspace/eclipse/gcc-arm-none-eabi-7-2018-q2-update/bin/../lib/gcc/arm-none-eabi/7.3.1/../../../../arm-none-eabi/lib/thumb/v7-m/libg_nano.a(lib_a-closer.o)
                0x000000000000846c                _close_r
 .text.std      0x000000000000848c       0x48 /Users/jun/workspace/eclipse/gcc-arm-none-eabi-7-2018-q2-update/bin/../lib/gcc/arm-none-eabi/7.3.1/../../../../arm-none-eabi/lib/thumb/v7-m/libg_nano.a(lib_a-findfp.o)
 .text._cleanup_r
                0x00000000000084d4        0xc /Users/jun/workspace/eclipse/gcc-arm-none-eabi-7-2018-q2-update/bin/../lib/gcc/arm-none-eabi/7.3.1/../../../../arm-none-eabi/lib/thumb/v7-m/libg_nano.a(lib_a-findfp.o)
                0x00000000000084d4                _cleanup_r
 .text.__sfmoreglue
                0x00000000000084e0       0x2c /Users/jun/workspace/eclipse/gcc-arm-none-eabi-7-2018-q2-update/bin/../lib/gcc/arm-none-eabi/7.3.1/../../../../arm-none-eabi/lib/thumb/v7-m/libg_nano.a(lib_a-findfp.o)
                0x00000000000084e0                __sfmoreglue
 .text.__sinit  0x000000000000850c       0x60 /Users/jun/workspace/eclipse/gcc-arm-none-eabi-7-2018-q2-update/bin/../lib/gcc/arm-none-eabi/7.3.1/../../../../arm-none-eabi/lib/thumb/v7-m/libg_nano.a(lib_a-findfp.o)
                0x000000000000850c                __sinit
 .text.__sfp    0x000000000000856c       0x78 /Users/jun/workspace/eclipse/gcc-arm-none-eabi-7-2018-q2-update/bin/../lib/gcc/arm-none-eabi/7.3.1/../../../../arm-none-eabi/lib/thumb/v7-m/libg_nano.a(lib_a-findfp.o)
                0x000000000000856c                __sfp
 .text._fwalk_reent
                0x00000000000085e4       0x3c /Users/jun/workspace/eclipse/gcc-arm-none-eabi-7-2018-q2-update/bin/../lib/gcc/arm-none-eabi/7.3.1/../../../../arm-none-eabi/lib/thumb/v7-m/libg_nano.a(lib_a-fwalk.o)
                0x00000000000085e4                _fwalk_reent
 .text._lseek_r
                0x0000000000008620       0x24 /Users/jun/workspace/eclipse/gcc-arm-none-eabi-7-2018-q2-update/bin/../lib/gcc/arm-none-eabi/7.3.1/../../../../arm-none-eabi/lib/thumb/v7-m/libg_nano.a(lib_a-lseekr.o)
                0x0000000000008620                _lseek_r
 .text.__malloc_lock
                0x0000000000008644        0x2 /Users/jun/workspace/eclipse/gcc-arm-none-eabi-7-2018-q2-update/bin/../lib/gcc/arm-none-eabi/7.3.1/../../../../arm-none-eabi/lib/thumb/v7-m/libg_nano.a(lib_a-mlock.o)
                0x0000000000008644                __malloc_lock
 .text.__malloc_unlock
                0x0000000000008646        0x2 /Users/jun/workspace/eclipse/gcc-arm-none-eabi-7-2018-q2-update/bin/../lib/gcc/arm-none-eabi/7.3.1/../../../../arm-none-eabi/lib/thumb/v7-m/libg_nano.a(lib_a-mlock.o)
                0x0000000000008646                __malloc_unlock
 .text.__ssputs_r
                0x0000000000008648       0xb4 /Users/jun/workspace/eclipse/gcc-arm-none-eabi-7-2018-q2-update/bin/../lib/gcc/arm-none-eabi/7.3.1/../../../../arm-none-eabi/lib/thumb/v7-m/libg_nano.a(lib_a-nano-svfprintf.o)
                0x0000000000008648                __ssputs_r
 .text._svfprintf_r
                0x00000000000086fc      0x1f0 /Users/jun/workspace/eclipse/gcc-arm-none-eabi-7-2018-q2-update/bin/../lib/gcc/arm-none-eabi/7.3.1/../../../../arm-none-eabi/lib/thumb/v7-m/libg_nano.a(lib_a-nano-svfprintf.o)
                0x00000000000086fc                _svfprintf_r
                0x00000000000086fc                _svfiprintf_r
 .text._sungetc_r
                0x00000000000088ec       0x7a /Users/jun/workspace/eclipse/gcc-arm-none-eabi-7-2018-q2-update/bin/../lib/gcc/arm-none-eabi/7.3.1/../../../../arm-none-eabi/lib/thumb/v7-m/libg_nano.a(lib_a-nano-svfscanf.o)
                0x00000000000088ec                _sungetc_r
 .text.__ssrefill_r
                0x0000000000008966       0x3a /Users/jun/workspace/eclipse/gcc-arm-none-eabi-7-2018-q2-update/bin/../lib/gcc/arm-none-eabi/7.3.1/../../../../arm-none-eabi/lib/thumb/v7-m/libg_nano.a(lib_a-nano-svfscanf.o)
                0x0000000000008966                __ssrefill_r
 .text.__ssvfscanf_r
                0x00000000000089a0      0x2a0 /Users/jun/workspace/eclipse/gcc-arm-none-eabi-7-2018-q2-update/bin/../lib/gcc/arm-none-eabi/7.3.1/../../../../arm-none-eabi/lib/thumb/v7-m/libg_nano.a(lib_a-nano-svfscanf.o)
                0x00000000000089a0                __ssvfscanf_r
                0x00000000000089a0                __ssvfiscanf_r
 .text.__sfputc_r
                0x0000000000008c40       0x2a /Users/jun/workspace/eclipse/gcc-arm-none-eabi-7-2018-q2-update/bin/../lib/gcc/arm-none-eabi/7.3.1/../../../../arm-none-eabi/lib/thumb/v7-m/libg_nano.a(lib_a-nano-vfprintf.o)
 .text.__sfputs_r
                0x0000000000008c6a       0x24 /Users/jun/workspace/eclipse/gcc-arm-none-eabi-7-2018-q2-update/bin/../lib/gcc/arm-none-eabi/7.3.1/../../../../arm-none-eabi/lib/thumb/v7-m/libg_nano.a(lib_a-nano-vfprintf.o)
                0x0000000000008c6a                __sfputs_r
 *fill*         0x0000000000008c8e        0x2 
 .text._vfprintf_r
                0x0000000000008c90      0x22c /Users/jun/workspace/eclipse/gcc-arm-none-eabi-7-2018-q2-update/bin/../lib/gcc/arm-none-eabi/7.3.1/../../../../arm-none-eabi/lib/thumb/v7-m/libg_nano.a(lib_a-nano-vfprintf.o)
                0x0000000000008c90                _vfiprintf_r
                0x0000000000008c90                _vfprintf_r
 .text._printf_common
                0x0000000000008ebc       0xec /Users/jun/workspace/eclipse/gcc-arm-none-eabi-7-2018-q2-update/bin/../lib/gcc/arm-none-eabi/7.3.1/../../../../arm-none-eabi/lib/thumb/v7-m/libg_nano.a(lib_a-nano-vfprintf_i.o)
                0x0000000000008ebc                _printf_common
 .text._printf_i
                0x0000000000008fa8      0x224 /Users/jun/workspace/eclipse/gcc-arm-none-eabi-7-2018-q2-update/bin/../lib/gcc/arm-none-eabi/7.3.1/../../../../arm-none-eabi/lib/thumb/v7-m/libg_nano.a(lib_a-nano-vfprintf_i.o)
                0x0000000000008fa8                _printf_i
 .text._scanf_chars
                0x00000000000091cc       0xc4 /Users/jun/workspace/eclipse/gcc-arm-none-eabi-7-2018-q2-update/bin/../lib/gcc/arm-none-eabi/7.3.1/../../../../arm-none-eabi/lib/thumb/v7-m/libg_nano.a(lib_a-nano-vfscanf_i.o)
                0x00000000000091cc                _scanf_chars
 .text._scanf_i
                0x0000000000009290      0x1ec /Users/jun/workspace/eclipse/gcc-arm-none-eabi-7-2018-q2-update/bin/../lib/gcc/arm-none-eabi/7.3.1/../../../../arm-none-eabi/lib/thumb/v7-m/libg_nano.a(lib_a-nano-vfscanf_i.o)
                0x0000000000009290                _scanf_i
 .text._read_r  0x000000000000947c       0x24 /Users/jun/workspace/eclipse/gcc-arm-none-eabi-7-2018-q2-update/bin/../lib/gcc/arm-none-eabi/7.3.1/../../../../arm-none-eabi/lib/thumb/v7-m/libg_nano.a(lib_a-readr.o)
                0x000000000000947c                _read_r
 .text.__sccl   0x00000000000094a0       0x62 /Users/jun/workspace/eclipse/gcc-arm-none-eabi-7-2018-q2-update/bin/../lib/gcc/arm-none-eabi/7.3.1/../../../../arm-none-eabi/lib/thumb/v7-m/libg_nano.a(lib_a-sccl.o)
                0x00000000000094a0                __sccl
 .text._strtoul_l.isra.0
                0x0000000000009502       0xf4 /Users/jun/workspace/eclipse/gcc-arm-none-eabi-7-2018-q2-update/bin/../lib/gcc/arm-none-eabi/7.3.1/../../../../arm-none-eabi/lib/thumb/v7-m/libg_nano.a(lib_a-strtoul.o)
 *fill*         0x00000000000095f6        0x2 
 .text._strtoul_r
                0x00000000000095f8       0x24 /Users/jun/workspace/eclipse/gcc-arm-none-eabi-7-2018-q2-update/bin/../lib/gcc/arm-none-eabi/7.3.1/../../../../arm-none-eabi/lib/thumb/v7-m/libg_nano.a(lib_a-strtoul.o)
                0x00000000000095f8                _strtoul_r
 .text.__submore
                0x000000000000961c       0x70 /Users/jun/workspace/eclipse/gcc-arm-none-eabi-7-2018-q2-update/bin/../lib/gcc/arm-none-eabi/7.3.1/../../../../arm-none-eabi/lib/thumb/v7-m/libg_nano.a(lib_a-ungetc.o)
                0x000000000000961c                __submore
 .text.__swbuf_r
                0x000000000000968c       0xa4 /Users/jun/workspace/eclipse/gcc-arm-none-eabi-7-2018-q2-update/bin/../lib/gcc/arm-none-eabi/7.3.1/../../../../arm-none-eabi/lib/thumb/v7-m/libg_nano.a(lib_a-wbuf.o)
                0x000000000000968c                __swbuf_r
 .text.__swsetup_r
                0x0000000000009730       0xdc /Users/jun/workspace/eclipse/gcc-arm-none-eabi-7-2018-q2-update/bin/../lib/gcc/arm-none-eabi/7.3.1/../../../../arm-none-eabi/lib/thumb/v7-m/libg_nano.a(lib_a-wsetup.o)
                0x0000000000009730                __swsetup_r
 .text.__sflush_r
                0x000000000000980c      0x10c /Users/jun/workspace/eclipse/gcc-arm-none-eabi-7-2018-q2-update/bin/../lib/gcc/arm-none-eabi/7.3.1/../../../../arm-none-eabi/lib/thumb/v7-m/libg_nano.a(lib_a-fflush.o)
                0x000000000000980c                __sflush_r
 .text._fflush_r
                0x0000000000009918       0x54 /Users/jun/workspace/eclipse/gcc-arm-none-eabi-7-2018-q2-update/bin/../lib/gcc/arm-none-eabi/7.3.1/../../../../arm-none-eabi/lib/thumb/v7-m/libg_nano.a(lib_a-fflush.o)
                0x0000000000009918                _fflush_r
 .text.__swhatbuf_r
                0x000000000000996c       0x48 /Users/jun/workspace/eclipse/gcc-arm-none-eabi-7-2018-q2-update/bin/../lib/gcc/arm-none-eabi/7.3.1/../../../../arm-none-eabi/lib/thumb/v7-m/libg_nano.a(lib_a-makebuf.o)
                0x000000000000996c                __swhatbuf_r
 .text.__smakebuf_r
                0x00000000000099b4       0x80 /Users/jun/workspace/eclipse/gcc-arm-none-eabi-7-2018-q2-update/bin/../lib/gcc/arm-none-eabi/7.3.1/../../../../arm-none-eabi/lib/thumb/v7-m/libg_nano.a(lib_a-makebuf.o)
                0x00000000000099b4                __smakebuf_r
 .text.memchr   0x0000000000009a34       0x1c /Users/jun/workspace/eclipse/gcc-arm-none-eabi-7-2018-q2-update/bin/../lib/gcc/arm-none-eabi/7.3.1/../../../../arm-none-eabi/lib/thumb/v7-m/libg_nano.a(lib_a-memchr-stub.o)
                0x0000000000009a34                memchr
 .text._realloc_r
                0x0000000000009a50       0x4c /Users/jun/workspace/eclipse/gcc-arm-none-eabi-7-2018-q2-update/bin/../lib/gcc/arm-none-eabi/7.3.1/../../../../arm-none-eabi/lib/thumb/v7-m/libg_nano.a(lib_a-nano-reallocr.o)
                0x0000000000009a50                _realloc_r
 .text._fstat_r
                0x0000000000009a9c       0x24 /Users/jun/workspace/eclipse/gcc-arm-none-eabi-7-2018-q2-update/bin/../lib/gcc/arm-none-eabi/7.3.1/../../../../arm-none-eabi/lib/thumb/v7-m/libg_nano.a(lib_a-fstatr.o)
                0x0000000000009a9c                _fstat_r
 .text._isatty_r
                0x0000000000009ac0       0x20 /Users/jun/workspace/eclipse/gcc-arm-none-eabi-7-2018-q2-update/bin/../lib/gcc/arm-none-eabi/7.3.1/../../../../arm-none-eabi/lib/thumb/v7-m/libg_nano.a(lib_a-isattyr.o)
                0x0000000000009ac0                _isatty_r
 .text._malloc_usable_size_r
                0x0000000000009ae0       0x10 /Users/jun/workspace/eclipse/gcc-arm-none-eabi-7-2018-q2-update/bin/../lib/gcc/arm-none-eabi/7.3.1/../../../../arm-none-eabi/lib/thumb/v7-m/libg_nano.a(lib_a-nano-msizer.o)
                0x0000000000009ae0                _malloc_usable_size_r
 .text._close   0x0000000000009af0       0x10 /Users/jun/workspace/eclipse/gcc-arm-none-eabi-7-2018-q2-update/bin/../lib/gcc/arm-none-eabi/7.3.1/../../../../arm-none-eabi/lib/thumb/v7-m/libnosys.a(close.o)
                0x0000000000009af0                _close
 .text._fstat   0x0000000000009b00       0x10 /Users/jun/workspace/eclipse/gcc-arm-none-eabi-7-2018-q2-update/bin/../lib/gcc/arm-none-eabi/7.3.1/../../../../arm-none-eabi/lib/thumb/v7-m/libnosys.a(fstat.o)
                0x0000000000009b00                _fstat
 .text._isatty  0x0000000000009b10       0x10 /Users/jun/workspace/eclipse/gcc-arm-none-eabi-7-2018-q2-update/bin/../lib/gcc/arm-none-eabi/7.3.1/../../../../arm-none-eabi/lib/thumb/v7-m/libnosys.a(isatty.o)
                0x0000000000009b10                _isatty
 .text._lseek   0x0000000000009b20       0x10 /Users/jun/workspace/eclipse/gcc-arm-none-eabi-7-2018-q2-update/bin/../lib/gcc/arm-none-eabi/7.3.1/../../../../arm-none-eabi/lib/thumb/v7-m/libnosys.a(lseek.o)
                0x0000000000009b20                _lseek
 .text._read    0x0000000000009b30       0x10 /Users/jun/workspace/eclipse/gcc-arm-none-eabi-7-2018-q2-update/bin/../lib/gcc/arm-none-eabi/7.3.1/../../../../arm-none-eabi/lib/thumb/v7-m/libnosys.a(read.o)
                0x0000000000009b30                _read
 .text._write   0x0000000000009b40       0x10 /Users/jun/workspace/eclipse/gcc-arm-none-eabi-7-2018-q2-update/bin/../lib/gcc/arm-none-eabi/7.3.1/../../../../arm-none-eabi/lib/thumb/v7-m/libnosys.a(write.o)
                0x0000000000009b40                _write
 .text          0x0000000000009b50       0x30 /Users/jun/workspace/eclipse/gcc-arm-none-eabi-7-2018-q2-update/bin/../lib/gcc/arm-none-eabi/7.3.1/thumb/v7-m/libgcc.a(_aeabi_uldivmod.o)
                0x0000000000009b50                __aeabi_uldivmod
 .text          0x0000000000009b80      0x2d0 /Users/jun/workspace/eclipse/gcc-arm-none-eabi-7-2018-q2-update/bin/../lib/gcc/arm-none-eabi/7.3.1/thumb/v7-m/libgcc.a(_udivmoddi4.o)
                0x0000000000009b80                __udivmoddi4
 .text          0x0000000000009e50        0x4 /Users/jun/workspace/eclipse/gcc-arm-none-eabi-7-2018-q2-update/bin/../lib/gcc/arm-none-eabi/7.3.1/thumb/v7-m/libgcc.a(_dvmd_tls.o)
                0x0000000000009e50                __aeabi_ldiv0
                0x0000000000009e50                __aeabi_idiv0
 *(.rodata .rodata.* .constdata .constdata.*)
 .rodata.GPDMA_ClearIntPending.str1.4
                0x0000000000009e54       0x26 /var/folders/tp/tmlhpk0x5cbgt8tz5p9q2y6r0000gn/T//ccCFlo5g.ltrans0.ltrans.o
 *fill*         0x0000000000009e7a        0x2 
 .rodata.GPDMA_LUTPerAddr
                0x0000000000009e7c       0x60 /var/folders/tp/tmlhpk0x5cbgt8tz5p9q2y6r0000gn/T//ccCFlo5g.ltrans0.ltrans.o
 .rodata.GPDMA_LUTPerBurst
                0x0000000000009edc       0x18 /var/folders/tp/tmlhpk0x5cbgt8tz5p9q2y6r0000gn/T//ccCFlo5g.ltrans0.ltrans.o
 .rodata.GPDMA_LUTPerWid
                0x0000000000009ef4       0x18 /var/folders/tp/tmlhpk0x5cbgt8tz5p9q2y6r0000gn/T//ccCFlo5g.ltrans0.ltrans.o
 .rodata.UART_TxCmd.str1.4
                0x0000000000009f0c       0x25 /var/folders/tp/tmlhpk0x5cbgt8tz5p9q2y6r0000gn/T//ccCFlo5g.ltrans0.ltrans.o
 *fill*         0x0000000000009f31        0x3 
 .rodata.check_failed.str1.4
                0x0000000000009f34       0x2e /var/folders/tp/tmlhpk0x5cbgt8tz5p9q2y6r0000gn/T//ccCFlo5g.ltrans0.ltrans.o
 *fill*         0x0000000000009f62        0x2 
 .rodata.dumpExceptionStack.str1.4
                0x0000000000009f64      0x11a /var/folders/tp/tmlhpk0x5cbgt8tz5p9q2y6r0000gn/T//ccCFlo5g.ltrans0.ltrans.o
 *fill*         0x000000000000a07e        0x2 
 .rodata.err_to_errno_table
                0x000000000000a080       0x44 /var/folders/tp/tmlhpk0x5cbgt8tz5p9q2y6r0000gn/T//ccCFlo5g.ltrans0.ltrans.o
 .rodata.ethbroadcast
                0x000000000000a0c4        0x6 /var/folders/tp/tmlhpk0x5cbgt8tz5p9q2y6r0000gn/T//ccCFlo5g.ltrans0.ltrans.o
 *fill*         0x000000000000a0ca        0x2 
 .rodata.ethclkdiv
                0x000000000000a0cc        0xf /var/folders/tp/tmlhpk0x5cbgt8tz5p9q2y6r0000gn/T//ccCFlo5g.ltrans0.ltrans.o
 *fill*         0x000000000000a0db        0x1 
 .rodata.ethzero
                0x000000000000a0dc        0x6 /var/folders/tp/tmlhpk0x5cbgt8tz5p9q2y6r0000gn/T//ccCFlo5g.ltrans0.ltrans.o
 *fill*         0x000000000000a0e2        0x2 
 .rodata.get_dev_info.str1.4
                0x000000000000a0e4       0x5b /var/folders/tp/tmlhpk0x5cbgt8tz5p9q2y6r0000gn/T//ccCFlo5g.ltrans0.ltrans.o
 *fill*         0x000000000000a13f        0x1 
 .rodata.ip_addr_any
                0x000000000000a140        0x4 /var/folders/tp/tmlhpk0x5cbgt8tz5p9q2y6r0000gn/T//ccCFlo5g.ltrans0.ltrans.o
 .rodata.lpc_enetif_init.str1.4
                0x000000000000a144       0x5a /var/folders/tp/tmlhpk0x5cbgt8tz5p9q2y6r0000gn/T//ccCFlo5g.ltrans0.ltrans.o
 *fill*         0x000000000000a19e        0x2 
 .rodata.lwip_cyclic_timers
                0x000000000000a1a0       0x10 /var/folders/tp/tmlhpk0x5cbgt8tz5p9q2y6r0000gn/T//ccCFlo5g.ltrans0.ltrans.o
 .rodata.main.str1.4
                0x000000000000a1b0       0x1e /var/folders/tp/tmlhpk0x5cbgt8tz5p9q2y6r0000gn/T//ccCFlo5g.ltrans0.ltrans.o
 *fill*         0x000000000000a1ce        0x2 
 .rodata.memp_IGMP_GROUP
                0x000000000000a1d0        0x2 /var/folders/tp/tmlhpk0x5cbgt8tz5p9q2y6r0000gn/T//ccCFlo5g.ltrans0.ltrans.o
 *fill*         0x000000000000a1d2        0x2 
 .rodata.memp_NETBUF
                0x000000000000a1d4        0x2 /var/folders/tp/tmlhpk0x5cbgt8tz5p9q2y6r0000gn/T//ccCFlo5g.ltrans0.ltrans.o
 *fill*         0x000000000000a1d6        0x2 
 .rodata.memp_NETCONN
                0x000000000000a1d8        0x2 /var/folders/tp/tmlhpk0x5cbgt8tz5p9q2y6r0000gn/T//ccCFlo5g.ltrans0.ltrans.o
 *fill*         0x000000000000a1da        0x2 
 .rodata.memp_PBUF
                0x000000000000a1dc        0x2 /var/folders/tp/tmlhpk0x5cbgt8tz5p9q2y6r0000gn/T//ccCFlo5g.ltrans0.ltrans.o
 *fill*         0x000000000000a1de        0x2 
 .rodata.memp_PBUF_POOL
                0x000000000000a1e0        0x2 /var/folders/tp/tmlhpk0x5cbgt8tz5p9q2y6r0000gn/T//ccCFlo5g.ltrans0.ltrans.o
 *fill*         0x000000000000a1e2        0x2 
 .rodata.memp_SYS_TIMEOUT
                0x000000000000a1e4        0x2 /var/folders/tp/tmlhpk0x5cbgt8tz5p9q2y6r0000gn/T//ccCFlo5g.ltrans0.ltrans.o
 *fill*         0x000000000000a1e6        0x2 
 .rodata.memp_TCPIP_MSG_API
                0x000000000000a1e8        0x2 /var/folders/tp/tmlhpk0x5cbgt8tz5p9q2y6r0000gn/T//ccCFlo5g.ltrans0.ltrans.o
 *fill*         0x000000000000a1ea        0x2 
 .rodata.memp_TCPIP_MSG_INPKT
                0x000000000000a1ec        0x2 /var/folders/tp/tmlhpk0x5cbgt8tz5p9q2y6r0000gn/T//ccCFlo5g.ltrans0.ltrans.o
 *fill*         0x000000000000a1ee        0x2 
 .rodata.memp_UDP_PCB
                0x000000000000a1f0        0x2 /var/folders/tp/tmlhpk0x5cbgt8tz5p9q2y6r0000gn/T//ccCFlo5g.ltrans0.ltrans.o
 *fill*         0x000000000000a1f2        0x2 
 .rodata.memp_pools
                0x000000000000a1f4       0x24 /var/folders/tp/tmlhpk0x5cbgt8tz5p9q2y6r0000gn/T//ccCFlo5g.ltrans0.ltrans.o
 .rodata.pGPDMACh
                0x000000000000a218       0x20 /var/folders/tp/tmlhpk0x5cbgt8tz5p9q2y6r0000gn/T//ccCFlo5g.ltrans0.ltrans.o
 .rodata.prvCheckForValidListAndQueue.str1.4
                0x000000000000a238        0x5 /var/folders/tp/tmlhpk0x5cbgt8tz5p9q2y6r0000gn/T//ccCFlo5g.ltrans0.ltrans.o
 *fill*         0x000000000000a23d        0x3 
 .rodata.str1.4
                0x000000000000a240       0x29 /var/folders/tp/tmlhpk0x5cbgt8tz5p9q2y6r0000gn/T//ccCFlo5g.ltrans0.ltrans.o
 *fill*         0x000000000000a269        0x3 
 .rodata.tcpip_init.str1.4
                0x000000000000a26c        0xd /var/folders/tp/tmlhpk0x5cbgt8tz5p9q2y6r0000gn/T//ccCFlo5g.ltrans0.ltrans.o
 *fill*         0x000000000000a279        0x3 
 .rodata.vDeviceInfo.str1.4
                0x000000000000a27c      0x102 /var/folders/tp/tmlhpk0x5cbgt8tz5p9q2y6r0000gn/T//ccCFlo5g.ltrans0.ltrans.o
 *fill*         0x000000000000a37e        0x2 
 .rodata.vEthernetDaemon.str1.4
                0x000000000000a380       0x17 /var/folders/tp/tmlhpk0x5cbgt8tz5p9q2y6r0000gn/T//ccCFlo5g.ltrans0.ltrans.o
 *fill*         0x000000000000a397        0x1 
 .rodata.vTaskInfo.str1.4
                0x000000000000a398       0x5e /var/folders/tp/tmlhpk0x5cbgt8tz5p9q2y6r0000gn/T//ccCFlo5g.ltrans0.ltrans.o
 *fill*         0x000000000000a3f6        0x2 
 .rodata.vTaskList.str1.4
                0x000000000000a3f8        0xf /var/folders/tp/tmlhpk0x5cbgt8tz5p9q2y6r0000gn/T//ccCFlo5g.ltrans0.ltrans.o
 *fill*         0x000000000000a407        0x1 
 .rodata.vTaskStartScheduler.str1.4
                0x000000000000a408        0x5 /var/folders/tp/tmlhpk0x5cbgt8tz5p9q2y6r0000gn/T//ccCFlo5g.ltrans0.ltrans.o
 *fill*         0x000000000000a40d        0x3 
 .rodata.vUDPClient.str1.4
                0x000000000000a410       0x27 /var/folders/tp/tmlhpk0x5cbgt8tz5p9q2y6r0000gn/T//ccCFlo5g.ltrans0.ltrans.o
 *fill*         0x000000000000a437        0x1 
 .rodata.vUartThread.str1.4
                0x000000000000a438       0x14 /var/folders/tp/tmlhpk0x5cbgt8tz5p9q2y6r0000gn/T//ccCFlo5g.ltrans0.ltrans.o
 .rodata.xTimerCreateTimerTask.str1.4
                0x000000000000a44c        0x8 /var/folders/tp/tmlhpk0x5cbgt8tz5p9q2y6r0000gn/T//ccCFlo5g.ltrans0.ltrans.o
 .rodata._global_impure_ptr
                0x000000000000a454        0x4 /Users/jun/workspace/eclipse/gcc-arm-none-eabi-7-2018-q2-update/bin/../lib/gcc/arm-none-eabi/7.3.1/../../../../arm-none-eabi/lib/thumb/v7-m/libg_nano.a(lib_a-impure.o)
                0x000000000000a454                _global_impure_ptr
 .rodata._setlocale_r.str1.1
                0x000000000000a458        0x8 /Users/jun/workspace/eclipse/gcc-arm-none-eabi-7-2018-q2-update/bin/../lib/gcc/arm-none-eabi/7.3.1/../../../../arm-none-eabi/lib/thumb/v7-m/libg_nano.a(lib_a-locale.o)
                                          0x9 (size before relaxing)
 .rodata.str1.1
                0x000000000000a460        0x2 /Users/jun/workspace/eclipse/gcc-arm-none-eabi-7-2018-q2-update/bin/../lib/gcc/arm-none-eabi/7.3.1/../../../../arm-none-eabi/lib/thumb/v7-m/libg_nano.a(lib_a-locale.o)
 .rodata._ctype_
                0x000000000000a462      0x101 /Users/jun/workspace/eclipse/gcc-arm-none-eabi-7-2018-q2-update/bin/../lib/gcc/arm-none-eabi/7.3.1/../../../../arm-none-eabi/lib/thumb/v7-m/libg_nano.a(lib_a-ctype_.o)
                0x000000000000a462                _ctype_
 *fill*         0x000000000000a563        0x1 
 .rodata.__sf_fake_stderr
                0x000000000000a564       0x20 /Users/jun/workspace/eclipse/gcc-arm-none-eabi-7-2018-q2-update/bin/../lib/gcc/arm-none-eabi/7.3.1/../../../../arm-none-eabi/lib/thumb/v7-m/libg_nano.a(lib_a-findfp.o)
                0x000000000000a564                __sf_fake_stderr
 .rodata.__sf_fake_stdin
                0x000000000000a584       0x20 /Users/jun/workspace/eclipse/gcc-arm-none-eabi-7-2018-q2-update/bin/../lib/gcc/arm-none-eabi/7.3.1/../../../../arm-none-eabi/lib/thumb/v7-m/libg_nano.a(lib_a-findfp.o)
                0x000000000000a584                __sf_fake_stdin
 .rodata.__sf_fake_stdout
                0x000000000000a5a4       0x20 /Users/jun/workspace/eclipse/gcc-arm-none-eabi-7-2018-q2-update/bin/../lib/gcc/arm-none-eabi/7.3.1/../../../../arm-none-eabi/lib/thumb/v7-m/libg_nano.a(lib_a-findfp.o)
                0x000000000000a5a4                __sf_fake_stdout
 .rodata._svfprintf_r.str1.1
                0x000000000000a5c4       0x11 /Users/jun/workspace/eclipse/gcc-arm-none-eabi-7-2018-q2-update/bin/../lib/gcc/arm-none-eabi/7.3.1/../../../../arm-none-eabi/lib/thumb/v7-m/libg_nano.a(lib_a-nano-svfprintf.o)
 .rodata.__ssvfscanf_r.str1.1
                0x000000000000a5d5        0x4 /Users/jun/workspace/eclipse/gcc-arm-none-eabi-7-2018-q2-update/bin/../lib/gcc/arm-none-eabi/7.3.1/../../../../arm-none-eabi/lib/thumb/v7-m/libg_nano.a(lib_a-nano-svfscanf.o)
 .rodata._vfprintf_r.str1.1
                0x000000000000a5d5       0x11 /Users/jun/workspace/eclipse/gcc-arm-none-eabi-7-2018-q2-update/bin/../lib/gcc/arm-none-eabi/7.3.1/../../../../arm-none-eabi/lib/thumb/v7-m/libg_nano.a(lib_a-nano-vfprintf.o)
 .rodata._printf_i.str1.1
                0x000000000000a5d5       0x22 /Users/jun/workspace/eclipse/gcc-arm-none-eabi-7-2018-q2-update/bin/../lib/gcc/arm-none-eabi/7.3.1/../../../../arm-none-eabi/lib/thumb/v7-m/libg_nano.a(lib_a-nano-vfprintf_i.o)
 *fill*         0x000000000000a5f7        0x1 
 .rodata        0x000000000000a5f8        0xc /Users/jun/workspace/eclipse/gcc-arm-none-eabi-7-2018-q2-update/bin/../lib/gcc/arm-none-eabi/7.3.1/../../../../arm-none-eabi/lib/thumb/v7-m/libg_nano.a(lib_a-nano-vfscanf_i.o)
 .rodata._scanf_i.str1.1
                0x000000000000a604       0x12 /Users/jun/workspace/eclipse/gcc-arm-none-eabi-7-2018-q2-update/bin/../lib/gcc/arm-none-eabi/7.3.1/../../../../arm-none-eabi/lib/thumb/v7-m/libg_nano.a(lib_a-nano-vfscanf_i.o)
 .rodata.str1.1
                0x000000000000a616        0x9 /Users/jun/workspace/eclipse/gcc-arm-none-eabi-7-2018-q2-update/bin/../lib/gcc/arm-none-eabi/7.3.1/../../../../arm-none-eabi/lib/thumb/v7-m/libg_nano.a(lib_a-nano-vfscanf_i.o)
 *(vtable)
 *(.eh_frame*)
 *(.glue_7)
 .glue_7        0x000000000000a61f        0x0 linker stubs
 *(.glue_7t)
 .glue_7t       0x000000000000a61f        0x0 linker stubs

.vfp11_veneer   0x000000000000a620        0x0
 .vfp11_veneer  0x000000000000a620        0x0 linker stubs
