Archive member included to satisfy reference by file (symbol)

/Users/jun/workspace/eclipse/gcc-arm-none-eabi-7-2018-q2-update/bin/../lib/gcc/arm-none-eabi/7.3.1/../../../../arm-none-eabi/lib/thumb/v7-m/libg_nano.a(lib_a-atoi.o)
                              ./lwip/core/netif.o (symbol from plugin) (atoi)
/Users/jun/workspace/eclipse/gcc-arm-none-eabi-7-2018-q2-update/bin/../lib/gcc/arm-none-eabi/7.3.1/../../../../arm-none-eabi/lib/thumb/v7-m/libg_nano.a(lib_a-calloc.o)
                              ./lwip/core/mem.o (symbol from plugin) (calloc)
/Users/jun/workspace/eclipse/gcc-arm-none-eabi-7-2018-q2-update/bin/../lib/gcc/arm-none-eabi/7.3.1/../../../../arm-none-eabi/lib/thumb/v7-m/libg_nano.a(lib_a-errno.o)
                              ./system/src/newlib/_sbrk.o (symbol from plugin) (__errno)
/Users/jun/workspace/eclipse/gcc-arm-none-eabi-7-2018-q2-update/bin/../lib/gcc/arm-none-eabi/7.3.1/../../../../arm-none-eabi/lib/thumb/v7-m/libg_nano.a(lib_a-impure.o)
                              /Users/jun/workspace/eclipse/gcc-arm-none-eabi-7-2018-q2-update/bin/../lib/gcc/arm-none-eabi/7.3.1/../../../../arm-none-eabi/lib/thumb/v7-m/libg_nano.a(lib_a-calloc.o) (_impure_ptr)
/Users/jun/workspace/eclipse/gcc-arm-none-eabi-7-2018-q2-update/bin/../lib/gcc/arm-none-eabi/7.3.1/../../../../arm-none-eabi/lib/thumb/v7-m/libg_nano.a(lib_a-locale.o)
                              ./lwip/core/ipv4/ip4_addr.o (symbol from plugin) (__locale_ctype_ptr)
/Users/jun/workspace/eclipse/gcc-arm-none-eabi-7-2018-q2-update/bin/../lib/gcc/arm-none-eabi/7.3.1/../../../../arm-none-eabi/lib/thumb/v7-m/libg_nano.a(lib_a-malloc.o)
                              ./lwip/core/mem.o (symbol from plugin) (malloc)
/Users/jun/workspace/eclipse/gcc-arm-none-eabi-7-2018-q2-update/bin/../lib/gcc/arm-none-eabi/7.3.1/../../../../arm-none-eabi/lib/thumb/v7-m/libg_nano.a(lib_a-mbtowc_r.o)
                              /Users/jun/workspace/eclipse/gcc-arm-none-eabi-7-2018-q2-update/bin/../lib/gcc/arm-none-eabi/7.3.1/../../../../arm-none-eabi/lib/thumb/v7-m/libg_nano.a(lib_a-locale.o) (__ascii_mbtowc)
/Users/jun/workspace/eclipse/gcc-arm-none-eabi-7-2018-q2-update/bin/../lib/gcc/arm-none-eabi/7.3.1/../../../../arm-none-eabi/lib/thumb/v7-m/libg_nano.a(lib_a-memcmp.o)
                              ./lwip/netif/bridgeif_fdb.o (symbol from plugin) (memcmp)
/Users/jun/workspace/eclipse/gcc-arm-none-eabi-7-2018-q2-update/bin/../lib/gcc/arm-none-eabi/7.3.1/../../../../arm-none-eabi/lib/thumb/v7-m/libg_nano.a(lib_a-memcpy-stub.o)
                              ./lwip/netif/bridgeif_fdb.o (symbol from plugin) (memcpy)
/Users/jun/workspace/eclipse/gcc-arm-none-eabi-7-2018-q2-update/bin/../lib/gcc/arm-none-eabi/7.3.1/../../../../arm-none-eabi/lib/thumb/v7-m/libg_nano.a(lib_a-memmove.o)
                              ./lwip/core/def.o (symbol from plugin) (memmove)
/Users/jun/workspace/eclipse/gcc-arm-none-eabi-7-2018-q2-update/bin/../lib/gcc/arm-none-eabi/7.3.1/../../../../arm-none-eabi/lib/thumb/v7-m/libg_nano.a(lib_a-memset.o)
                              ./lwip/core/ipv4/ip4.o (symbol from plugin) (memset)
/Users/jun/workspace/eclipse/gcc-arm-none-eabi-7-2018-q2-update/bin/../lib/gcc/arm-none-eabi/7.3.1/../../../../arm-none-eabi/lib/thumb/v7-m/libg_nano.a(lib_a-nano-callocr.o)
                              /Users/jun/workspace/eclipse/gcc-arm-none-eabi-7-2018-q2-update/bin/../lib/gcc/arm-none-eabi/7.3.1/../../../../arm-none-eabi/lib/thumb/v7-m/libg_nano.a(lib_a-calloc.o) (_calloc_r)
/Users/jun/workspace/eclipse/gcc-arm-none-eabi-7-2018-q2-update/bin/../lib/gcc/arm-none-eabi/7.3.1/../../../../arm-none-eabi/lib/thumb/v7-m/libg_nano.a(lib_a-nano-freer.o)
                              /Users/jun/workspace/eclipse/gcc-arm-none-eabi-7-2018-q2-update/bin/../lib/gcc/arm-none-eabi/7.3.1/../../../../arm-none-eabi/lib/thumb/v7-m/libg_nano.a(lib_a-malloc.o) (_free_r)
/Users/jun/workspace/eclipse/gcc-arm-none-eabi-7-2018-q2-update/bin/../lib/gcc/arm-none-eabi/7.3.1/../../../../arm-none-eabi/lib/thumb/v7-m/libg_nano.a(lib_a-nano-mallocr.o)
                              /Users/jun/workspace/eclipse/gcc-arm-none-eabi-7-2018-q2-update/bin/../lib/gcc/arm-none-eabi/7.3.1/../../../../arm-none-eabi/lib/thumb/v7-m/libg_nano.a(lib_a-malloc.o) (_malloc_r)
/Users/jun/workspace/eclipse/gcc-arm-none-eabi-7-2018-q2-update/bin/../lib/gcc/arm-none-eabi/7.3.1/../../../../arm-none-eabi/lib/thumb/v7-m/libg_nano.a(lib_a-printf.o)
                              ./system/src/lpc17xx/lpc17xx_libcfg_default.o (symbol from plugin) (printf)
/Users/jun/workspace/eclipse/gcc-arm-none-eabi-7-2018-q2-update/bin/../lib/gcc/arm-none-eabi/7.3.1/../../../../arm-none-eabi/lib/thumb/v7-m/libg_nano.a(lib_a-rand.o)
                              ./lwip/core/ipv4/igmp.o (symbol from plugin) (rand)
/Users/jun/workspace/eclipse/gcc-arm-none-eabi-7-2018-q2-update/bin/../lib/gcc/arm-none-eabi/7.3.1/../../../../arm-none-eabi/lib/thumb/v7-m/libg_nano.a(lib_a-sbrkr.o)
[...]
Memory Configuration

Name             Origin             Length             Attributes
FLASH            0x0000000000000000 0x0000000000080000 xr
RAM              0x0000000010000000 0x0000000000008000 xrw
CCMRAM           0x000000002007c000 0x0000000000000000 xrw
FLASHB1          0x0000000000000000 0x0000000000000000 xr
EXTMEMB0         0x0000000000000000 0x0000000000000000 xr
EXTMEMB1         0x0000000000000000 0x0000000000000000 xr
EXTMEMB2         0x0000000000000000 0x0000000000000000 xr
EXTMEMB3         0x0000000000000000 0x0000000000000000 xr
*default*        0x0000000000000000 0xffffffffffffffff

Linker script and memory map

LOAD /var/folders/tp/tmlhpk0x5cbgt8tz5p9q2y6r0000gn/T//cc0Pnb0J.ltrans0.ltrans.o
LOAD /Users/jun/workspace/eclipse/gcc-arm-none-eabi-7-2018-q2-update/bin/../lib/gcc/arm-none-eabi/7.3.1/../../../../arm-none-eabi/lib/thumb/v7-m/libstdc++_nano.a
LOAD /Users/jun/workspace/eclipse/gcc-arm-none-eabi-7-2018-q2-update/bin/../lib/gcc/arm-none-eabi/7.3.1/../../../../arm-none-eabi/lib/thumb/v7-m/libm.a
START GROUP
LOAD /Users/jun/workspace/eclipse/gcc-arm-none-eabi-7-2018-q2-update/bin/../lib/gcc/arm-none-eabi/7.3.1/thumb/v7-m/libgcc.a
LOAD /Users/jun/workspace/eclipse/gcc-arm-none-eabi-7-2018-q2-update/bin/../lib/gcc/arm-none-eabi/7.3.1/../../../../arm-none-eabi/lib/thumb/v7-m/libg_nano.a
LOAD /Users/jun/workspace/eclipse/gcc-arm-none-eabi-7-2018-q2-update/bin/../lib/gcc/arm-none-eabi/7.3.1/../../../../arm-none-eabi/lib/thumb/v7-m/libc_nano.a
END GROUP
START GROUP
LOAD /Users/jun/workspace/eclipse/gcc-arm-none-eabi-7-2018-q2-update/bin/../lib/gcc/arm-none-eabi/7.3.1/thumb/v7-m/libgcc.a
LOAD /Users/jun/workspace/eclipse/gcc-arm-none-eabi-7-2018-q2-update/bin/../lib/gcc/arm-none-eabi/7.3.1/../../../../arm-none-eabi/lib/thumb/v7-m/libc_nano.a
LOAD /Users/jun/workspace/eclipse/gcc-arm-none-eabi-7-2018-q2-update/bin/../lib/gcc/arm-none-eabi/7.3.1/../../../../arm-none-eabi/lib/thumb/v7-m/libnosys.a
END GROUP
START GROUP
LOAD /Users/jun/workspace/eclipse/gcc-arm-none-eabi-7-2018-q2-update/bin/../lib/gcc/arm-none-eabi/7.3.1/thumb/v7-m/libgcc.a
LOAD /Users/jun/workspace/eclipse/gcc-arm-none-eabi-7-2018-q2-update/bin/../lib/gcc/arm-none-eabi/7.3.1/../../../../arm-none-eabi/lib/thumb/v7-m/libc_nano.a
LOAD /Users/jun/workspace/eclipse/gcc-arm-none-eabi-7-2018-q2-update/bin/../lib/gcc/arm-none-eabi/7.3.1/../../../../arm-none-eabi/lib/thumb/v7-m/libnosys.a
END GROUP
                0x0000000010008000                __stack = (ORIGIN (RAM) + LENGTH (RAM))
                0x0000000010008000                _estack = __stack
                0x0000000000000800                __Main_Stack_Size = 0x800
                [!provide]                        PROVIDE (_Main_Stack_Size = __Main_Stack_Size)
                0x0000000010007800                __Main_Stack_Limit = (__stack - __Main_Stack_Size)
                [!provide]                        PROVIDE (_Main_Stack_Limit = __Main_Stack_Limit)
                0x0000000000000200                _Minimum_Stack_Size = 0x200
                0x00000000100050dc                PROVIDE (_Heap_Begin = _end_noinit)
                0x0000000010007800                PROVIDE (_Heap_Limit = (__stack - __Main_Stack_Size))

.isr_vector     0x0000000000000000      0x304
 FILL mask 0xff
                0x0000000000000000                __vectors_start = ABSOLUTE (.)
                0x0000000000000000                __vectors_start__ = ABSOLUTE (.)
 *(.isr_vector)
 .isr_vector    0x0000000000000000       0xcc /var/folders/tp/tmlhpk0x5cbgt8tz5p9q2y6r0000gn/T//cc0Pnb0J.ltrans0.ltrans.o
                0x0000000000000000                __isr_vectors
 *(.cfmconfig)
 *(.after_vectors .after_vectors.*)
 .after_vectors
                0x00000000000000cc      0x238 /var/folders/tp/tmlhpk0x5cbgt8tz5p9q2y6r0000gn/T//cc0Pnb0J.ltrans0.ltrans.o
                0x0000000000000116                UsageFault_Handler_C
                0x0000000000000148                BusFault_Handler_C
                0x000000000000017c                HardFault_Handler_C
                0x00000000000001dc                _start

.inits          0x0000000000000304       0x28
                0x0000000000000304                __data_regions_array_start = .
                0x0000000000000304        0x4 LONG 0x9d54 LOADADDR (.data)
                0x0000000000000308        0x4 LONG 0x10000000 ADDR (.data)
                0x000000000000030c        0x4 LONG 0x10000264 (ADDR (.data) + SIZEOF (.data))
                0x0000000000000310        0x4 LONG 0x9d54 LOADADDR (.data_CCMRAM)
                0x0000000000000314        0x4 LONG 0x2007c000 ADDR (.data_CCMRAM)
                0x0000000000000318        0x4 LONG 0x2007c000 (ADDR (.data_CCMRAM) + SIZEOF (.data_CCMRAM))
                0x000000000000031c                __data_regions_array_end = .
                0x000000000000031c                __bss_regions_array_start = .
                0x000000000000031c        0x4 LONG 0x10000268 ADDR (.bss)
                0x0000000000000320        0x4 LONG 0x100050dc (ADDR (.bss) + SIZEOF (.bss))
                0x0000000000000324        0x4 LONG 0x2007c000 ADDR (.bss_CCMRAM)
                0x0000000000000328        0x4 LONG 0x2007c000 (ADDR (.bss_CCMRAM) + SIZEOF (.bss_CCMRAM))
                0x000000000000032c                __bss_regions_array_end = .
 *(.init)
 *(.fini)
                0x000000000000032c                . = ALIGN (0x4)
                0x000000000000032c                PROVIDE (__preinit_array_start = .)
 *(.preinit_array_sysinit .preinit_array_sysinit.*)
 *(.preinit_array_platform .preinit_array_platform.*)
 *(.preinit_array .preinit_array.*)
                0x000000000000032c                PROVIDE (__preinit_array_end = .)
                0x000000000000032c                . = ALIGN (0x4)
                0x000000000000032c                PROVIDE (__init_array_start = .)
 *(SORT_BY_NAME(.init_array.*))
 *(.init_array)
                0x000000000000032c                PROVIDE (__init_array_end = .)
                0x000000000000032c                . = ALIGN (0x4)
                0x000000000000032c                PROVIDE (__fini_array_start = .)
 *(SORT_BY_NAME(.fini_array.*))
 *(.fini_array)
                0x000000000000032c                PROVIDE (__fini_array_end = .)

.flashtext
 *(.flashtext .flashtext.*)

.text           0x0000000000000330     0x9a1b
 *(.text .text.*)
 .text.netif_set_link_down
                0x0000000000000330       0x16 /var/folders/tp/tmlhpk0x5cbgt8tz5p9q2y6r0000gn/T//cc0Pnb0J.ltrans0.ltrans.o
 *fill*         0x0000000000000346        0x2 
 .text.pvTaskIncrementMutexHeldCount
                0x0000000000000348       0x1c /var/folders/tp/tmlhpk0x5cbgt8tz5p9q2y6r0000gn/T//cc0Pnb0J.ltrans0.ltrans.o
 .text.prvResetNextTaskUnblockTime
                0x0000000000000364       0x2c /var/folders/tp/tmlhpk0x5cbgt8tz5p9q2y6r0000gn/T//cc0Pnb0J.ltrans0.ltrans.o
 .text.prvTaskCheckFreeStackSpace
                0x0000000000000390       0x14 /var/folders/tp/tmlhpk0x5cbgt8tz5p9q2y6r0000gn/T//cc0Pnb0J.ltrans0.ltrans.o
 .text.vTaskMissedYield
                0x00000000000003a4        0xc /var/folders/tp/tmlhpk0x5cbgt8tz5p9q2y6r0000gn/T//cc0Pnb0J.ltrans0.ltrans.o
 .text.vTaskInternalSetTimeOutState
                0x00000000000003b0       0x18 /var/folders/tp/tmlhpk0x5cbgt8tz5p9q2y6r0000gn/T//cc0Pnb0J.ltrans0.ltrans.o
 .text.vTaskSwitchContext
                0x00000000000003c8       0x68 /var/folders/tp/tmlhpk0x5cbgt8tz5p9q2y6r0000gn/T//cc0Pnb0J.ltrans0.ltrans.o
 .text.xTaskGetTickCount
                0x0000000000000430        0xc /var/folders/tp/tmlhpk0x5cbgt8tz5p9q2y6r0000gn/T//cc0Pnb0J.ltrans0.ltrans.o
 .text.vTaskSuspendAll
                0x000000000000043c       0x10 /var/folders/tp/tmlhpk0x5cbgt8tz5p9q2y6r0000gn/T//cc0Pnb0J.ltrans0.ltrans.o
 .text.vQueueUnregisterQueue
                0x000000000000044c       0x2c /var/folders/tp/tmlhpk0x5cbgt8tz5p9q2y6r0000gn/T//cc0Pnb0J.ltrans0.ltrans.o
 .text.prvGetDisinheritPriorityAfterTimeout
                0x0000000000000478       0x12 /var/folders/tp/tmlhpk0x5cbgt8tz5p9q2y6r0000gn/T//cc0Pnb0J.ltrans0.ltrans.o
 .text.uxListRemove
                0x000000000000048a       0x28 /var/folders/tp/tmlhpk0x5cbgt8tz5p9q2y6r0000gn/T//cc0Pnb0J.ltrans0.ltrans.o
 .text.vListInsert
                0x00000000000004b2       0x34 /var/folders/tp/tmlhpk0x5cbgt8tz5p9q2y6r0000gn/T//cc0Pnb0J.ltrans0.ltrans.o
 .text.vListInsertEnd
                0x00000000000004e6       0x18 /var/folders/tp/tmlhpk0x5cbgt8tz5p9q2y6r0000gn/T//cc0Pnb0J.ltrans0.ltrans.o
 *fill*         0x00000000000004fe        0x2 
 .text.prvAddCurrentTaskToDelayedList
                0x0000000000000500       0x98 /var/folders/tp/tmlhpk0x5cbgt8tz5p9q2y6r0000gn/T//cc0Pnb0J.ltrans0.ltrans.o
 .text.vTaskPlaceOnEventList
                0x0000000000000598       0x1c /var/folders/tp/tmlhpk0x5cbgt8tz5p9q2y6r0000gn/T//cc0Pnb0J.ltrans0.ltrans.o
 .text.vTaskPriorityDisinheritAfterTimeout
                0x00000000000005b4       0x90 /var/folders/tp/tmlhpk0x5cbgt8tz5p9q2y6r0000gn/T//cc0Pnb0J.ltrans0.ltrans.o
 .text.xTaskPriorityDisinherit
                0x0000000000000644       0x80 /var/folders/tp/tmlhpk0x5cbgt8tz5p9q2y6r0000gn/T//cc0Pnb0J.ltrans0.ltrans.o
 .text.xTaskPriorityInherit
                0x00000000000006c4       0xb8 /var/folders/tp/tmlhpk0x5cbgt8tz5p9q2y6r0000gn/T//cc0Pnb0J.ltrans0.ltrans.o
 .text.xTaskRemoveFromEventList
                0x000000000000077c       0x78 /var/folders/tp/tmlhpk0x5cbgt8tz5p9q2y6r0000gn/T//cc0Pnb0J.ltrans0.ltrans.o
 .text.xQueueGiveFromISR
                0x00000000000007f4       0x64 /var/folders/tp/tmlhpk0x5cbgt8tz5p9q2y6r0000gn/T//cc0Pnb0J.ltrans0.ltrans.o
 .text.xTaskIncrementTick
                0x0000000000000858      0x100 /var/folders/tp/tmlhpk0x5cbgt8tz5p9q2y6r0000gn/T//cc0Pnb0J.ltrans0.ltrans.o
 .text.vListInitialiseItem
                0x0000000000000958        0x6 /var/folders/tp/tmlhpk0x5cbgt8tz5p9q2y6r0000gn/T//cc0Pnb0J.ltrans0.ltrans.o
 .text.vListInitialise
                0x000000000000095e       0x16 /var/folders/tp/tmlhpk0x5cbgt8tz5p9q2y6r0000gn/T//cc0Pnb0J.ltrans0.ltrans.o
 .text.prvInitialiseTaskLists
                0x0000000000000974       0x68 /var/folders/tp/tmlhpk0x5cbgt8tz5p9q2y6r0000gn/T//cc0Pnb0J.ltrans0.ltrans.o
 .text.prvInsertBlockIntoFreeList
                0x00000000000009dc       0x58 /var/folders/tp/tmlhpk0x5cbgt8tz5p9q2y6r0000gn/T//cc0Pnb0J.ltrans0.ltrans.o
 .text.prvHeapInit
                0x0000000000000a34       0x64 /var/folders/tp/tmlhpk0x5cbgt8tz5p9q2y6r0000gn/T//cc0Pnb0J.ltrans0.ltrans.o
 .text.xPortGetFreeHeapSize
                0x0000000000000a98        0xc /var/folders/tp/tmlhpk0x5cbgt8tz5p9q2y6r0000gn/T//cc0Pnb0J.ltrans0.ltrans.o
 .text.vPortSetupTimerInterrupt
                0x0000000000000aa4       0x34 /var/folders/tp/tmlhpk0x5cbgt8tz5p9q2y6r0000gn/T//cc0Pnb0J.ltrans0.ltrans.o
 .text.xPortSysTickHandler
                0x0000000000000ad8       0x2c /var/folders/tp/tmlhpk0x5cbgt8tz5p9q2y6r0000gn/T//cc0Pnb0J.ltrans0.ltrans.o
 *fill*         0x0000000000000b04        0xc 
 .text.xPortPendSVHandler
                0x0000000000000b10       0x44 /var/folders/tp/tmlhpk0x5cbgt8tz5p9q2y6r0000gn/T//cc0Pnb0J.ltrans0.ltrans.o
 .text.vPortExitCritical
                0x0000000000000b54       0x14 /var/folders/tp/tmlhpk0x5cbgt8tz5p9q2y6r0000gn/T//cc0Pnb0J.ltrans0.ltrans.o
 .text.vPortEnterCritical
                0x0000000000000b68       0x20 /var/folders/tp/tmlhpk0x5cbgt8tz5p9q2y6r0000gn/T//cc0Pnb0J.ltrans0.ltrans.o
 .text.xTaskCheckForTimeOut
                0x0000000000000b88       0x58 /var/folders/tp/tmlhpk0x5cbgt8tz5p9q2y6r0000gn/T//cc0Pnb0J.ltrans0.ltrans.o
 .text.xTaskResumeAll
                0x0000000000000be0       0xe4 /var/folders/tp/tmlhpk0x5cbgt8tz5p9q2y6r0000gn/T//cc0Pnb0J.ltrans0.ltrans.o
 .text.vTaskDelay
                0x0000000000000cc4       0x34 /var/folders/tp/tmlhpk0x5cbgt8tz5p9q2y6r0000gn/T//cc0Pnb0J.ltrans0.ltrans.o
 .text.vPortFree
                0x0000000000000cf8       0x4c /var/folders/tp/tmlhpk0x5cbgt8tz5p9q2y6r0000gn/T//cc0Pnb0J.ltrans0.ltrans.o
 .text.prvDeleteTCB
                0x0000000000000d44       0x12 /var/folders/tp/tmlhpk0x5cbgt8tz5p9q2y6r0000gn/T//cc0Pnb0J.ltrans0.ltrans.o
 *fill*         0x0000000000000d56        0x2 
 .text.prvCheckTasksWaitingTermination
                0x0000000000000d58       0x4c /var/folders/tp/tmlhpk0x5cbgt8tz5p9q2y6r0000gn/T//cc0Pnb0J.ltrans0.ltrans.o
 .text.prvIdleTask
                0x0000000000000da4        0x8 /var/folders/tp/tmlhpk0x5cbgt8tz5p9q2y6r0000gn/T//cc0Pnb0J.ltrans0.ltrans.o
 .text.vQueueDelete
                0x0000000000000dac       0x10 /var/folders/tp/tmlhpk0x5cbgt8tz5p9q2y6r0000gn/T//cc0Pnb0J.ltrans0.ltrans.o
 .text.pvPortMalloc
                0x0000000000000dbc       0xc0 /var/folders/tp/tmlhpk0x5cbgt8tz5p9q2y6r0000gn/T//cc0Pnb0J.ltrans0.ltrans.o
 .text.eTaskGetState
                0x0000000000000e7c       0x7c /var/folders/tp/tmlhpk0x5cbgt8tz5p9q2y6r0000gn/T//cc0Pnb0J.ltrans0.ltrans.o
 .text.vTaskGetInfo
                0x0000000000000ef8       0x78 /var/folders/tp/tmlhpk0x5cbgt8tz5p9q2y6r0000gn/T//cc0Pnb0J.ltrans0.ltrans.o
 .text.prvListTasksWithinSingleList
                0x0000000000000f70       0x60 /var/folders/tp/tmlhpk0x5cbgt8tz5p9q2y6r0000gn/T//cc0Pnb0J.ltrans0.ltrans.o
 .text.uxTaskGetSystemState
                0x0000000000000fd0       0xb0 /var/folders/tp/tmlhpk0x5cbgt8tz5p9q2y6r0000gn/T//cc0Pnb0J.ltrans0.ltrans.o
 .text.prvAddNewTaskToReadyList
                0x0000000000001080       0xac /var/folders/tp/tmlhpk0x5cbgt8tz5p9q2y6r0000gn/T//cc0Pnb0J.ltrans0.ltrans.o
 .text.prvIsQueueFull
                0x000000000000112c       0x1e /var/folders/tp/tmlhpk0x5cbgt8tz5p9q2y6r0000gn/T//cc0Pnb0J.ltrans0.ltrans.o
 .text.prvIsQueueEmpty
                0x000000000000114a       0x1a /var/folders/tp/tmlhpk0x5cbgt8tz5p9q2y6r0000gn/T//cc0Pnb0J.ltrans0.ltrans.o
 .text.prvUnlockQueue
                0x0000000000001164       0x6e /var/folders/tp/tmlhpk0x5cbgt8tz5p9q2y6r0000gn/T//cc0Pnb0J.ltrans0.ltrans.o
 *fill*         0x00000000000011d2        0x2 
 .text.xQueueSemaphoreTake
                0x00000000000011d4      0x148 /var/folders/tp/tmlhpk0x5cbgt8tz5p9q2y6r0000gn/T//cc0Pnb0J.ltrans0.ltrans.o
 .text.xQueueGenericReset
                0x000000000000131c       0x70 /var/folders/tp/tmlhpk0x5cbgt8tz5p9q2y6r0000gn/T//cc0Pnb0J.ltrans0.ltrans.o
 .text.prvInitialiseNewQueue
                0x000000000000138c       0x22 /var/folders/tp/tmlhpk0x5cbgt8tz5p9q2y6r0000gn/T//cc0Pnb0J.ltrans0.ltrans.o
 .text.xQueueGenericCreate
                0x00000000000013ae       0x34 /var/folders/tp/tmlhpk0x5cbgt8tz5p9q2y6r0000gn/T//cc0Pnb0J.ltrans0.ltrans.o
 .text.xQueueCreateCountingSemaphore
                0x00000000000013e2       0x16 /var/folders/tp/tmlhpk0x5cbgt8tz5p9q2y6r0000gn/T//cc0Pnb0J.ltrans0.ltrans.o
 .text.prvPortStartFirstTask
                0x00000000000013f8       0x20 /var/folders/tp/tmlhpk0x5cbgt8tz5p9q2y6r0000gn/T//cc0Pnb0J.ltrans0.ltrans.o
 *fill*         0x0000000000001418        0x8 
 .text.vPortSVCHandler
                0x0000000000001420       0x24 /var/folders/tp/tmlhpk0x5cbgt8tz5p9q2y6r0000gn/T//cc0Pnb0J.ltrans0.ltrans.o
 .text.prvTaskExitError
                0x0000000000001444       0x20 /var/folders/tp/tmlhpk0x5cbgt8tz5p9q2y6r0000gn/T//cc0Pnb0J.ltrans0.ltrans.o
 .text.xPortStartScheduler
                0x0000000000001464       0x38 /var/folders/tp/tmlhpk0x5cbgt8tz5p9q2y6r0000gn/T//cc0Pnb0J.ltrans0.ltrans.o
 .text.pxPortInitialiseStack
                0x000000000000149c       0x24 /var/folders/tp/tmlhpk0x5cbgt8tz5p9q2y6r0000gn/T//cc0Pnb0J.ltrans0.ltrans.o
 .text.lwip_sockopt_to_ipopt
                0x00000000000014c0       0x10 /var/folders/tp/tmlhpk0x5cbgt8tz5p9q2y6r0000gn/T//cc0Pnb0J.ltrans0.ltrans.o
 .text.free_socket_locked
                0x00000000000014d0       0x12 /var/folders/tp/tmlhpk0x5cbgt8tz5p9q2y6r0000gn/T//cc0Pnb0J.ltrans0.ltrans.o
 *fill*         0x00000000000014e2        0x2 
 .text.tryget_socket_unconn_nouse
                0x00000000000014e4       0x14 /var/folders/tp/tmlhpk0x5cbgt8tz5p9q2y6r0000gn/T//cc0Pnb0J.ltrans0.ltrans.o
 .text.tryget_socket_unconn
                0x00000000000014f8        0x8 /var/folders/tp/tmlhpk0x5cbgt8tz5p9q2y6r0000gn/T//cc0Pnb0J.ltrans0.ltrans.o
 .text.tryget_socket
                0x0000000000001500       0x1a /var/folders/tp/tmlhpk0x5cbgt8tz5p9q2y6r0000gn/T//cc0Pnb0J.ltrans0.ltrans.o
 *fill*         0x000000000000151a        0x2 
 .text.get_socket
                0x000000000000151c       0x1c /var/folders/tp/tmlhpk0x5cbgt8tz5p9q2y6r0000gn/T//cc0Pnb0J.ltrans0.ltrans.o
 .text.lwip_socket_unregister_membership
                0x0000000000001538       0x64 /var/folders/tp/tmlhpk0x5cbgt8tz5p9q2y6r0000gn/T//cc0Pnb0J.ltrans0.ltrans.o
 .text.lwip_socket_register_membership
                0x000000000000159c       0x48 /var/folders/tp/tmlhpk0x5cbgt8tz5p9q2y6r0000gn/T//cc0Pnb0J.ltrans0.ltrans.o
 .text.err_to_errno
                0x00000000000015e4       0x20 /var/folders/tp/tmlhpk0x5cbgt8tz5p9q2y6r0000gn/T//cc0Pnb0J.ltrans0.ltrans.o
 .text.sys_arch_unprotect
                0x0000000000001604        0x8 /var/folders/tp/tmlhpk0x5cbgt8tz5p9q2y6r0000gn/T//cc0Pnb0J.ltrans0.ltrans.o
 .text.sys_arch_protect
                0x000000000000160c        0xa /var/folders/tp/tmlhpk0x5cbgt8tz5p9q2y6r0000gn/T//cc0Pnb0J.ltrans0.ltrans.o
 *fill*         0x0000000000001616        0x2 
 .text.alloc_socket
                0x0000000000001618       0x60 /var/folders/tp/tmlhpk0x5cbgt8tz5p9q2y6r0000gn/T//cc0Pnb0J.ltrans0.ltrans.o
 .text.netconn_err
                0x0000000000001678       0x1e /var/folders/tp/tmlhpk0x5cbgt8tz5p9q2y6r0000gn/T//cc0Pnb0J.ltrans0.ltrans.o
 .text.lwip_netconn_do_write
                0x0000000000001696       0x16 /var/folders/tp/tmlhpk0x5cbgt8tz5p9q2y6r0000gn/T//cc0Pnb0J.ltrans0.ltrans.o
 .text.sys_now  0x00000000000016ac        0x8 /var/folders/tp/tmlhpk0x5cbgt8tz5p9q2y6r0000gn/T//cc0Pnb0J.ltrans0.ltrans.o
 .text.sys_sem_free
                0x00000000000016b4        0xa /var/folders/tp/tmlhpk0x5cbgt8tz5p9q2y6r0000gn/T//cc0Pnb0J.ltrans0.ltrans.o
 .text.sys_mutex_lock
                0x00000000000016be       0x14 /var/folders/tp/tmlhpk0x5cbgt8tz5p9q2y6r0000gn/T//cc0Pnb0J.ltrans0.ltrans.o
 .text.sys_arch_sem_wait
                0x00000000000016d2       0x42 /var/folders/tp/tmlhpk0x5cbgt8tz5p9q2y6r0000gn/T//cc0Pnb0J.ltrans0.ltrans.o
 .text.sys_mbox_free
                0x0000000000001714        0xa /var/folders/tp/tmlhpk0x5cbgt8tz5p9q2y6r0000gn/T//cc0Pnb0J.ltrans0.ltrans.o
 .text.sys_mbox_new
                0x000000000000171e       0x1c /var/folders/tp/tmlhpk0x5cbgt8tz5p9q2y6r0000gn/T//cc0Pnb0J.ltrans0.ltrans.o
 *fill*         0x000000000000173a        0x2 
 .text.smsc_update_phy_sts
                0x000000000000173c       0x88 /var/folders/tp/tmlhpk0x5cbgt8tz5p9q2y6r0000gn/T//cc0Pnb0J.ltrans0.ltrans.o
 .text.msDelay  0x00000000000017c4       0x1c /var/folders/tp/tmlhpk0x5cbgt8tz5p9q2y6r0000gn/T//cc0Pnb0J.ltrans0.ltrans.o
 .text.lpc_emac_set_speed
                0x00000000000017e0       0x18 /var/folders/tp/tmlhpk0x5cbgt8tz5p9q2y6r0000gn/T//cc0Pnb0J.ltrans0.ltrans.o
 .text.lpc_emac_set_duplex
                0x00000000000017f8       0x3e /var/folders/tp/tmlhpk0x5cbgt8tz5p9q2y6r0000gn/T//cc0Pnb0J.ltrans0.ltrans.o
 *fill*         0x0000000000001836        0x2 
 .text.ENET_IRQHandler
                0x0000000000001838       0x6c /var/folders/tp/tmlhpk0x5cbgt8tz5p9q2y6r0000gn/T//cc0Pnb0J.ltrans0.ltrans.o
 .text.lpc_tx_ready
                0x00000000000018a4       0x2e /var/folders/tp/tmlhpk0x5cbgt8tz5p9q2y6r0000gn/T//cc0Pnb0J.ltrans0.ltrans.o
 .text.readphy  0x00000000000018d2       0x40 /var/folders/tp/tmlhpk0x5cbgt8tz5p9q2y6r0000gn/T//cc0Pnb0J.ltrans0.ltrans.o
 *fill*         0x0000000000001912        0x2 
 .text.lpcPHYStsPoll
                0x0000000000001914       0x7c /var/folders/tp/tmlhpk0x5cbgt8tz5p9q2y6r0000gn/T//cc0Pnb0J.ltrans0.ltrans.o
 .text.writephy
                0x0000000000001990       0x3c /var/folders/tp/tmlhpk0x5cbgt8tz5p9q2y6r0000gn/T//cc0Pnb0J.ltrans0.ltrans.o
 .text.lpc_phy_init
                0x00000000000019cc       0x74 /var/folders/tp/tmlhpk0x5cbgt8tz5p9q2y6r0000gn/T//cc0Pnb0J.ltrans0.ltrans.o
 .text.IsRxEmpty
                0x0000000000001a40       0x18 /var/folders/tp/tmlhpk0x5cbgt8tz5p9q2y6r0000gn/T//cc0Pnb0J.ltrans0.ltrans.o
 .text.lpc_packet_addr_notsafe
                0x0000000000001a58       0x36 /var/folders/tp/tmlhpk0x5cbgt8tz5p9q2y6r0000gn/T//cc0Pnb0J.ltrans0.ltrans.o
 .text.lpc_tx_setup
                0x0000000000001a8e       0x48 /var/folders/tp/tmlhpk0x5cbgt8tz5p9q2y6r0000gn/T//cc0Pnb0J.ltrans0.ltrans.o
 .text.lpc_rxqueue_pbuf
                0x0000000000001ad6       0x64 /var/folders/tp/tmlhpk0x5cbgt8tz5p9q2y6r0000gn/T//cc0Pnb0J.ltrans0.ltrans.o
 *fill*         0x0000000000001b3a        0x2 
 .text.udp_netif_ip_addr_changed
                0x0000000000001b3c       0x38 /var/folders/tp/tmlhpk0x5cbgt8tz5p9q2y6r0000gn/T//cc0Pnb0J.ltrans0.ltrans.o
 .text.udp_recv
                0x0000000000001b74        0x8 /var/folders/tp/tmlhpk0x5cbgt8tz5p9q2y6r0000gn/T//cc0Pnb0J.ltrans0.ltrans.o
 .text.udp_disconnect
                0x0000000000001b7c       0x14 /var/folders/tp/tmlhpk0x5cbgt8tz5p9q2y6r0000gn/T//cc0Pnb0J.ltrans0.ltrans.o
 .text.lwip_netconn_do_disconnect
                0x0000000000001b90       0x22 /var/folders/tp/tmlhpk0x5cbgt8tz5p9q2y6r0000gn/T//cc0Pnb0J.ltrans0.ltrans.o
 .text.udp_bind_netif
                0x0000000000001bb2       0x12 /var/folders/tp/tmlhpk0x5cbgt8tz5p9q2y6r0000gn/T//cc0Pnb0J.ltrans0.ltrans.o
 .text.udp_input_local_match
                0x0000000000001bc4       0x78 /var/folders/tp/tmlhpk0x5cbgt8tz5p9q2y6r0000gn/T//cc0Pnb0J.ltrans0.ltrans.o
 .text.udp_new_port
                0x0000000000001c3c       0x4c /var/folders/tp/tmlhpk0x5cbgt8tz5p9q2y6r0000gn/T//cc0Pnb0J.ltrans0.ltrans.o
 .text.udp_bind
                0x0000000000001c88       0xb8 /var/folders/tp/tmlhpk0x5cbgt8tz5p9q2y6r0000gn/T//cc0Pnb0J.ltrans0.ltrans.o
 .text.lwip_netconn_do_bind
                0x0000000000001d40       0x2c /var/folders/tp/tmlhpk0x5cbgt8tz5p9q2y6r0000gn/T//cc0Pnb0J.ltrans0.ltrans.o
 .text.udp_connect
                0x0000000000001d6c       0x60 /var/folders/tp/tmlhpk0x5cbgt8tz5p9q2y6r0000gn/T//cc0Pnb0J.ltrans0.ltrans.o
 .text.lwip_netconn_do_connect
                0x0000000000001dcc       0x2c /var/folders/tp/tmlhpk0x5cbgt8tz5p9q2y6r0000gn/T//cc0Pnb0J.ltrans0.ltrans.o
 .text.sys_timeouts_sleeptime
                0x0000000000001df8       0x28 /var/folders/tp/tmlhpk0x5cbgt8tz5p9q2y6r0000gn/T//cc0Pnb0J.ltrans0.ltrans.o
 .text.pbuf_cat
                0x0000000000001e20       0x2c /var/folders/tp/tmlhpk0x5cbgt8tz5p9q2y6r0000gn/T//cc0Pnb0J.ltrans0.ltrans.o
 .text.pbuf_ref
                0x0000000000001e4c       0x18 /var/folders/tp/tmlhpk0x5cbgt8tz5p9q2y6r0000gn/T//cc0Pnb0J.ltrans0.ltrans.o
 .text.pbuf_chain
                0x0000000000001e64       0x10 /var/folders/tp/tmlhpk0x5cbgt8tz5p9q2y6r0000gn/T//cc0Pnb0J.ltrans0.ltrans.o
 .text.pbuf_clen
                0x0000000000001e74       0x12 /var/folders/tp/tmlhpk0x5cbgt8tz5p9q2y6r0000gn/T//cc0Pnb0J.ltrans0.ltrans.o
 .text.pbuf_remove_header
                0x0000000000001e86       0x3c /var/folders/tp/tmlhpk0x5cbgt8tz5p9q2y6r0000gn/T//cc0Pnb0J.ltrans0.ltrans.o
 .text.pbuf_add_header_impl
                0x0000000000001ec2       0x5c /var/folders/tp/tmlhpk0x5cbgt8tz5p9q2y6r0000gn/T//cc0Pnb0J.ltrans0.ltrans.o
 .text.pbuf_header_impl
                0x0000000000001f1e       0x14 /var/folders/tp/tmlhpk0x5cbgt8tz5p9q2y6r0000gn/T//cc0Pnb0J.ltrans0.ltrans.o
 .text.pbuf_header_force
                0x0000000000001f32        0xa /var/folders/tp/tmlhpk0x5cbgt8tz5p9q2y6r0000gn/T//cc0Pnb0J.ltrans0.ltrans.o
 .text.pbuf_add_header
                0x0000000000001f3c        0xa /var/folders/tp/tmlhpk0x5cbgt8tz5p9q2y6r0000gn/T//cc0Pnb0J.ltrans0.ltrans.o
 .text.pbuf_init_alloced_pbuf
                0x0000000000001f46       0x22 /var/folders/tp/tmlhpk0x5cbgt8tz5p9q2y6r0000gn/T//cc0Pnb0J.ltrans0.ltrans.o
 .text.netif_get_by_index
                0x0000000000001f68       0x24 /var/folders/tp/tmlhpk0x5cbgt8tz5p9q2y6r0000gn/T//cc0Pnb0J.ltrans0.ltrans.o
 .text.netif_null_output_ip4
                0x0000000000001f8c        0x6 /var/folders/tp/tmlhpk0x5cbgt8tz5p9q2y6r0000gn/T//cc0Pnb0J.ltrans0.ltrans.o
 *fill*         0x0000000000001f92        0x2 
 .text.netif_set_default
                0x0000000000001f94        0xc /var/folders/tp/tmlhpk0x5cbgt8tz5p9q2y6r0000gn/T//cc0Pnb0J.ltrans0.ltrans.o
 .text.netif_do_set_gw
                0x0000000000001fa0       0x18 /var/folders/tp/tmlhpk0x5cbgt8tz5p9q2y6r0000gn/T//cc0Pnb0J.ltrans0.ltrans.o
 .text.netif_do_set_netmask
                0x0000000000001fb8       0x18 /var/folders/tp/tmlhpk0x5cbgt8tz5p9q2y6r0000gn/T//cc0Pnb0J.ltrans0.ltrans.o
 .text.netif_do_ip_addr_changed
                0x0000000000001fd0        0x8 /var/folders/tp/tmlhpk0x5cbgt8tz5p9q2y6r0000gn/T//cc0Pnb0J.ltrans0.ltrans.o
 .text.mem_trim
                0x0000000000001fd8        0x2 /var/folders/tp/tmlhpk0x5cbgt8tz5p9q2y6r0000gn/T//cc0Pnb0J.ltrans0.ltrans.o
 .text.lwip_htonl
                0x0000000000001fda       0x18 /var/folders/tp/tmlhpk0x5cbgt8tz5p9q2y6r0000gn/T//cc0Pnb0J.ltrans0.ltrans.o
 .text.lwip_htons
                0x0000000000001ff2        0xa /var/folders/tp/tmlhpk0x5cbgt8tz5p9q2y6r0000gn/T//cc0Pnb0J.ltrans0.ltrans.o
 .text.lwip_standard_chksum
                0x0000000000001ffc       0x3c /var/folders/tp/tmlhpk0x5cbgt8tz5p9q2y6r0000gn/T//cc0Pnb0J.ltrans0.ltrans.o
 .text.inet_chksum_pbuf
                0x0000000000002038       0x48 /var/folders/tp/tmlhpk0x5cbgt8tz5p9q2y6r0000gn/T//cc0Pnb0J.ltrans0.ltrans.o
 .text.inet_chksum
                0x0000000000002080        0xc /var/folders/tp/tmlhpk0x5cbgt8tz5p9q2y6r0000gn/T//cc0Pnb0J.ltrans0.ltrans.o
 .text.inet_cksum_pseudo_partial_base
                0x000000000000208c       0x84 /var/folders/tp/tmlhpk0x5cbgt8tz5p9q2y6r0000gn/T//cc0Pnb0J.ltrans0.ltrans.o
 .text.inet_chksum_pseudo_partial
                0x0000000000002110       0x30 /var/folders/tp/tmlhpk0x5cbgt8tz5p9q2y6r0000gn/T//cc0Pnb0J.ltrans0.ltrans.o
 .text.ip_chksum_pseudo_partial
                0x0000000000002140       0x14 /var/folders/tp/tmlhpk0x5cbgt8tz5p9q2y6r0000gn/T//cc0Pnb0J.ltrans0.ltrans.o
 .text.inet_cksum_pseudo_base
                0x0000000000002154       0x6c /var/folders/tp/tmlhpk0x5cbgt8tz5p9q2y6r0000gn/T//cc0Pnb0J.ltrans0.ltrans.o
 .text.inet_chksum_pseudo
                0x00000000000021c0       0x28 /var/folders/tp/tmlhpk0x5cbgt8tz5p9q2y6r0000gn/T//cc0Pnb0J.ltrans0.ltrans.o
 .text.ip_chksum_pseudo
                0x00000000000021e8       0x10 /var/folders/tp/tmlhpk0x5cbgt8tz5p9q2y6r0000gn/T//cc0Pnb0J.ltrans0.ltrans.o
 .text.ip4_addr_isbroadcast_u32
                0x00000000000021f8       0x40 /var/folders/tp/tmlhpk0x5cbgt8tz5p9q2y6r0000gn/T//cc0Pnb0J.ltrans0.ltrans.o
 .text.ip4_input_accept
                0x0000000000002238       0x38 /var/folders/tp/tmlhpk0x5cbgt8tz5p9q2y6r0000gn/T//cc0Pnb0J.ltrans0.ltrans.o
 .text.ip4_route
                0x0000000000002270       0xa8 /var/folders/tp/tmlhpk0x5cbgt8tz5p9q2y6r0000gn/T//cc0Pnb0J.ltrans0.ltrans.o
 .text.igmp_remove_group
                0x0000000000002318       0x1e /var/folders/tp/tmlhpk0x5cbgt8tz5p9q2y6r0000gn/T//cc0Pnb0J.ltrans0.ltrans.o
 .text.igmp_lookfor_group
                0x0000000000002336       0x12 /var/folders/tp/tmlhpk0x5cbgt8tz5p9q2y6r0000gn/T//cc0Pnb0J.ltrans0.ltrans.o
 .text.igmp_init
                0x0000000000002348       0x1c /var/folders/tp/tmlhpk0x5cbgt8tz5p9q2y6r0000gn/T//cc0Pnb0J.ltrans0.ltrans.o
 .text.SystemInit
                0x0000000000002364      0x100 /var/folders/tp/tmlhpk0x5cbgt8tz5p9q2y6r0000gn/T//cc0Pnb0J.ltrans0.ltrans.o
 .text.SystemCoreClockUpdate
                0x0000000000002464      0x140 /var/folders/tp/tmlhpk0x5cbgt8tz5p9q2y6r0000gn/T//cc0Pnb0J.ltrans0.ltrans.o
 .text.isSemihosting
                0x00000000000025a4       0x20 /var/folders/tp/tmlhpk0x5cbgt8tz5p9q2y6r0000gn/T//cc0Pnb0J.ltrans0.ltrans.o
 .text.__initialize_hardware
                0x00000000000025c4        0x8 /var/folders/tp/tmlhpk0x5cbgt8tz5p9q2y6r0000gn/T//cc0Pnb0J.ltrans0.ltrans.o
 .text.__initialize_hardware_early
                0x00000000000025cc       0x18 /var/folders/tp/tmlhpk0x5cbgt8tz5p9q2y6r0000gn/T//cc0Pnb0J.ltrans0.ltrans.o
 .text._trace_write_semihosting_debug
                0x00000000000025e4       0x60 /var/folders/tp/tmlhpk0x5cbgt8tz5p9q2y6r0000gn/T//cc0Pnb0J.ltrans0.ltrans.o
 .text.trace_write
                0x0000000000002644        0x8 /var/folders/tp/tmlhpk0x5cbgt8tz5p9q2y6r0000gn/T//cc0Pnb0J.ltrans0.ltrans.o
 .text.set_OpenDrainMode
                0x000000000000264c       0x30 /var/folders/tp/tmlhpk0x5cbgt8tz5p9q2y6r0000gn/T//cc0Pnb0J.ltrans0.ltrans.o
 .text.set_ResistorMode
                0x000000000000267c       0x34 /var/folders/tp/tmlhpk0x5cbgt8tz5p9q2y6r0000gn/T//cc0Pnb0J.ltrans0.ltrans.o
 .text.set_PinFunc
                0x00000000000026b0       0x34 /var/folders/tp/tmlhpk0x5cbgt8tz5p9q2y6r0000gn/T//cc0Pnb0J.ltrans0.ltrans.o
 .text.PINSEL_ConfigPin
                0x00000000000026e4       0x24 /var/folders/tp/tmlhpk0x5cbgt8tz5p9q2y6r0000gn/T//cc0Pnb0J.ltrans0.ltrans.o
 .text.CLKPWR_ConfigPPWR
                0x0000000000002708       0x34 /var/folders/tp/tmlhpk0x5cbgt8tz5p9q2y6r0000gn/T//cc0Pnb0J.ltrans0.ltrans.o
 .text.CLKPWR_GetPCLKSEL
                0x000000000000273c       0x24 /var/folders/tp/tmlhpk0x5cbgt8tz5p9q2y6r0000gn/T//cc0Pnb0J.ltrans0.ltrans.o
 .text.CLKPWR_GetPCLK
                0x0000000000002760       0x28 /var/folders/tp/tmlhpk0x5cbgt8tz5p9q2y6r0000gn/T//cc0Pnb0J.ltrans0.ltrans.o
 .text.uart_set_divisors
                0x0000000000002788      0x190 /var/folders/tp/tmlhpk0x5cbgt8tz5p9q2y6r0000gn/T//cc0Pnb0J.ltrans0.ltrans.o
 .text.__initialize_args
                0x0000000000002918       0x10 /var/folders/tp/tmlhpk0x5cbgt8tz5p9q2y6r0000gn/T//cc0Pnb0J.ltrans0.ltrans.o
 .text._exit    0x0000000000002928        0x2 /var/folders/tp/tmlhpk0x5cbgt8tz5p9q2y6r0000gn/T//cc0Pnb0J.ltrans0.ltrans.o
 .text.prvCopyDataFromQueue
                0x000000000000292a       0x24 /var/folders/tp/tmlhpk0x5cbgt8tz5p9q2y6r0000gn/T//cc0Pnb0J.ltrans0.ltrans.o
 *fill*         0x000000000000294e        0x2 
 .text.xQueueReceive
                0x0000000000002950      0x10c /var/folders/tp/tmlhpk0x5cbgt8tz5p9q2y6r0000gn/T//cc0Pnb0J.ltrans0.ltrans.o
 .text.sys_arch_mbox_tryfetch
                0x0000000000002a5c       0x28 /var/folders/tp/tmlhpk0x5cbgt8tz5p9q2y6r0000gn/T//cc0Pnb0J.ltrans0.ltrans.o
 .text.sys_arch_mbox_fetch
                0x0000000000002a84       0x56 /var/folders/tp/tmlhpk0x5cbgt8tz5p9q2y6r0000gn/T//cc0Pnb0J.ltrans0.ltrans.o
 .text.netconn_recv_data
                0x0000000000002ada       0xa8 /var/folders/tp/tmlhpk0x5cbgt8tz5p9q2y6r0000gn/T//cc0Pnb0J.ltrans0.ltrans.o
 .text.netconn_recv_udp_raw_netbuf_flags
                0x0000000000002b82       0x24 /var/folders/tp/tmlhpk0x5cbgt8tz5p9q2y6r0000gn/T//cc0Pnb0J.ltrans0.ltrans.o
 .text.prvCopyDataToQueue
                0x0000000000002ba6       0x76 /var/folders/tp/tmlhpk0x5cbgt8tz5p9q2y6r0000gn/T//cc0Pnb0J.ltrans0.ltrans.o
 .text.xQueueGenericSend
                0x0000000000002c1c      0x118 /var/folders/tp/tmlhpk0x5cbgt8tz5p9q2y6r0000gn/T//cc0Pnb0J.ltrans0.ltrans.o
 .text.prvInitialiseMutex
                0x0000000000002d34       0x18 /var/folders/tp/tmlhpk0x5cbgt8tz5p9q2y6r0000gn/T//cc0Pnb0J.ltrans0.ltrans.o
 .text.xQueueCreateMutex
                0x0000000000002d4c       0x16 /var/folders/tp/tmlhpk0x5cbgt8tz5p9q2y6r0000gn/T//cc0Pnb0J.ltrans0.ltrans.o
 .text.sys_mutex_new
                0x0000000000002d62       0x18 /var/folders/tp/tmlhpk0x5cbgt8tz5p9q2y6r0000gn/T//cc0Pnb0J.ltrans0.ltrans.o
 .text.sys_sem_signal
                0x0000000000002d7a       0x10 /var/folders/tp/tmlhpk0x5cbgt8tz5p9q2y6r0000gn/T//cc0Pnb0J.ltrans0.ltrans.o
 .text.event_callback
                0x0000000000002d8a       0x9c /var/folders/tp/tmlhpk0x5cbgt8tz5p9q2y6r0000gn/T//cc0Pnb0J.ltrans0.ltrans.o
 .text.sys_mutex_unlock
                0x0000000000002e26       0x10 /var/folders/tp/tmlhpk0x5cbgt8tz5p9q2y6r0000gn/T//cc0Pnb0J.ltrans0.ltrans.o
 *fill*         0x0000000000002e36        0x2 
 .text.tcpip_send_msg_wait_sem
                0x0000000000002e38       0x20 /var/folders/tp/tmlhpk0x5cbgt8tz5p9q2y6r0000gn/T//cc0Pnb0J.ltrans0.ltrans.o
 .text.netconn_apimsg
                0x0000000000002e58       0x18 /var/folders/tp/tmlhpk0x5cbgt8tz5p9q2y6r0000gn/T//cc0Pnb0J.ltrans0.ltrans.o
 .text.netconn_join_leave_group
                0x0000000000002e70       0x38 /var/folders/tp/tmlhpk0x5cbgt8tz5p9q2y6r0000gn/T//cc0Pnb0J.ltrans0.ltrans.o
 .text.lwip_socket_drop_registered_memberships
                0x0000000000002ea8       0x58 /var/folders/tp/tmlhpk0x5cbgt8tz5p9q2y6r0000gn/T//cc0Pnb0J.ltrans0.ltrans.o
 .text.netconn_write_vectors_partly
                0x0000000000002f00       0xb8 /var/folders/tp/tmlhpk0x5cbgt8tz5p9q2y6r0000gn/T//cc0Pnb0J.ltrans0.ltrans.o
 .text.netconn_write_partly
                0x0000000000002fb8       0x1a /var/folders/tp/tmlhpk0x5cbgt8tz5p9q2y6r0000gn/T//cc0Pnb0J.ltrans0.ltrans.o
 *fill*         0x0000000000002fd2        0x2 
 .text.netconn_send
                0x0000000000002fd4       0x24 /var/folders/tp/tmlhpk0x5cbgt8tz5p9q2y6r0000gn/T//cc0Pnb0J.ltrans0.ltrans.o
 .text.netconn_disconnect
                0x0000000000002ff8       0x24 /var/folders/tp/tmlhpk0x5cbgt8tz5p9q2y6r0000gn/T//cc0Pnb0J.ltrans0.ltrans.o
 .text.netconn_connect
                0x000000000000301c       0x34 /var/folders/tp/tmlhpk0x5cbgt8tz5p9q2y6r0000gn/T//cc0Pnb0J.ltrans0.ltrans.o
 .text.connect  0x0000000000003050       0x80 /var/folders/tp/tmlhpk0x5cbgt8tz5p9q2y6r0000gn/T//cc0Pnb0J.ltrans0.ltrans.o
 .text.netconn_bind
                0x00000000000030d0       0x34 /var/folders/tp/tmlhpk0x5cbgt8tz5p9q2y6r0000gn/T//cc0Pnb0J.ltrans0.ltrans.o
 .text.bind     0x0000000000003104       0x7c /var/folders/tp/tmlhpk0x5cbgt8tz5p9q2y6r0000gn/T//cc0Pnb0J.ltrans0.ltrans.o
 .text.netconn_prepare_delete
                0x0000000000003180       0x20 /var/folders/tp/tmlhpk0x5cbgt8tz5p9q2y6r0000gn/T//cc0Pnb0J.ltrans0.ltrans.o
 .text.sys_sem_new
                0x00000000000031a0       0x38 /var/folders/tp/tmlhpk0x5cbgt8tz5p9q2y6r0000gn/T//cc0Pnb0J.ltrans0.ltrans.o
 .text.sys_mbox_trypost
                0x00000000000031d8       0x26 /var/folders/tp/tmlhpk0x5cbgt8tz5p9q2y6r0000gn/T//cc0Pnb0J.ltrans0.ltrans.o
 .text.sys_mbox_post
                0x00000000000031fe       0x1e /var/folders/tp/tmlhpk0x5cbgt8tz5p9q2y6r0000gn/T//cc0Pnb0J.ltrans0.ltrans.o
 .text.pbuf_copy_partial
                0x000000000000321c       0x5e /var/folders/tp/tmlhpk0x5cbgt8tz5p9q2y6r0000gn/T//cc0Pnb0J.ltrans0.ltrans.o
 .text.pbuf_copy
                0x000000000000327a       0xb0 /var/folders/tp/tmlhpk0x5cbgt8tz5p9q2y6r0000gn/T//cc0Pnb0J.ltrans0.ltrans.o
 .text.ethernet_output
                0x000000000000332a       0x4c /var/folders/tp/tmlhpk0x5cbgt8tz5p9q2y6r0000gn/T//cc0Pnb0J.ltrans0.ltrans.o
 .text.prvInitialiseNewTask
                0x0000000000003376       0x90 /var/folders/tp/tmlhpk0x5cbgt8tz5p9q2y6r0000gn/T//cc0Pnb0J.ltrans0.ltrans.o
 .text.xTaskCreate
                0x0000000000003406       0x62 /var/folders/tp/tmlhpk0x5cbgt8tz5p9q2y6r0000gn/T//cc0Pnb0J.ltrans0.ltrans.o
 .text.vTaskStartScheduler
                0x0000000000003468       0x60 /var/folders/tp/tmlhpk0x5cbgt8tz5p9q2y6r0000gn/T//cc0Pnb0J.ltrans0.ltrans.o
 .text.sys_thread_new
                0x00000000000034c8       0x2a /var/folders/tp/tmlhpk0x5cbgt8tz5p9q2y6r0000gn/T//cc0Pnb0J.ltrans0.ltrans.o
 .text.lwip_sock_make_addr
                0x00000000000034f2       0x58 /var/folders/tp/tmlhpk0x5cbgt8tz5p9q2y6r0000gn/T//cc0Pnb0J.ltrans0.ltrans.o
 *fill*         0x000000000000354a        0x2 
 .text.ip4_output_if_opt_src
                0x000000000000354c      0x164 /var/folders/tp/tmlhpk0x5cbgt8tz5p9q2y6r0000gn/T//cc0Pnb0J.ltrans0.ltrans.o
 .text.ip4_output_if_src
                0x00000000000036b0       0x22 /var/folders/tp/tmlhpk0x5cbgt8tz5p9q2y6r0000gn/T//cc0Pnb0J.ltrans0.ltrans.o
 .text.ip4_output_if_opt
                0x00000000000036d2       0x34 /var/folders/tp/tmlhpk0x5cbgt8tz5p9q2y6r0000gn/T//cc0Pnb0J.ltrans0.ltrans.o
 .text.ip4_output_if
                0x0000000000003706       0x22 /var/folders/tp/tmlhpk0x5cbgt8tz5p9q2y6r0000gn/T//cc0Pnb0J.ltrans0.ltrans.o
 .text.igmp_ip_output_if
                0x0000000000003728       0x2c /var/folders/tp/tmlhpk0x5cbgt8tz5p9q2y6r0000gn/T//cc0Pnb0J.ltrans0.ltrans.o
 .text.set_dev_net
                0x0000000000003754       0x1e /var/folders/tp/tmlhpk0x5cbgt8tz5p9q2y6r0000gn/T//cc0Pnb0J.ltrans0.ltrans.o
 .text.prvWriteNameToBuffer
                0x0000000000003772       0x22 /var/folders/tp/tmlhpk0x5cbgt8tz5p9q2y6r0000gn/T//cc0Pnb0J.ltrans0.ltrans.o
 .text.vTaskList
                0x0000000000003794       0xb8 /var/folders/tp/tmlhpk0x5cbgt8tz5p9q2y6r0000gn/T//cc0Pnb0J.ltrans0.ltrans.o
 .text.udp_init
                0x000000000000384c       0x18 /var/folders/tp/tmlhpk0x5cbgt8tz5p9q2y6r0000gn/T//cc0Pnb0J.ltrans0.ltrans.o
 .text.igmp_start_timer
                0x0000000000003864       0x26 /var/folders/tp/tmlhpk0x5cbgt8tz5p9q2y6r0000gn/T//cc0Pnb0J.ltrans0.ltrans.o
 .text.igmp_delaying_member
                0x000000000000388a       0x24 /var/folders/tp/tmlhpk0x5cbgt8tz5p9q2y6r0000gn/T//cc0Pnb0J.ltrans0.ltrans.o
 .text.igmp_report_groups
                0x00000000000038ae       0x1a /var/folders/tp/tmlhpk0x5cbgt8tz5p9q2y6r0000gn/T//cc0Pnb0J.ltrans0.ltrans.o
 .text.netif_find
                0x00000000000038c8       0x44 /var/folders/tp/tmlhpk0x5cbgt8tz5p9q2y6r0000gn/T//cc0Pnb0J.ltrans0.ltrans.o
 .text.mem_free
                0x000000000000390c        0x8 /var/folders/tp/tmlhpk0x5cbgt8tz5p9q2y6r0000gn/T//cc0Pnb0J.ltrans0.ltrans.o
 .text.do_memp_free_pool
                0x0000000000003914       0x14 /var/folders/tp/tmlhpk0x5cbgt8tz5p9q2y6r0000gn/T//cc0Pnb0J.ltrans0.ltrans.o
 .text.memp_free
                0x0000000000003928       0x1c /var/folders/tp/tmlhpk0x5cbgt8tz5p9q2y6r0000gn/T//cc0Pnb0J.ltrans0.ltrans.o
 .text.netconn_free
                0x0000000000003944       0x18 /var/folders/tp/tmlhpk0x5cbgt8tz5p9q2y6r0000gn/T//cc0Pnb0J.ltrans0.ltrans.o
 .text.netconn_delete
                0x000000000000395c       0x1c /var/folders/tp/tmlhpk0x5cbgt8tz5p9q2y6r0000gn/T//cc0Pnb0J.ltrans0.ltrans.o
 .text.udp_remove
                0x0000000000003978       0x38 /var/folders/tp/tmlhpk0x5cbgt8tz5p9q2y6r0000gn/T//cc0Pnb0J.ltrans0.ltrans.o
 .text.sys_check_timeouts
                0x00000000000039b0       0x40 /var/folders/tp/tmlhpk0x5cbgt8tz5p9q2y6r0000gn/T//cc0Pnb0J.ltrans0.ltrans.o
 .text.tcpip_timeouts_mbox_fetch
                0x00000000000039f0       0x60 /var/folders/tp/tmlhpk0x5cbgt8tz5p9q2y6r0000gn/T//cc0Pnb0J.ltrans0.ltrans.o
 .text.pbuf_free
                0x0000000000003a50       0x58 /var/folders/tp/tmlhpk0x5cbgt8tz5p9q2y6r0000gn/T//cc0Pnb0J.ltrans0.ltrans.o
 .text.tcpip_thread_handle_msg
                0x0000000000003aa8       0x46 /var/folders/tp/tmlhpk0x5cbgt8tz5p9q2y6r0000gn/T//cc0Pnb0J.ltrans0.ltrans.o
 *fill*         0x0000000000003aee        0x2 
 .text.tcpip_thread
                0x0000000000003af0       0x3c /var/folders/tp/tmlhpk0x5cbgt8tz5p9q2y6r0000gn/T//cc0Pnb0J.ltrans0.ltrans.o
 .text.netbuf_free
                0x0000000000003b2c       0x1c /var/folders/tp/tmlhpk0x5cbgt8tz5p9q2y6r0000gn/T//cc0Pnb0J.ltrans0.ltrans.o
 .text.netbuf_delete
                0x0000000000003b48       0x20 /var/folders/tp/tmlhpk0x5cbgt8tz5p9q2y6r0000gn/T//cc0Pnb0J.ltrans0.ltrans.o
 .text.lwip_recvfrom_udp_raw
                0x0000000000003b68       0xde /var/folders/tp/tmlhpk0x5cbgt8tz5p9q2y6r0000gn/T//cc0Pnb0J.ltrans0.ltrans.o
 *fill*         0x0000000000003c46        0x2 
 .text.recvfrom
                0x0000000000003c48       0x94 /var/folders/tp/tmlhpk0x5cbgt8tz5p9q2y6r0000gn/T//cc0Pnb0J.ltrans0.ltrans.o
 .text.free_socket_free_elements
                0x0000000000003cdc       0x22 /var/folders/tp/tmlhpk0x5cbgt8tz5p9q2y6r0000gn/T//cc0Pnb0J.ltrans0.ltrans.o
 .text.free_socket
                0x0000000000003cfe       0x34 /var/folders/tp/tmlhpk0x5cbgt8tz5p9q2y6r0000gn/T//cc0Pnb0J.ltrans0.ltrans.o
 *fill*         0x0000000000003d32        0x2 
 .text.close    0x0000000000003d34       0x5c /var/folders/tp/tmlhpk0x5cbgt8tz5p9q2y6r0000gn/T//cc0Pnb0J.ltrans0.ltrans.o
 .text.netconn_drain
                0x0000000000003d90       0x32 /var/folders/tp/tmlhpk0x5cbgt8tz5p9q2y6r0000gn/T//cc0Pnb0J.ltrans0.ltrans.o
 .text.lwip_netconn_do_delconn
                0x0000000000003dc2       0x6c /var/folders/tp/tmlhpk0x5cbgt8tz5p9q2y6r0000gn/T//cc0Pnb0J.ltrans0.ltrans.o
 .text.lpc_tx_reclaim
                0x0000000000003e2e       0x6c /var/folders/tp/tmlhpk0x5cbgt8tz5p9q2y6r0000gn/T//cc0Pnb0J.ltrans0.ltrans.o
 *fill*         0x0000000000003e9a        0x2 
 .text.vTransmitCleanupTask
                0x0000000000003e9c       0x78 /var/folders/tp/tmlhpk0x5cbgt8tz5p9q2y6r0000gn/T//cc0Pnb0J.ltrans0.ltrans.o
 .text.pbuf_realloc
                0x0000000000003f14       0x54 /var/folders/tp/tmlhpk0x5cbgt8tz5p9q2y6r0000gn/T//cc0Pnb0J.ltrans0.ltrans.o
 .text.igmp_input
                0x0000000000003f68       0xcc /var/folders/tp/tmlhpk0x5cbgt8tz5p9q2y6r0000gn/T//cc0Pnb0J.ltrans0.ltrans.o
 .text.etharp_free_entry
                0x0000000000004034       0x34 /var/folders/tp/tmlhpk0x5cbgt8tz5p9q2y6r0000gn/T//cc0Pnb0J.ltrans0.ltrans.o
 .text.etharp_find_entry
                0x0000000000004068      0x148 /var/folders/tp/tmlhpk0x5cbgt8tz5p9q2y6r0000gn/T//cc0Pnb0J.ltrans0.ltrans.o
 .text.etharp_update_arp_entry
                0x00000000000041b0       0xc0 /var/folders/tp/tmlhpk0x5cbgt8tz5p9q2y6r0000gn/T//cc0Pnb0J.ltrans0.ltrans.o
 .text.mem_malloc
                0x0000000000004270       0x18 /var/folders/tp/tmlhpk0x5cbgt8tz5p9q2y6r0000gn/T//cc0Pnb0J.ltrans0.ltrans.o
 .text.do_memp_malloc_pool
                0x0000000000004288       0x26 /var/folders/tp/tmlhpk0x5cbgt8tz5p9q2y6r0000gn/T//cc0Pnb0J.ltrans0.ltrans.o
 *fill*         0x00000000000042ae        0x2 
 .text.memp_malloc
                0x00000000000042b0       0x1c /var/folders/tp/tmlhpk0x5cbgt8tz5p9q2y6r0000gn/T//cc0Pnb0J.ltrans0.ltrans.o
 .text.tcpip_callback
                0x00000000000042cc       0x2c /var/folders/tp/tmlhpk0x5cbgt8tz5p9q2y6r0000gn/T//cc0Pnb0J.ltrans0.ltrans.o
 .text.tcpip_inpkt
                0x00000000000042f8       0x44 /var/folders/tp/tmlhpk0x5cbgt8tz5p9q2y6r0000gn/T//cc0Pnb0J.ltrans0.ltrans.o
 .text.tcpip_input
                0x000000000000433c       0x24 /var/folders/tp/tmlhpk0x5cbgt8tz5p9q2y6r0000gn/T//cc0Pnb0J.ltrans0.ltrans.o
 .text.netconn_alloc
                0x0000000000004360       0x5e /var/folders/tp/tmlhpk0x5cbgt8tz5p9q2y6r0000gn/T//cc0Pnb0J.ltrans0.ltrans.o
 *fill*         0x00000000000043be        0x2 
 .text.netconn_new_with_proto_and_callback
                0x00000000000043c0       0x48 /var/folders/tp/tmlhpk0x5cbgt8tz5p9q2y6r0000gn/T//cc0Pnb0J.ltrans0.ltrans.o
 .text.socket   0x0000000000004408       0x88 /var/folders/tp/tmlhpk0x5cbgt8tz5p9q2y6r0000gn/T//cc0Pnb0J.ltrans0.ltrans.o
 .text.recv_udp
                0x0000000000004490       0x68 /var/folders/tp/tmlhpk0x5cbgt8tz5p9q2y6r0000gn/T//cc0Pnb0J.ltrans0.ltrans.o
 .text.udp_new  0x00000000000044f8       0x1e /var/folders/tp/tmlhpk0x5cbgt8tz5p9q2y6r0000gn/T//cc0Pnb0J.ltrans0.ltrans.o
 .text.udp_new_ip_type
                0x0000000000004516        0x8 /var/folders/tp/tmlhpk0x5cbgt8tz5p9q2y6r0000gn/T//cc0Pnb0J.ltrans0.ltrans.o
 *fill*         0x000000000000451e        0x2 
 .text.pcb_new  0x0000000000004520       0x50 /var/folders/tp/tmlhpk0x5cbgt8tz5p9q2y6r0000gn/T//cc0Pnb0J.ltrans0.ltrans.o
 .text.lwip_netconn_do_newconn
                0x0000000000004570       0x14 /var/folders/tp/tmlhpk0x5cbgt8tz5p9q2y6r0000gn/T//cc0Pnb0J.ltrans0.ltrans.o
 .text.sys_timeout_abs
                0x0000000000004584       0x54 /var/folders/tp/tmlhpk0x5cbgt8tz5p9q2y6r0000gn/T//cc0Pnb0J.ltrans0.ltrans.o
 .text.sys_timeout
                0x00000000000045d8       0x18 /var/folders/tp/tmlhpk0x5cbgt8tz5p9q2y6r0000gn/T//cc0Pnb0J.ltrans0.ltrans.o
 .text.sys_timeouts_init
                0x00000000000045f0       0x28 /var/folders/tp/tmlhpk0x5cbgt8tz5p9q2y6r0000gn/T//cc0Pnb0J.ltrans0.ltrans.o
 .text.lwip_init
                0x0000000000004618       0x10 /var/folders/tp/tmlhpk0x5cbgt8tz5p9q2y6r0000gn/T//cc0Pnb0J.ltrans0.ltrans.o
 .text.tcpip_init
                0x0000000000004628       0x50 /var/folders/tp/tmlhpk0x5cbgt8tz5p9q2y6r0000gn/T//cc0Pnb0J.ltrans0.ltrans.o
 .text.lwip_cyclic_timer
                0x0000000000004678       0x3c /var/folders/tp/tmlhpk0x5cbgt8tz5p9q2y6r0000gn/T//cc0Pnb0J.ltrans0.ltrans.o
 .text.pbuf_alloc_reference
                0x00000000000046b4       0x2a /var/folders/tp/tmlhpk0x5cbgt8tz5p9q2y6r0000gn/T//cc0Pnb0J.ltrans0.ltrans.o
 .text.pbuf_alloc
                0x00000000000046de      0x100 /var/folders/tp/tmlhpk0x5cbgt8tz5p9q2y6r0000gn/T//cc0Pnb0J.ltrans0.ltrans.o
 .text.netbuf_ref
                0x00000000000047de       0x42 /var/folders/tp/tmlhpk0x5cbgt8tz5p9q2y6r0000gn/T//cc0Pnb0J.ltrans0.ltrans.o
 .text.sendto   0x0000000000004820       0xf4 /var/folders/tp/tmlhpk0x5cbgt8tz5p9q2y6r0000gn/T//cc0Pnb0J.ltrans0.ltrans.o
 .text.send     0x0000000000004914       0x80 /var/folders/tp/tmlhpk0x5cbgt8tz5p9q2y6r0000gn/T//cc0Pnb0J.ltrans0.ltrans.o
 .text.lpc_low_level_output
                0x0000000000004994      0x122 /var/folders/tp/tmlhpk0x5cbgt8tz5p9q2y6r0000gn/T//cc0Pnb0J.ltrans0.ltrans.o
 .text.lpc_rx_queue
                0x0000000000004ab6       0x2e /var/folders/tp/tmlhpk0x5cbgt8tz5p9q2y6r0000gn/T//cc0Pnb0J.ltrans0.ltrans.o
 .text.lpc_rx_setup
                0x0000000000004ae4       0x38 /var/folders/tp/tmlhpk0x5cbgt8tz5p9q2y6r0000gn/T//cc0Pnb0J.ltrans0.ltrans.o
 .text.low_level_init
                0x0000000000004b1c      0x180 /var/folders/tp/tmlhpk0x5cbgt8tz5p9q2y6r0000gn/T//cc0Pnb0J.ltrans0.ltrans.o
 .text.lpc_enetif_init
                0x0000000000004c9c      0x130 /var/folders/tp/tmlhpk0x5cbgt8tz5p9q2y6r0000gn/T//cc0Pnb0J.ltrans0.ltrans.o
 .text.lpc_low_level_input
                0x0000000000004dcc      0x154 /var/folders/tp/tmlhpk0x5cbgt8tz5p9q2y6r0000gn/T//cc0Pnb0J.ltrans0.ltrans.o
 .text.lpc_enetif_input
                0x0000000000004f20       0x3e /var/folders/tp/tmlhpk0x5cbgt8tz5p9q2y6r0000gn/T//cc0Pnb0J.ltrans0.ltrans.o
 .text.vPacketReceiveTask
                0x0000000000004f5e       0x20 /var/folders/tp/tmlhpk0x5cbgt8tz5p9q2y6r0000gn/T//cc0Pnb0J.ltrans0.ltrans.o
 .text.udp_sendto_if_src_chksum
                0x0000000000004f7e      0x19a /var/folders/tp/tmlhpk0x5cbgt8tz5p9q2y6r0000gn/T//cc0Pnb0J.ltrans0.ltrans.o
 .text.udp_sendto_if_chksum
                0x0000000000005118       0x60 /var/folders/tp/tmlhpk0x5cbgt8tz5p9q2y6r0000gn/T//cc0Pnb0J.ltrans0.ltrans.o
 .text.udp_sendto_chksum
                0x0000000000005178       0x8c /var/folders/tp/tmlhpk0x5cbgt8tz5p9q2y6r0000gn/T//cc0Pnb0J.ltrans0.ltrans.o
 .text.udp_send_chksum
                0x0000000000005204       0x26 /var/folders/tp/tmlhpk0x5cbgt8tz5p9q2y6r0000gn/T//cc0Pnb0J.ltrans0.ltrans.o
 .text.lwip_netconn_do_send
                0x000000000000522a       0x66 /var/folders/tp/tmlhpk0x5cbgt8tz5p9q2y6r0000gn/T//cc0Pnb0J.ltrans0.ltrans.o
 .text.pbuf_clone
                0x0000000000005290       0x1a /var/folders/tp/tmlhpk0x5cbgt8tz5p9q2y6r0000gn/T//cc0Pnb0J.ltrans0.ltrans.o
 *fill*         0x00000000000052aa        0x2 
 .text.igmp_send
                0x00000000000052ac       0x94 /var/folders/tp/tmlhpk0x5cbgt8tz5p9q2y6r0000gn/T//cc0Pnb0J.ltrans0.ltrans.o
 .text.igmp_timeout
                0x0000000000005340       0x24 /var/folders/tp/tmlhpk0x5cbgt8tz5p9q2y6r0000gn/T//cc0Pnb0J.ltrans0.ltrans.o
 .text.igmp_tmr
                0x0000000000005364       0x34 /var/folders/tp/tmlhpk0x5cbgt8tz5p9q2y6r0000gn/T//cc0Pnb0J.ltrans0.ltrans.o
 .text.igmp_leavegroup_netif
                0x0000000000005398       0x84 /var/folders/tp/tmlhpk0x5cbgt8tz5p9q2y6r0000gn/T//cc0Pnb0J.ltrans0.ltrans.o
 .text.igmp_leavegroup
                0x000000000000541c       0x64 /var/folders/tp/tmlhpk0x5cbgt8tz5p9q2y6r0000gn/T//cc0Pnb0J.ltrans0.ltrans.o
 .text.icmp_send_response
                0x0000000000005480       0x80 /var/folders/tp/tmlhpk0x5cbgt8tz5p9q2y6r0000gn/T//cc0Pnb0J.ltrans0.ltrans.o
 .text.icmp_dest_unreach
                0x0000000000005500        0xc /var/folders/tp/tmlhpk0x5cbgt8tz5p9q2y6r0000gn/T//cc0Pnb0J.ltrans0.ltrans.o
 .text.udp_input
                0x000000000000550c      0x17c /var/folders/tp/tmlhpk0x5cbgt8tz5p9q2y6r0000gn/T//cc0Pnb0J.ltrans0.ltrans.o
 .text.icmp_input
                0x0000000000005688      0x158 /var/folders/tp/tmlhpk0x5cbgt8tz5p9q2y6r0000gn/T//cc0Pnb0J.ltrans0.ltrans.o
 .text.ip4_input
                0x00000000000057e0      0x1d8 /var/folders/tp/tmlhpk0x5cbgt8tz5p9q2y6r0000gn/T//cc0Pnb0J.ltrans0.ltrans.o
 .text.etharp_raw
                0x00000000000059b8       0x96 /var/folders/tp/tmlhpk0x5cbgt8tz5p9q2y6r0000gn/T//cc0Pnb0J.ltrans0.ltrans.o
 *fill*         0x0000000000005a4e        0x2 
 .text.etharp_request_dst
                0x0000000000005a50       0x28 /var/folders/tp/tmlhpk0x5cbgt8tz5p9q2y6r0000gn/T//cc0Pnb0J.ltrans0.ltrans.o
 .text.etharp_request
                0x0000000000005a78       0x10 /var/folders/tp/tmlhpk0x5cbgt8tz5p9q2y6r0000gn/T//cc0Pnb0J.ltrans0.ltrans.o
 .text.netif_issue_reports
                0x0000000000005a88       0x40 /var/folders/tp/tmlhpk0x5cbgt8tz5p9q2y6r0000gn/T//cc0Pnb0J.ltrans0.ltrans.o
 .text.netif_set_link_up
                0x0000000000005ac8       0x22 /var/folders/tp/tmlhpk0x5cbgt8tz5p9q2y6r0000gn/T//cc0Pnb0J.ltrans0.ltrans.o
 .text.netif_set_up
                0x0000000000005aea       0x22 /var/folders/tp/tmlhpk0x5cbgt8tz5p9q2y6r0000gn/T//cc0Pnb0J.ltrans0.ltrans.o
 .text.netif_do_set_ipaddr
                0x0000000000005b0c       0x3c /var/folders/tp/tmlhpk0x5cbgt8tz5p9q2y6r0000gn/T//cc0Pnb0J.ltrans0.ltrans.o
 .text.netif_set_addr
                0x0000000000005b48       0x6c /var/folders/tp/tmlhpk0x5cbgt8tz5p9q2y6r0000gn/T//cc0Pnb0J.ltrans0.ltrans.o
 .text.etharp_query
                0x0000000000005bb4      0x11c /var/folders/tp/tmlhpk0x5cbgt8tz5p9q2y6r0000gn/T//cc0Pnb0J.ltrans0.ltrans.o
 .text.etharp_tmr
                0x0000000000005cd0       0x88 /var/folders/tp/tmlhpk0x5cbgt8tz5p9q2y6r0000gn/T//cc0Pnb0J.ltrans0.ltrans.o
 .text.etharp_output_to_arp_index
                0x0000000000005d58       0xa8 /var/folders/tp/tmlhpk0x5cbgt8tz5p9q2y6r0000gn/T//cc0Pnb0J.ltrans0.ltrans.o
 .text.etharp_output
                0x0000000000005e00      0x124 /var/folders/tp/tmlhpk0x5cbgt8tz5p9q2y6r0000gn/T//cc0Pnb0J.ltrans0.ltrans.o
 .text.lpc_etharp_output
                0x0000000000005f24       0x18 /var/folders/tp/tmlhpk0x5cbgt8tz5p9q2y6r0000gn/T//cc0Pnb0J.ltrans0.ltrans.o
 .text.etharp_input
                0x0000000000005f3c       0xb0 /var/folders/tp/tmlhpk0x5cbgt8tz5p9q2y6r0000gn/T//cc0Pnb0J.ltrans0.ltrans.o
 .text.ethernet_input
                0x0000000000005fec       0xa8 /var/folders/tp/tmlhpk0x5cbgt8tz5p9q2y6r0000gn/T//cc0Pnb0J.ltrans0.ltrans.o
 .text.igmp_lookup_group
                0x0000000000006094       0x44 /var/folders/tp/tmlhpk0x5cbgt8tz5p9q2y6r0000gn/T//cc0Pnb0J.ltrans0.ltrans.o
 .text.igmp_joingroup_netif
                0x00000000000060d8       0x7c /var/folders/tp/tmlhpk0x5cbgt8tz5p9q2y6r0000gn/T//cc0Pnb0J.ltrans0.ltrans.o
 .text.igmp_joingroup
                0x0000000000006154       0x68 /var/folders/tp/tmlhpk0x5cbgt8tz5p9q2y6r0000gn/T//cc0Pnb0J.ltrans0.ltrans.o
 .text.lwip_setsockopt_impl
                0x00000000000061bc      0x2dc /var/folders/tp/tmlhpk0x5cbgt8tz5p9q2y6r0000gn/T//cc0Pnb0J.ltrans0.ltrans.o
 .text.setsockopt
                0x0000000000006498       0x68 /var/folders/tp/tmlhpk0x5cbgt8tz5p9q2y6r0000gn/T//cc0Pnb0J.ltrans0.ltrans.o
 .text.lwip_netconn_do_join_leave_group
                0x0000000000006500       0x36 /var/folders/tp/tmlhpk0x5cbgt8tz5p9q2y6r0000gn/T//cc0Pnb0J.ltrans0.ltrans.o
 *fill*         0x0000000000006536        0x2 
 .text.igmp_start
                0x0000000000006538       0x34 /var/folders/tp/tmlhpk0x5cbgt8tz5p9q2y6r0000gn/T//cc0Pnb0J.ltrans0.ltrans.o
 .text.netif_add
                0x000000000000656c       0xf4 /var/folders/tp/tmlhpk0x5cbgt8tz5p9q2y6r0000gn/T//cc0Pnb0J.ltrans0.ltrans.o
 .text.ip4addr_aton
                0x0000000000006660      0x178 /var/folders/tp/tmlhpk0x5cbgt8tz5p9q2y6r0000gn/T//cc0Pnb0J.ltrans0.ltrans.o
 .text.inet_pton
                0x00000000000067d8       0x24 /var/folders/tp/tmlhpk0x5cbgt8tz5p9q2y6r0000gn/T//cc0Pnb0J.ltrans0.ltrans.o
 .text.vEthernetDaemon
                0x00000000000067fc      0x108 /var/folders/tp/tmlhpk0x5cbgt8tz5p9q2y6r0000gn/T//cc0Pnb0J.ltrans0.ltrans.o
 .text.ipaddr_addr
                0x0000000000006904       0x1a /var/folders/tp/tmlhpk0x5cbgt8tz5p9q2y6r0000gn/T//cc0Pnb0J.ltrans0.ltrans.o
 *fill*         0x000000000000691e        0x2 
 .text.trace_printf
                0x0000000000006920       0x34 /var/folders/tp/tmlhpk0x5cbgt8tz5p9q2y6r0000gn/T//cc0Pnb0J.ltrans0.ltrans.o
 .text.vTaskInfo
                0x0000000000006954       0x50 /var/folders/tp/tmlhpk0x5cbgt8tz5p9q2y6r0000gn/T//cc0Pnb0J.ltrans0.ltrans.o
 .text.vUDPClient
                0x00000000000069a4       0x64 /var/folders/tp/tmlhpk0x5cbgt8tz5p9q2y6r0000gn/T//cc0Pnb0J.ltrans0.ltrans.o
 .text.vUDPServer
                0x0000000000006a08       0x9c /var/folders/tp/tmlhpk0x5cbgt8tz5p9q2y6r0000gn/T//cc0Pnb0J.ltrans0.ltrans.o
 .text.get_dev_info
                0x0000000000006aa4       0xc0 /var/folders/tp/tmlhpk0x5cbgt8tz5p9q2y6r0000gn/T//cc0Pnb0J.ltrans0.ltrans.o
 .text.vDeviceInfo
                0x0000000000006b64      0x1d4 /var/folders/tp/tmlhpk0x5cbgt8tz5p9q2y6r0000gn/T//cc0Pnb0J.ltrans0.ltrans.o
 .text.dumpExceptionStack
                0x0000000000006d38       0xf4 /var/folders/tp/tmlhpk0x5cbgt8tz5p9q2y6r0000gn/T//cc0Pnb0J.ltrans0.ltrans.o
 .text.check_failed
                0x0000000000006e2c       0x18 /var/folders/tp/tmlhpk0x5cbgt8tz5p9q2y6r0000gn/T//cc0Pnb0J.ltrans0.ltrans.o
 .text.UART_TxCmd
                0x0000000000006e44       0x88 /var/folders/tp/tmlhpk0x5cbgt8tz5p9q2y6r0000gn/T//cc0Pnb0J.ltrans0.ltrans.o
 .text.UART_FIFOConfig
                0x0000000000006ecc       0xc4 /var/folders/tp/tmlhpk0x5cbgt8tz5p9q2y6r0000gn/T//cc0Pnb0J.ltrans0.ltrans.o
 .text.UART_GetIntId
                0x0000000000006f90       0x40 /var/folders/tp/tmlhpk0x5cbgt8tz5p9q2y6r0000gn/T//cc0Pnb0J.ltrans0.ltrans.o
 .text.UART_GetLineStatus
                0x0000000000006fd0       0x48 /var/folders/tp/tmlhpk0x5cbgt8tz5p9q2y6r0000gn/T//cc0Pnb0J.ltrans0.ltrans.o
 .text.UART_IntConfig
                0x0000000000007018       0xf4 /var/folders/tp/tmlhpk0x5cbgt8tz5p9q2y6r0000gn/T//cc0Pnb0J.ltrans0.ltrans.o
 .text.UART_ReceiveByte
                0x000000000000710c       0x48 /var/folders/tp/tmlhpk0x5cbgt8tz5p9q2y6r0000gn/T//cc0Pnb0J.ltrans0.ltrans.o
 .text.UART_Receive
                0x0000000000007154       0x62 /var/folders/tp/tmlhpk0x5cbgt8tz5p9q2y6r0000gn/T//cc0Pnb0J.ltrans0.ltrans.o
 *fill*         0x00000000000071b6        0x2 
 .text.uart_receive_int
                0x00000000000071b8       0x7c /var/folders/tp/tmlhpk0x5cbgt8tz5p9q2y6r0000gn/T//cc0Pnb0J.ltrans0.ltrans.o
 .text.UART0_IRQHandler
                0x0000000000007234       0x30 /var/folders/tp/tmlhpk0x5cbgt8tz5p9q2y6r0000gn/T//cc0Pnb0J.ltrans0.ltrans.o
 .text.UART_SendByte
                0x0000000000007264       0x44 /var/folders/tp/tmlhpk0x5cbgt8tz5p9q2y6r0000gn/T//cc0Pnb0J.ltrans0.ltrans.o
 .text.UART_Send
                0x00000000000072a8       0x74 /var/folders/tp/tmlhpk0x5cbgt8tz5p9q2y6r0000gn/T//cc0Pnb0J.ltrans0.ltrans.o
 .text.UART_Init
                0x000000000000731c      0x1a8 /var/folders/tp/tmlhpk0x5cbgt8tz5p9q2y6r0000gn/T//cc0Pnb0J.ltrans0.ltrans.o
 .text.vUartInit
                0x00000000000074c4       0xb0 /var/folders/tp/tmlhpk0x5cbgt8tz5p9q2y6r0000gn/T//cc0Pnb0J.ltrans0.ltrans.o
 .text.prvSetupHardware
                0x0000000000007574       0x28 /var/folders/tp/tmlhpk0x5cbgt8tz5p9q2y6r0000gn/T//cc0Pnb0J.ltrans0.ltrans.o
 .text.main     0x000000000000759c       0x48 /var/folders/tp/tmlhpk0x5cbgt8tz5p9q2y6r0000gn/T//cc0Pnb0J.ltrans0.ltrans.o
 .text._sbrk    0x00000000000075e4       0x44 /var/folders/tp/tmlhpk0x5cbgt8tz5p9q2y6r0000gn/T//cc0Pnb0J.ltrans0.ltrans.o
                0x00000000000075e4                _sbrk
 .text.atoi     0x0000000000007628        0x8 /Users/jun/workspace/eclipse/gcc-arm-none-eabi-7-2018-q2-update/bin/../lib/gcc/arm-none-eabi/7.3.1/../../../../arm-none-eabi/lib/thumb/v7-m/libg_nano.a(lib_a-atoi.o)
                0x0000000000007628                atoi
 .text.__errno  0x0000000000007630        0xc /Users/jun/workspace/eclipse/gcc-arm-none-eabi-7-2018-q2-update/bin/../lib/gcc/arm-none-eabi/7.3.1/../../../../arm-none-eabi/lib/thumb/v7-m/libg_nano.a(lib_a-errno.o)
                0x0000000000007630                __errno
 .text.__locale_ctype_ptr_l
                0x000000000000763c        0x6 /Users/jun/workspace/eclipse/gcc-arm-none-eabi-7-2018-q2-update/bin/../lib/gcc/arm-none-eabi/7.3.1/../../../../arm-none-eabi/lib/thumb/v7-m/libg_nano.a(lib_a-locale.o)
                0x000000000000763c                __locale_ctype_ptr_l
 *fill*         0x0000000000007642        0x2 
 .text.__locale_ctype_ptr
                0x0000000000007644       0x1c /Users/jun/workspace/eclipse/gcc-arm-none-eabi-7-2018-q2-update/bin/../lib/gcc/arm-none-eabi/7.3.1/../../../../arm-none-eabi/lib/thumb/v7-m/libg_nano.a(lib_a-locale.o)
                0x0000000000007644                __locale_ctype_ptr
 .text.malloc   0x0000000000007660       0x10 /Users/jun/workspace/eclipse/gcc-arm-none-eabi-7-2018-q2-update/bin/../lib/gcc/arm-none-eabi/7.3.1/../../../../arm-none-eabi/lib/thumb/v7-m/libg_nano.a(lib_a-malloc.o)
                0x0000000000007660                malloc
 .text.free     0x0000000000007670       0x10 /Users/jun/workspace/eclipse/gcc-arm-none-eabi-7-2018-q2-update/bin/../lib/gcc/arm-none-eabi/7.3.1/../../../../arm-none-eabi/lib/thumb/v7-m/libg_nano.a(lib_a-malloc.o)
                0x0000000000007670                free
 .text.__ascii_mbtowc
                0x0000000000007680       0x24 /Users/jun/workspace/eclipse/gcc-arm-none-eabi-7-2018-q2-update/bin/../lib/gcc/arm-none-eabi/7.3.1/../../../../arm-none-eabi/lib/thumb/v7-m/libg_nano.a(lib_a-mbtowc_r.o)
                0x0000000000007680                __ascii_mbtowc
 .text.memcmp   0x00000000000076a4       0x1e /Users/jun/workspace/eclipse/gcc-arm-none-eabi-7-2018-q2-update/bin/../lib/gcc/arm-none-eabi/7.3.1/../../../../arm-none-eabi/lib/thumb/v7-m/libg_nano.a(lib_a-memcmp.o)
                0x00000000000076a4                memcmp
 .text.memcpy   0x00000000000076c2       0x16 /Users/jun/workspace/eclipse/gcc-arm-none-eabi-7-2018-q2-update/bin/../lib/gcc/arm-none-eabi/7.3.1/../../../../arm-none-eabi/lib/thumb/v7-m/libg_nano.a(lib_a-memcpy-stub.o)
                0x00000000000076c2                memcpy
 .text.memmove  0x00000000000076d8       0x32 /Users/jun/workspace/eclipse/gcc-arm-none-eabi-7-2018-q2-update/bin/../lib/gcc/arm-none-eabi/7.3.1/../../../../arm-none-eabi/lib/thumb/v7-m/libg_nano.a(lib_a-memmove.o)
                0x00000000000076d8                memmove
 .text.memset   0x000000000000770a       0x10 /Users/jun/workspace/eclipse/gcc-arm-none-eabi-7-2018-q2-update/bin/../lib/gcc/arm-none-eabi/7.3.1/../../../../arm-none-eabi/lib/thumb/v7-m/libg_nano.a(lib_a-memset.o)
                0x000000000000770a                memset
 *fill*         0x000000000000771a        0x2 
 .text._free_r  0x000000000000771c       0x98 /Users/jun/workspace/eclipse/gcc-arm-none-eabi-7-2018-q2-update/bin/../lib/gcc/arm-none-eabi/7.3.1/../../../../arm-none-eabi/lib/thumb/v7-m/libg_nano.a(lib_a-nano-freer.o)
                0x000000000000771c                _free_r
 .text._malloc_r
                0x00000000000077b4       0xb4 /Users/jun/workspace/eclipse/gcc-arm-none-eabi-7-2018-q2-update/bin/../lib/gcc/arm-none-eabi/7.3.1/../../../../arm-none-eabi/lib/thumb/v7-m/libg_nano.a(lib_a-nano-mallocr.o)
                0x00000000000077b4                _malloc_r
 .text.printf   0x0000000000007868       0x30 /Users/jun/workspace/eclipse/gcc-arm-none-eabi-7-2018-q2-update/bin/../lib/gcc/arm-none-eabi/7.3.1/../../../../arm-none-eabi/lib/thumb/v7-m/libg_nano.a(lib_a-printf.o)
                0x0000000000007868                printf
                0x0000000000007868                iprintf
 .text.rand     0x0000000000007898       0x68 /Users/jun/workspace/eclipse/gcc-arm-none-eabi-7-2018-q2-update/bin/../lib/gcc/arm-none-eabi/7.3.1/../../../../arm-none-eabi/lib/thumb/v7-m/libg_nano.a(lib_a-rand.o)
                0x0000000000007898                rand
 .text._sbrk_r  0x0000000000007900       0x20 /Users/jun/workspace/eclipse/gcc-arm-none-eabi-7-2018-q2-update/bin/../lib/gcc/arm-none-eabi/7.3.1/../../../../arm-none-eabi/lib/thumb/v7-m/libg_nano.a(lib_a-sbrkr.o)
                0x0000000000007900                _sbrk_r
 .text.sprintf  0x0000000000007920       0x40 /Users/jun/workspace/eclipse/gcc-arm-none-eabi-7-2018-q2-update/bin/../lib/gcc/arm-none-eabi/7.3.1/../../../../arm-none-eabi/lib/thumb/v7-m/libg_nano.a(lib_a-sprintf.o)
                0x0000000000007920                sprintf
                0x0000000000007920                siprintf
 .text.sscanf   0x0000000000007960       0x54 /Users/jun/workspace/eclipse/gcc-arm-none-eabi-7-2018-q2-update/bin/../lib/gcc/arm-none-eabi/7.3.1/../../../../arm-none-eabi/lib/thumb/v7-m/libg_nano.a(lib_a-sscanf.o)
                0x0000000000007960                sscanf
                0x0000000000007960                siscanf
 .text.__sread  0x00000000000079b4       0x22 /Users/jun/workspace/eclipse/gcc-arm-none-eabi-7-2018-q2-update/bin/../lib/gcc/arm-none-eabi/7.3.1/../../../../arm-none-eabi/lib/thumb/v7-m/libg_nano.a(lib_a-stdio.o)
                0x00000000000079b4                __sread
 .text.__seofread
                0x00000000000079d6        0x4 /Users/jun/workspace/eclipse/gcc-arm-none-eabi-7-2018-q2-update/bin/../lib/gcc/arm-none-eabi/7.3.1/../../../../arm-none-eabi/lib/thumb/v7-m/libg_nano.a(lib_a-stdio.o)
                0x00000000000079d6                __seofread
 .text.__swrite
                0x00000000000079da       0x38 /Users/jun/workspace/eclipse/gcc-arm-none-eabi-7-2018-q2-update/bin/../lib/gcc/arm-none-eabi/7.3.1/../../../../arm-none-eabi/lib/thumb/v7-m/libg_nano.a(lib_a-stdio.o)
                0x00000000000079da                __swrite
 .text.__sseek  0x0000000000007a12       0x24 /Users/jun/workspace/eclipse/gcc-arm-none-eabi-7-2018-q2-update/bin/../lib/gcc/arm-none-eabi/7.3.1/../../../../arm-none-eabi/lib/thumb/v7-m/libg_nano.a(lib_a-stdio.o)
                0x0000000000007a12                __sseek
 .text.__sclose
                0x0000000000007a36        0x8 /Users/jun/workspace/eclipse/gcc-arm-none-eabi-7-2018-q2-update/bin/../lib/gcc/arm-none-eabi/7.3.1/../../../../arm-none-eabi/lib/thumb/v7-m/libg_nano.a(lib_a-stdio.o)
                0x0000000000007a36                __sclose
 .text          0x0000000000007a3e       0x14 /Users/jun/workspace/eclipse/gcc-arm-none-eabi-7-2018-q2-update/bin/../lib/gcc/arm-none-eabi/7.3.1/../../../../arm-none-eabi/lib/thumb/v7-m/libg_nano.a(lib_a-strcmp.o)
                0x0000000000007a3e                strcmp
 .text.strcpy   0x0000000000007a52       0x10 /Users/jun/workspace/eclipse/gcc-arm-none-eabi-7-2018-q2-update/bin/../lib/gcc/arm-none-eabi/7.3.1/../../../../arm-none-eabi/lib/thumb/v7-m/libg_nano.a(lib_a-strcpy.o)
                0x0000000000007a52                strcpy
 .text          0x0000000000007a62       0x10 /Users/jun/workspace/eclipse/gcc-arm-none-eabi-7-2018-q2-update/bin/../lib/gcc/arm-none-eabi/7.3.1/../../../../arm-none-eabi/lib/thumb/v7-m/libg_nano.a(lib_a-strlen.o)
                0x0000000000007a62                strlen
 .text._strtol_l.isra.0
                0x0000000000007a72       0xf6 /Users/jun/workspace/eclipse/gcc-arm-none-eabi-7-2018-q2-update/bin/../lib/gcc/arm-none-eabi/7.3.1/../../../../arm-none-eabi/lib/thumb/v7-m/libg_nano.a(lib_a-strtol.o)
 .text._strtol_r
                0x0000000000007b68       0x24 /Users/jun/workspace/eclipse/gcc-arm-none-eabi-7-2018-q2-update/bin/../lib/gcc/arm-none-eabi/7.3.1/../../../../arm-none-eabi/lib/thumb/v7-m/libg_nano.a(lib_a-strtol.o)
                0x0000000000007b68                _strtol_r
 .text.strtol   0x0000000000007b8c       0x2c /Users/jun/workspace/eclipse/gcc-arm-none-eabi-7-2018-q2-update/bin/../lib/gcc/arm-none-eabi/7.3.1/../../../../arm-none-eabi/lib/thumb/v7-m/libg_nano.a(lib_a-strtol.o)
                0x0000000000007b8c                strtol
 .text._vsnprintf_r
                0x0000000000007bb8       0x58 /Users/jun/workspace/eclipse/gcc-arm-none-eabi-7-2018-q2-update/bin/../lib/gcc/arm-none-eabi/7.3.1/../../../../arm-none-eabi/lib/thumb/v7-m/libg_nano.a(lib_a-vsnprintf.o)
                0x0000000000007bb8                _vsnprintf_r
                0x0000000000007bb8                _vsniprintf_r
 .text.vsnprintf
                0x0000000000007c10       0x1c /Users/jun/workspace/eclipse/gcc-arm-none-eabi-7-2018-q2-update/bin/../lib/gcc/arm-none-eabi/7.3.1/../../../../arm-none-eabi/lib/thumb/v7-m/libg_nano.a(lib_a-vsnprintf.o)
                0x0000000000007c10                vsnprintf
                0x0000000000007c10                vsniprintf
 .text.__ascii_wctomb
                0x0000000000007c2c       0x1a /Users/jun/workspace/eclipse/gcc-arm-none-eabi-7-2018-q2-update/bin/../lib/gcc/arm-none-eabi/7.3.1/../../../../arm-none-eabi/lib/thumb/v7-m/libg_nano.a(lib_a-wctomb_r.o)
                0x0000000000007c2c                __ascii_wctomb
 *fill*         0x0000000000007c46        0x2 
 .text._write_r
                0x0000000000007c48       0x24 /Users/jun/workspace/eclipse/gcc-arm-none-eabi-7-2018-q2-update/bin/../lib/gcc/arm-none-eabi/7.3.1/../../../../arm-none-eabi/lib/thumb/v7-m/libg_nano.a(lib_a-writer.o)
                0x0000000000007c48                _write_r
 .text._close_r
                0x0000000000007c6c       0x20 /Users/jun/workspace/eclipse/gcc-arm-none-eabi-7-2018-q2-update/bin/../lib/gcc/arm-none-eabi/7.3.1/../../../../arm-none-eabi/lib/thumb/v7-m/libg_nano.a(lib_a-closer.o)
                0x0000000000007c6c                _close_r
 .text.std      0x0000000000007c8c       0x48 /Users/jun/workspace/eclipse/gcc-arm-none-eabi-7-2018-q2-update/bin/../lib/gcc/arm-none-eabi/7.3.1/../../../../arm-none-eabi/lib/thumb/v7-m/libg_nano.a(lib_a-findfp.o)
 .text._cleanup_r
                0x0000000000007cd4        0xc /Users/jun/workspace/eclipse/gcc-arm-none-eabi-7-2018-q2-update/bin/../lib/gcc/arm-none-eabi/7.3.1/../../../../arm-none-eabi/lib/thumb/v7-m/libg_nano.a(lib_a-findfp.o)
                0x0000000000007cd4                _cleanup_r
 .text.__sfmoreglue
                0x0000000000007ce0       0x2c /Users/jun/workspace/eclipse/gcc-arm-none-eabi-7-2018-q2-update/bin/../lib/gcc/arm-none-eabi/7.3.1/../../../../arm-none-eabi/lib/thumb/v7-m/libg_nano.a(lib_a-findfp.o)
                0x0000000000007ce0                __sfmoreglue
 .text.__sinit  0x0000000000007d0c       0x60 /Users/jun/workspace/eclipse/gcc-arm-none-eabi-7-2018-q2-update/bin/../lib/gcc/arm-none-eabi/7.3.1/../../../../arm-none-eabi/lib/thumb/v7-m/libg_nano.a(lib_a-findfp.o)
                0x0000000000007d0c                __sinit
 .text.__sfp    0x0000000000007d6c       0x78 /Users/jun/workspace/eclipse/gcc-arm-none-eabi-7-2018-q2-update/bin/../lib/gcc/arm-none-eabi/7.3.1/../../../../arm-none-eabi/lib/thumb/v7-m/libg_nano.a(lib_a-findfp.o)
                0x0000000000007d6c                __sfp
 .text._fwalk_reent
                0x0000000000007de4       0x3c /Users/jun/workspace/eclipse/gcc-arm-none-eabi-7-2018-q2-update/bin/../lib/gcc/arm-none-eabi/7.3.1/../../../../arm-none-eabi/lib/thumb/v7-m/libg_nano.a(lib_a-fwalk.o)
                0x0000000000007de4                _fwalk_reent
 .text._lseek_r
                0x0000000000007e20       0x24 /Users/jun/workspace/eclipse/gcc-arm-none-eabi-7-2018-q2-update/bin/../lib/gcc/arm-none-eabi/7.3.1/../../../../arm-none-eabi/lib/thumb/v7-m/libg_nano.a(lib_a-lseekr.o)
                0x0000000000007e20                _lseek_r
 .text.__malloc_lock
                0x0000000000007e44        0x2 /Users/jun/workspace/eclipse/gcc-arm-none-eabi-7-2018-q2-update/bin/../lib/gcc/arm-none-eabi/7.3.1/../../../../arm-none-eabi/lib/thumb/v7-m/libg_nano.a(lib_a-mlock.o)
                0x0000000000007e44                __malloc_lock
 .text.__malloc_unlock
                0x0000000000007e46        0x2 /Users/jun/workspace/eclipse/gcc-arm-none-eabi-7-2018-q2-update/bin/../lib/gcc/arm-none-eabi/7.3.1/../../../../arm-none-eabi/lib/thumb/v7-m/libg_nano.a(lib_a-mlock.o)
                0x0000000000007e46                __malloc_unlock
 .text.__ssputs_r
                0x0000000000007e48       0xb4 /Users/jun/workspace/eclipse/gcc-arm-none-eabi-7-2018-q2-update/bin/../lib/gcc/arm-none-eabi/7.3.1/../../../../arm-none-eabi/lib/thumb/v7-m/libg_nano.a(lib_a-nano-svfprintf.o)
                0x0000000000007e48                __ssputs_r
 .text._svfprintf_r
                0x0000000000007efc      0x1f0 /Users/jun/workspace/eclipse/gcc-arm-none-eabi-7-2018-q2-update/bin/../lib/gcc/arm-none-eabi/7.3.1/../../../../arm-none-eabi/lib/thumb/v7-m/libg_nano.a(lib_a-nano-svfprintf.o)
                0x0000000000007efc                _svfprintf_r
                0x0000000000007efc                _svfiprintf_r
 .text._sungetc_r
                0x00000000000080ec       0x7a /Users/jun/workspace/eclipse/gcc-arm-none-eabi-7-2018-q2-update/bin/../lib/gcc/arm-none-eabi/7.3.1/../../../../arm-none-eabi/lib/thumb/v7-m/libg_nano.a(lib_a-nano-svfscanf.o)
                0x00000000000080ec                _sungetc_r
 .text.__ssrefill_r
                0x0000000000008166       0x3a /Users/jun/workspace/eclipse/gcc-arm-none-eabi-7-2018-q2-update/bin/../lib/gcc/arm-none-eabi/7.3.1/../../../../arm-none-eabi/lib/thumb/v7-m/libg_nano.a(lib_a-nano-svfscanf.o)
                0x0000000000008166                __ssrefill_r
 .text.__ssvfscanf_r
                0x00000000000081a0      0x2a0 /Users/jun/workspace/eclipse/gcc-arm-none-eabi-7-2018-q2-update/bin/../lib/gcc/arm-none-eabi/7.3.1/../../../../arm-none-eabi/lib/thumb/v7-m/libg_nano.a(lib_a-nano-svfscanf.o)
                0x00000000000081a0                __ssvfscanf_r
                0x00000000000081a0                __ssvfiscanf_r
 .text.__sfputc_r
                0x0000000000008440       0x2a /Users/jun/workspace/eclipse/gcc-arm-none-eabi-7-2018-q2-update/bin/../lib/gcc/arm-none-eabi/7.3.1/../../../../arm-none-eabi/lib/thumb/v7-m/libg_nano.a(lib_a-nano-vfprintf.o)
 .text.__sfputs_r
                0x000000000000846a       0x24 /Users/jun/workspace/eclipse/gcc-arm-none-eabi-7-2018-q2-update/bin/../lib/gcc/arm-none-eabi/7.3.1/../../../../arm-none-eabi/lib/thumb/v7-m/libg_nano.a(lib_a-nano-vfprintf.o)
                0x000000000000846a                __sfputs_r
 *fill*         0x000000000000848e        0x2 
 .text._vfprintf_r
                0x0000000000008490      0x22c /Users/jun/workspace/eclipse/gcc-arm-none-eabi-7-2018-q2-update/bin/../lib/gcc/arm-none-eabi/7.3.1/../../../../arm-none-eabi/lib/thumb/v7-m/libg_nano.a(lib_a-nano-vfprintf.o)
                0x0000000000008490                _vfiprintf_r
                0x0000000000008490                _vfprintf_r
 .text._printf_common
                0x00000000000086bc       0xec /Users/jun/workspace/eclipse/gcc-arm-none-eabi-7-2018-q2-update/bin/../lib/gcc/arm-none-eabi/7.3.1/../../../../arm-none-eabi/lib/thumb/v7-m/libg_nano.a(lib_a-nano-vfprintf_i.o)
                0x00000000000086bc                _printf_common
 .text._printf_i
                0x00000000000087a8      0x224 /Users/jun/workspace/eclipse/gcc-arm-none-eabi-7-2018-q2-update/bin/../lib/gcc/arm-none-eabi/7.3.1/../../../../arm-none-eabi/lib/thumb/v7-m/libg_nano.a(lib_a-nano-vfprintf_i.o)
                0x00000000000087a8                _printf_i
 .text._scanf_chars
                0x00000000000089cc       0xc4 /Users/jun/workspace/eclipse/gcc-arm-none-eabi-7-2018-q2-update/bin/../lib/gcc/arm-none-eabi/7.3.1/../../../../arm-none-eabi/lib/thumb/v7-m/libg_nano.a(lib_a-nano-vfscanf_i.o)
                0x00000000000089cc                _scanf_chars
 .text._scanf_i
                0x0000000000008a90      0x1ec /Users/jun/workspace/eclipse/gcc-arm-none-eabi-7-2018-q2-update/bin/../lib/gcc/arm-none-eabi/7.3.1/../../../../arm-none-eabi/lib/thumb/v7-m/libg_nano.a(lib_a-nano-vfscanf_i.o)
                0x0000000000008a90                _scanf_i
 .text._read_r  0x0000000000008c7c       0x24 /Users/jun/workspace/eclipse/gcc-arm-none-eabi-7-2018-q2-update/bin/../lib/gcc/arm-none-eabi/7.3.1/../../../../arm-none-eabi/lib/thumb/v7-m/libg_nano.a(lib_a-readr.o)
                0x0000000000008c7c                _read_r
 .text.__sccl   0x0000000000008ca0       0x62 /Users/jun/workspace/eclipse/gcc-arm-none-eabi-7-2018-q2-update/bin/../lib/gcc/arm-none-eabi/7.3.1/../../../../arm-none-eabi/lib/thumb/v7-m/libg_nano.a(lib_a-sccl.o)
                0x0000000000008ca0                __sccl
 .text._strtoul_l.isra.0
                0x0000000000008d02       0xf4 /Users/jun/workspace/eclipse/gcc-arm-none-eabi-7-2018-q2-update/bin/../lib/gcc/arm-none-eabi/7.3.1/../../../../arm-none-eabi/lib/thumb/v7-m/libg_nano.a(lib_a-strtoul.o)
 *fill*         0x0000000000008df6        0x2 
 .text._strtoul_r
                0x0000000000008df8       0x24 /Users/jun/workspace/eclipse/gcc-arm-none-eabi-7-2018-q2-update/bin/../lib/gcc/arm-none-eabi/7.3.1/../../../../arm-none-eabi/lib/thumb/v7-m/libg_nano.a(lib_a-strtoul.o)
                0x0000000000008df8                _strtoul_r
 .text.__submore
                0x0000000000008e1c       0x70 /Users/jun/workspace/eclipse/gcc-arm-none-eabi-7-2018-q2-update/bin/../lib/gcc/arm-none-eabi/7.3.1/../../../../arm-none-eabi/lib/thumb/v7-m/libg_nano.a(lib_a-ungetc.o)
                0x0000000000008e1c                __submore
 .text.__swbuf_r
                0x0000000000008e8c       0xa4 /Users/jun/workspace/eclipse/gcc-arm-none-eabi-7-2018-q2-update/bin/../lib/gcc/arm-none-eabi/7.3.1/../../../../arm-none-eabi/lib/thumb/v7-m/libg_nano.a(lib_a-wbuf.o)
                0x0000000000008e8c                __swbuf_r
 .text.__swsetup_r
                0x0000000000008f30       0xdc /Users/jun/workspace/eclipse/gcc-arm-none-eabi-7-2018-q2-update/bin/../lib/gcc/arm-none-eabi/7.3.1/../../../../arm-none-eabi/lib/thumb/v7-m/libg_nano.a(lib_a-wsetup.o)
                0x0000000000008f30                __swsetup_r
 .text.__sflush_r
                0x000000000000900c      0x10c /Users/jun/workspace/eclipse/gcc-arm-none-eabi-7-2018-q2-update/bin/../lib/gcc/arm-none-eabi/7.3.1/../../../../arm-none-eabi/lib/thumb/v7-m/libg_nano.a(lib_a-fflush.o)
                0x000000000000900c                __sflush_r
 .text._fflush_r
                0x0000000000009118       0x54 /Users/jun/workspace/eclipse/gcc-arm-none-eabi-7-2018-q2-update/bin/../lib/gcc/arm-none-eabi/7.3.1/../../../../arm-none-eabi/lib/thumb/v7-m/libg_nano.a(lib_a-fflush.o)
                0x0000000000009118                _fflush_r
 .text.__swhatbuf_r
                0x000000000000916c       0x48 /Users/jun/workspace/eclipse/gcc-arm-none-eabi-7-2018-q2-update/bin/../lib/gcc/arm-none-eabi/7.3.1/../../../../arm-none-eabi/lib/thumb/v7-m/libg_nano.a(lib_a-makebuf.o)
                0x000000000000916c                __swhatbuf_r
 .text.__smakebuf_r
                0x00000000000091b4       0x80 /Users/jun/workspace/eclipse/gcc-arm-none-eabi-7-2018-q2-update/bin/../lib/gcc/arm-none-eabi/7.3.1/../../../../arm-none-eabi/lib/thumb/v7-m/libg_nano.a(lib_a-makebuf.o)
                0x00000000000091b4                __smakebuf_r
 .text.memchr   0x0000000000009234       0x1c /Users/jun/workspace/eclipse/gcc-arm-none-eabi-7-2018-q2-update/bin/../lib/gcc/arm-none-eabi/7.3.1/../../../../arm-none-eabi/lib/thumb/v7-m/libg_nano.a(lib_a-memchr-stub.o)
                0x0000000000009234                memchr
 .text._realloc_r
                0x0000000000009250       0x4c /Users/jun/workspace/eclipse/gcc-arm-none-eabi-7-2018-q2-update/bin/../lib/gcc/arm-none-eabi/7.3.1/../../../../arm-none-eabi/lib/thumb/v7-m/libg_nano.a(lib_a-nano-reallocr.o)
                0x0000000000009250                _realloc_r
 .text._fstat_r
                0x000000000000929c       0x24 /Users/jun/workspace/eclipse/gcc-arm-none-eabi-7-2018-q2-update/bin/../lib/gcc/arm-none-eabi/7.3.1/../../../../arm-none-eabi/lib/thumb/v7-m/libg_nano.a(lib_a-fstatr.o)
                0x000000000000929c                _fstat_r
 .text._isatty_r
                0x00000000000092c0       0x20 /Users/jun/workspace/eclipse/gcc-arm-none-eabi-7-2018-q2-update/bin/../lib/gcc/arm-none-eabi/7.3.1/../../../../arm-none-eabi/lib/thumb/v7-m/libg_nano.a(lib_a-isattyr.o)
                0x00000000000092c0                _isatty_r
 .text._malloc_usable_size_r
                0x00000000000092e0       0x10 /Users/jun/workspace/eclipse/gcc-arm-none-eabi-7-2018-q2-update/bin/../lib/gcc/arm-none-eabi/7.3.1/../../../../arm-none-eabi/lib/thumb/v7-m/libg_nano.a(lib_a-nano-msizer.o)
                0x00000000000092e0                _malloc_usable_size_r
 .text._close   0x00000000000092f0       0x10 /Users/jun/workspace/eclipse/gcc-arm-none-eabi-7-2018-q2-update/bin/../lib/gcc/arm-none-eabi/7.3.1/../../../../arm-none-eabi/lib/thumb/v7-m/libnosys.a(close.o)
                0x00000000000092f0                _close
 .text._fstat   0x0000000000009300       0x10 /Users/jun/workspace/eclipse/gcc-arm-none-eabi-7-2018-q2-update/bin/../lib/gcc/arm-none-eabi/7.3.1/../../../../arm-none-eabi/lib/thumb/v7-m/libnosys.a(fstat.o)
                0x0000000000009300                _fstat
 .text._isatty  0x0000000000009310       0x10 /Users/jun/workspace/eclipse/gcc-arm-none-eabi-7-2018-q2-update/bin/../lib/gcc/arm-none-eabi/7.3.1/../../../../arm-none-eabi/lib/thumb/v7-m/libnosys.a(isatty.o)
                0x0000000000009310                _isatty
 .text._lseek   0x0000000000009320       0x10 /Users/jun/workspace/eclipse/gcc-arm-none-eabi-7-2018-q2-update/bin/../lib/gcc/arm-none-eabi/7.3.1/../../../../arm-none-eabi/lib/thumb/v7-m/libnosys.a(lseek.o)
                0x0000000000009320                _lseek
 .text._read    0x0000000000009330       0x10 /Users/jun/workspace/eclipse/gcc-arm-none-eabi-7-2018-q2-update/bin/../lib/gcc/arm-none-eabi/7.3.1/../../../../arm-none-eabi/lib/thumb/v7-m/libnosys.a(read.o)
                0x0000000000009330                _read
 .text._write   0x0000000000009340       0x10 /Users/jun/workspace/eclipse/gcc-arm-none-eabi-7-2018-q2-update/bin/../lib/gcc/arm-none-eabi/7.3.1/../../../../arm-none-eabi/lib/thumb/v7-m/libnosys.a(write.o)
                0x0000000000009340                _write
 .text          0x0000000000009350       0x30 /Users/jun/workspace/eclipse/gcc-arm-none-eabi-7-2018-q2-update/bin/../lib/gcc/arm-none-eabi/7.3.1/thumb/v7-m/libgcc.a(_aeabi_uldivmod.o)
                0x0000000000009350                __aeabi_uldivmod
 .text          0x0000000000009380      0x2d0 /Users/jun/workspace/eclipse/gcc-arm-none-eabi-7-2018-q2-update/bin/../lib/gcc/arm-none-eabi/7.3.1/thumb/v7-m/libgcc.a(_udivmoddi4.o)
                0x0000000000009380                __udivmoddi4
 .text          0x0000000000009650        0x4 /Users/jun/workspace/eclipse/gcc-arm-none-eabi-7-2018-q2-update/bin/../lib/gcc/arm-none-eabi/7.3.1/thumb/v7-m/libgcc.a(_dvmd_tls.o)
                0x0000000000009650                __aeabi_ldiv0
                0x0000000000009650                __aeabi_idiv0
 *(.rodata .rodata.* .constdata .constdata.*)
 .rodata.UART_TxCmd.str1.4
                0x0000000000009654       0x25 /var/folders/tp/tmlhpk0x5cbgt8tz5p9q2y6r0000gn/T//cc0Pnb0J.ltrans0.ltrans.o
 *fill*         0x0000000000009679        0x3 
 .rodata.check_failed.str1.4
                0x000000000000967c       0x2e /var/folders/tp/tmlhpk0x5cbgt8tz5p9q2y6r0000gn/T//cc0Pnb0J.ltrans0.ltrans.o
 *fill*         0x00000000000096aa        0x2 
 .rodata.dumpExceptionStack.str1.4
                0x00000000000096ac      0x11a /var/folders/tp/tmlhpk0x5cbgt8tz5p9q2y6r0000gn/T//cc0Pnb0J.ltrans0.ltrans.o
 *fill*         0x00000000000097c6        0x2 
 .rodata.err_to_errno_table
                0x00000000000097c8       0x44 /var/folders/tp/tmlhpk0x5cbgt8tz5p9q2y6r0000gn/T//cc0Pnb0J.ltrans0.ltrans.o
 .rodata.ethbroadcast
                0x000000000000980c        0x6 /var/folders/tp/tmlhpk0x5cbgt8tz5p9q2y6r0000gn/T//cc0Pnb0J.ltrans0.ltrans.o
 *fill*         0x0000000000009812        0x2 
 .rodata.ethclkdiv
                0x0000000000009814        0xf /var/folders/tp/tmlhpk0x5cbgt8tz5p9q2y6r0000gn/T//cc0Pnb0J.ltrans0.ltrans.o
 *fill*         0x0000000000009823        0x1 
 .rodata.ethzero
                0x0000000000009824        0x6 /var/folders/tp/tmlhpk0x5cbgt8tz5p9q2y6r0000gn/T//cc0Pnb0J.ltrans0.ltrans.o
 *fill*         0x000000000000982a        0x2 
 .rodata.get_dev_info.str1.4
                0x000000000000982c       0x5b /var/folders/tp/tmlhpk0x5cbgt8tz5p9q2y6r0000gn/T//cc0Pnb0J.ltrans0.ltrans.o
 *fill*         0x0000000000009887        0x1 
 .rodata.ip_addr_any
                0x0000000000009888        0x4 /var/folders/tp/tmlhpk0x5cbgt8tz5p9q2y6r0000gn/T//cc0Pnb0J.ltrans0.ltrans.o
 .rodata.lpc_enetif_init.str1.4
                0x000000000000988c       0x5a /var/folders/tp/tmlhpk0x5cbgt8tz5p9q2y6r0000gn/T//cc0Pnb0J.ltrans0.ltrans.o
 *fill*         0x00000000000098e6        0x2 
 .rodata.lwip_cyclic_timers
                0x00000000000098e8       0x10 /var/folders/tp/tmlhpk0x5cbgt8tz5p9q2y6r0000gn/T//cc0Pnb0J.ltrans0.ltrans.o
 .rodata.main.str1.4
                0x00000000000098f8       0x16 /var/folders/tp/tmlhpk0x5cbgt8tz5p9q2y6r0000gn/T//cc0Pnb0J.ltrans0.ltrans.o
 *fill*         0x000000000000990e        0x2 
 .rodata.memp_IGMP_GROUP
                0x0000000000009910        0x2 /var/folders/tp/tmlhpk0x5cbgt8tz5p9q2y6r0000gn/T//cc0Pnb0J.ltrans0.ltrans.o
 *fill*         0x0000000000009912        0x2 
 .rodata.memp_NETBUF
                0x0000000000009914        0x2 /var/folders/tp/tmlhpk0x5cbgt8tz5p9q2y6r0000gn/T//cc0Pnb0J.ltrans0.ltrans.o
 *fill*         0x0000000000009916        0x2 
 .rodata.memp_NETCONN
                0x0000000000009918        0x2 /var/folders/tp/tmlhpk0x5cbgt8tz5p9q2y6r0000gn/T//cc0Pnb0J.ltrans0.ltrans.o
 *fill*         0x000000000000991a        0x2 
 .rodata.memp_PBUF
                0x000000000000991c        0x2 /var/folders/tp/tmlhpk0x5cbgt8tz5p9q2y6r0000gn/T//cc0Pnb0J.ltrans0.ltrans.o
 *fill*         0x000000000000991e        0x2 
 .rodata.memp_PBUF_POOL
                0x0000000000009920        0x2 /var/folders/tp/tmlhpk0x5cbgt8tz5p9q2y6r0000gn/T//cc0Pnb0J.ltrans0.ltrans.o
 *fill*         0x0000000000009922        0x2 
 .rodata.memp_SYS_TIMEOUT
                0x0000000000009924        0x2 /var/folders/tp/tmlhpk0x5cbgt8tz5p9q2y6r0000gn/T//cc0Pnb0J.ltrans0.ltrans.o
 *fill*         0x0000000000009926        0x2 
 .rodata.memp_TCPIP_MSG_API
                0x0000000000009928        0x2 /var/folders/tp/tmlhpk0x5cbgt8tz5p9q2y6r0000gn/T//cc0Pnb0J.ltrans0.ltrans.o
 *fill*         0x000000000000992a        0x2 
 .rodata.memp_TCPIP_MSG_INPKT
                0x000000000000992c        0x2 /var/folders/tp/tmlhpk0x5cbgt8tz5p9q2y6r0000gn/T//cc0Pnb0J.ltrans0.ltrans.o
 *fill*         0x000000000000992e        0x2 
 .rodata.memp_UDP_PCB
                0x0000000000009930        0x2 /var/folders/tp/tmlhpk0x5cbgt8tz5p9q2y6r0000gn/T//cc0Pnb0J.ltrans0.ltrans.o
 *fill*         0x0000000000009932        0x2 
 .rodata.memp_pools
                0x0000000000009934       0x24 /var/folders/tp/tmlhpk0x5cbgt8tz5p9q2y6r0000gn/T//cc0Pnb0J.ltrans0.ltrans.o
 .rodata.str1.4
                0x0000000000009958       0x29 /var/folders/tp/tmlhpk0x5cbgt8tz5p9q2y6r0000gn/T//cc0Pnb0J.ltrans0.ltrans.o
 *fill*         0x0000000000009981        0x3 
 .rodata.tcpip_init.str1.4
                0x0000000000009984        0xd /var/folders/tp/tmlhpk0x5cbgt8tz5p9q2y6r0000gn/T//cc0Pnb0J.ltrans0.ltrans.o
 *fill*         0x0000000000009991        0x3 
 .rodata.vDeviceInfo.str1.4
                0x0000000000009994      0x102 /var/folders/tp/tmlhpk0x5cbgt8tz5p9q2y6r0000gn/T//cc0Pnb0J.ltrans0.ltrans.o
 *fill*         0x0000000000009a96        0x2 
 .rodata.vEthernetDaemon.str1.4
                0x0000000000009a98       0x23 /var/folders/tp/tmlhpk0x5cbgt8tz5p9q2y6r0000gn/T//cc0Pnb0J.ltrans0.ltrans.o
 *fill*         0x0000000000009abb        0x1 
 .rodata.vTaskInfo.str1.4
                0x0000000000009abc       0x5e /var/folders/tp/tmlhpk0x5cbgt8tz5p9q2y6r0000gn/T//cc0Pnb0J.ltrans0.ltrans.o
 *fill*         0x0000000000009b1a        0x2 
 .rodata.vTaskList.str1.4
                0x0000000000009b1c        0xf /var/folders/tp/tmlhpk0x5cbgt8tz5p9q2y6r0000gn/T//cc0Pnb0J.ltrans0.ltrans.o
 *fill*         0x0000000000009b2b        0x1 
 .rodata.vTaskStartScheduler.str1.4
                0x0000000000009b2c        0x5 /var/folders/tp/tmlhpk0x5cbgt8tz5p9q2y6r0000gn/T//cc0Pnb0J.ltrans0.ltrans.o
 *fill*         0x0000000000009b31        0x3 
 .rodata.vUDPClient.str1.4
                0x0000000000009b34       0x27 /var/folders/tp/tmlhpk0x5cbgt8tz5p9q2y6r0000gn/T//cc0Pnb0J.ltrans0.ltrans.o
 *fill*         0x0000000000009b5b        0x1 
 .rodata.vUDPServer.str1.4
                0x0000000000009b5c       0x24 /var/folders/tp/tmlhpk0x5cbgt8tz5p9q2y6r0000gn/T//cc0Pnb0J.ltrans0.ltrans.o
 .rodata._global_impure_ptr
                0x0000000000009b80        0x4 /Users/jun/workspace/eclipse/gcc-arm-none-eabi-7-2018-q2-update/bin/../lib/gcc/arm-none-eabi/7.3.1/../../../../arm-none-eabi/lib/thumb/v7-m/libg_nano.a(lib_a-impure.o)
                0x0000000000009b80                _global_impure_ptr
 .rodata._setlocale_r.str1.1
                0x0000000000009b84        0x8 /Users/jun/workspace/eclipse/gcc-arm-none-eabi-7-2018-q2-update/bin/../lib/gcc/arm-none-eabi/7.3.1/../../../../arm-none-eabi/lib/thumb/v7-m/libg_nano.a(lib_a-locale.o)
                                          0x9 (size before relaxing)
 .rodata.str1.1
                0x0000000000009b8c        0x2 /Users/jun/workspace/eclipse/gcc-arm-none-eabi-7-2018-q2-update/bin/../lib/gcc/arm-none-eabi/7.3.1/../../../../arm-none-eabi/lib/thumb/v7-m/libg_nano.a(lib_a-locale.o)
 .rodata._ctype_
                0x0000000000009b8e      0x101 /Users/jun/workspace/eclipse/gcc-arm-none-eabi-7-2018-q2-update/bin/../lib/gcc/arm-none-eabi/7.3.1/../../../../arm-none-eabi/lib/thumb/v7-m/libg_nano.a(lib_a-ctype_.o)
                0x0000000000009b8e                _ctype_
 *fill*         0x0000000000009c8f        0x1 
 .rodata.__sf_fake_stderr
                0x0000000000009c90       0x20 /Users/jun/workspace/eclipse/gcc-arm-none-eabi-7-2018-q2-update/bin/../lib/gcc/arm-none-eabi/7.3.1/../../../../arm-none-eabi/lib/thumb/v7-m/libg_nano.a(lib_a-findfp.o)
                0x0000000000009c90                __sf_fake_stderr
 .rodata.__sf_fake_stdin
                0x0000000000009cb0       0x20 /Users/jun/workspace/eclipse/gcc-arm-none-eabi-7-2018-q2-update/bin/../lib/gcc/arm-none-eabi/7.3.1/../../../../arm-none-eabi/lib/thumb/v7-m/libg_nano.a(lib_a-findfp.o)
                0x0000000000009cb0                __sf_fake_stdin
 .rodata.__sf_fake_stdout
                0x0000000000009cd0       0x20 /Users/jun/workspace/eclipse/gcc-arm-none-eabi-7-2018-q2-update/bin/../lib/gcc/arm-none-eabi/7.3.1/../../../../arm-none-eabi/lib/thumb/v7-m/libg_nano.a(lib_a-findfp.o)
                0x0000000000009cd0                __sf_fake_stdout
 .rodata._svfprintf_r.str1.1
                0x0000000000009cf0       0x11 /Users/jun/workspace/eclipse/gcc-arm-none-eabi-7-2018-q2-update/bin/../lib/gcc/arm-none-eabi/7.3.1/../../../../arm-none-eabi/lib/thumb/v7-m/libg_nano.a(lib_a-nano-svfprintf.o)
 .rodata.__ssvfscanf_r.str1.1
                0x0000000000009d01        0x4 /Users/jun/workspace/eclipse/gcc-arm-none-eabi-7-2018-q2-update/bin/../lib/gcc/arm-none-eabi/7.3.1/../../../../arm-none-eabi/lib/thumb/v7-m/libg_nano.a(lib_a-nano-svfscanf.o)
 .rodata._vfprintf_r.str1.1
                0x0000000000009d01       0x11 /Users/jun/workspace/eclipse/gcc-arm-none-eabi-7-2018-q2-update/bin/../lib/gcc/arm-none-eabi/7.3.1/../../../../arm-none-eabi/lib/thumb/v7-m/libg_nano.a(lib_a-nano-vfprintf.o)
 .rodata._printf_i.str1.1
                0x0000000000009d01       0x22 /Users/jun/workspace/eclipse/gcc-arm-none-eabi-7-2018-q2-update/bin/../lib/gcc/arm-none-eabi/7.3.1/../../../../arm-none-eabi/lib/thumb/v7-m/libg_nano.a(lib_a-nano-vfprintf_i.o)
 *fill*         0x0000000000009d23        0x1 
 .rodata        0x0000000000009d24        0xc /Users/jun/workspace/eclipse/gcc-arm-none-eabi-7-2018-q2-update/bin/../lib/gcc/arm-none-eabi/7.3.1/../../../../arm-none-eabi/lib/thumb/v7-m/libg_nano.a(lib_a-nano-vfscanf_i.o)
 .rodata._scanf_i.str1.1
                0x0000000000009d30       0x12 /Users/jun/workspace/eclipse/gcc-arm-none-eabi-7-2018-q2-update/bin/../lib/gcc/arm-none-eabi/7.3.1/../../../../arm-none-eabi/lib/thumb/v7-m/libg_nano.a(lib_a-nano-vfscanf_i.o)
 .rodata.str1.1
                0x0000000000009d42        0x9 /Users/jun/workspace/eclipse/gcc-arm-none-eabi-7-2018-q2-update/bin/../lib/gcc/arm-none-eabi/7.3.1/../../../../arm-none-eabi/lib/thumb/v7-m/libg_nano.a(lib_a-nano-vfscanf_i.o)
 *(vtable)
 *(.eh_frame*)
 *(.glue_7)
 .glue_7        0x0000000000009d4b        0x0 linker stubs
 *(.glue_7t)
 .glue_7t       0x0000000000009d4b        0x0 linker stubs

.vfp11_veneer   0x0000000000009d4c        0x0
 .vfp11_veneer  0x0000000000009d4c        0x0 linker stubs

.v4_bx          0x0000000000009d4c        0x0
 .v4_bx         0x0000000000009d4c        0x0 linker stubs

.iplt           0x0000000000009d4c        0x0
 .iplt          0x0000000000009d4c        0x0 /Users/jun/workspace/eclipse/gcc-arm-none-eabi-7-2018-q2-update/bin/../lib/gcc/arm-none-eabi/7.3.1/../../../../arm-none-eabi/lib/thumb/v7-m/libg_nano.a(lib_a-atoi.o)

.ARM.extab
 *(.ARM.extab* .gnu.linkonce.armextab.*)
                0x0000000000009d4c                . = ALIGN (0x4)
                0x0000000000009d4c                __exidx_start = .

.ARM.exidx      0x0000000000009d4c        0x8
 *(.ARM.exidx* .gnu.linkonce.armexidx.*)
 .ARM.exidx     0x0000000000009d4c        0x8 /Users/jun/workspace/eclipse/gcc-arm-none-eabi-7-2018-q2-update/bin/../lib/gcc/arm-none-eabi/7.3.1/thumb/v7-m/libgcc.a(_udivmoddi4.o)
                0x0000000000009d54                __exidx_end = .

.rel.dyn        0x0000000000009d54        0x0
 .rel.iplt      0x0000000000009d54        0x0 /Users/jun/workspace/eclipse/gcc-arm-none-eabi-7-2018-q2-update/bin/../lib/gcc/arm-none-eabi/7.3.1/../../../../arm-none-eabi/lib/thumb/v7-m/libg_nano.a(lib_a-atoi.o)
                0x0000000000009d54                . = ALIGN (0x4)
                0x0000000000009d54                _etext = .
                0x0000000000009d54                __etext = .

.data_CCMRAM    0x000000002007c000        0x0 load address 0x0000000000009d54
 FILL mask 0xff
 *(.data.CCMRAM .data.CCMRAM.*)
                0x000000002007c000                . = ALIGN (0x4)
                0x0000000000009d54                _sidata = LOADADDR (.data)

.data           0x0000000010000000      0x264 load address 0x0000000000009d54
 FILL mask 0xff
                0x0000000010000000                _sdata = .
                0x0000000010000000                __data_start__ = .
 *(.data_begin .data_begin.*)
 .data_begin    0x0000000010000000        0x4 /var/folders/tp/tmlhpk0x5cbgt8tz5p9q2y6r0000gn/T//cc0Pnb0J.ltrans0.ltrans.o
 *(.data .data.*)
 .data.SystemCoreClock
                0x0000000010000004        0x4 /var/folders/tp/tmlhpk0x5cbgt8tz5p9q2y6r0000gn/T//cc0Pnb0J.ltrans0.ltrans.o
 .data.argv.4310
                0x0000000010000008        0x8 /var/folders/tp/tmlhpk0x5cbgt8tz5p9q2y6r0000gn/T//cc0Pnb0J.ltrans0.ltrans.o
 .data.hello.7691
                0x0000000010000010       0x17 /var/folders/tp/tmlhpk0x5cbgt8tz5p9q2y6r0000gn/T//cc0Pnb0J.ltrans0.ltrans.o
 *fill*         0x0000000010000027        0x1 ff
 .data.local_net
                0x0000000010000028       0x62 /var/folders/tp/tmlhpk0x5cbgt8tz5p9q2y6r0000gn/T//cc0Pnb0J.ltrans0.ltrans.o
 .data.udp_port
                0x000000001000008a        0x2 /var/folders/tp/tmlhpk0x5cbgt8tz5p9q2y6r0000gn/T//cc0Pnb0J.ltrans0.ltrans.o
 .data.uxCriticalNesting
                0x000000001000008c        0x4 /var/folders/tp/tmlhpk0x5cbgt8tz5p9q2y6r0000gn/T//cc0Pnb0J.ltrans0.ltrans.o
 .data._impure_ptr
                0x0000000010000090        0x4 /Users/jun/workspace/eclipse/gcc-arm-none-eabi-7-2018-q2-update/bin/../lib/gcc/arm-none-eabi/7.3.1/../../../../arm-none-eabi/lib/thumb/v7-m/libg_nano.a(lib_a-impure.o)
                0x0000000010000090                _impure_ptr
 .data.impure_data
                0x0000000010000094       0x60 /Users/jun/workspace/eclipse/gcc-arm-none-eabi-7-2018-q2-update/bin/../lib/gcc/arm-none-eabi/7.3.1/../../../../arm-none-eabi/lib/thumb/v7-m/libg_nano.a(lib_a-impure.o)
 .data.__global_locale
                0x00000000100000f4      0x16c /Users/jun/workspace/eclipse/gcc-arm-none-eabi-7-2018-q2-update/bin/../lib/gcc/arm-none-eabi/7.3.1/../../../../arm-none-eabi/lib/thumb/v7-m/libg_nano.a(lib_a-locale.o)
                0x00000000100000f4                __global_locale
 *(.data_end .data_end.*)
 .data_end      0x0000000010000260        0x4 /var/folders/tp/tmlhpk0x5cbgt8tz5p9q2y6r0000gn/T//cc0Pnb0J.ltrans0.ltrans.o
                0x0000000010000264                . = ALIGN (0x4)
                0x0000000010000264                _edata = .
                0x0000000010000264                __data_end__ = .

.igot.plt       0x0000000010000264        0x0 load address 0x0000000000009fb8
 .igot.plt      0x0000000010000264        0x0 /Users/jun/workspace/eclipse/gcc-arm-none-eabi-7-2018-q2-update/bin/../lib/gcc/arm-none-eabi/7.3.1/../../../../arm-none-eabi/lib/thumb/v7-m/libg_nano.a(lib_a-atoi.o)

.bss_CCMRAM     0x000000002007c000        0x0
 *(.bss.CCMRAM .bss.CCMRAM.*)

.bss            0x0000000010000268     0x4e74
                0x0000000010000268                __bss_start__ = .
                0x0000000010000268                _sbss = .
 *(.bss_begin .bss_begin.*)
 .bss_begin     0x0000000010000268        0x4 /var/folders/tp/tmlhpk0x5cbgt8tz5p9q2y6r0000gn/T//cc0Pnb0J.ltrans0.ltrans.o
 *(.bss .bss.*)
 .bss.allrouters
                0x000000001000026c        0x4 /var/folders/tp/tmlhpk0x5cbgt8tz5p9q2y6r0000gn/T//cc0Pnb0J.ltrans0.ltrans.o
 .bss.allsystems
                0x0000000010000270        0x4 /var/folders/tp/tmlhpk0x5cbgt8tz5p9q2y6r0000gn/T//cc0Pnb0J.ltrans0.ltrans.o
 .bss.arp_table