Archive member included to satisfy reference by file (symbol)

/Users/jun/workspace/eclipse/gcc-arm-none-eabi-7-2018-q2-update/bin/../lib/gcc/arm-none-eabi/7.3.1/thumb/v7-m/libgcc.a(_arm_addsubsf3.o)
                              ./system/src/lpc17xx/lpc17xx_systick.o (__aeabi_ui2f)
/Users/jun/workspace/eclipse/gcc-arm-none-eabi-7-2018-q2-update/bin/../lib/gcc/arm-none-eabi/7.3.1/thumb/v7-m/libgcc.a(_arm_cmpsf2.o)
                              ./system/src/lpc17xx/lpc17xx_systick.o (__aeabi_fcmpgt)
/Users/jun/workspace/eclipse/gcc-arm-none-eabi-7-2018-q2-update/bin/../lib/gcc/arm-none-eabi/7.3.1/thumb/v7-m/libgcc.a(_aeabi_ldivmod.o)
                              ./system/src/lpc17xx/lpc17xx_i2s.o (__aeabi_ldivmod)
/Users/jun/workspace/eclipse/gcc-arm-none-eabi-7-2018-q2-update/bin/../lib/gcc/arm-none-eabi/7.3.1/thumb/v7-m/libgcc.a(_aeabi_uldivmod.o)
                              ./system/src/lpc17xx/lpc17xx_i2s.o (__aeabi_uldivmod)
/Users/jun/workspace/eclipse/gcc-arm-none-eabi-7-2018-q2-update/bin/../lib/gcc/arm-none-eabi/7.3.1/thumb/v7-m/libgcc.a(_udivmoddi4.o)
                              /Users/jun/workspace/eclipse/gcc-arm-none-eabi-7-2018-q2-update/bin/../lib/gcc/arm-none-eabi/7.3.1/thumb/v7-m/libgcc.a(_aeabi_ldivmod.o) (__udivmoddi4)
/Users/jun/workspace/eclipse/gcc-arm-none-eabi-7-2018-q2-update/bin/../lib/gcc/arm-none-eabi/7.3.1/thumb/v7-m/libgcc.a(unwind-arm.o)
                              ./system/src/newlib/_cxx.o (__aeabi_unwind_cpp_pr1)
/Users/jun/workspace/eclipse/gcc-arm-none-eabi-7-2018-q2-update/bin/../lib/gcc/arm-none-eabi/7.3.1/thumb/v7-m/libgcc.a(libunwind.o)
                              /Users/jun/workspace/eclipse/gcc-arm-none-eabi-7-2018-q2-update/bin/../lib/gcc/arm-none-eabi/7.3.1/thumb/v7-m/libgcc.a(unwind-arm.o) (restore_core_regs)
/Users/jun/workspace/eclipse/gcc-arm-none-eabi-7-2018-q2-update/bin/../lib/gcc/arm-none-eabi/7.3.1/thumb/v7-m/libgcc.a(pr-support.o)
                              /Users/jun/workspace/eclipse/gcc-arm-none-eabi-7-2018-q2-update/bin/../lib/gcc/arm-none-eabi/7.3.1/thumb/v7-m/libgcc.a(unwind-arm.o) (__gnu_unwind_execute)
/Users/jun/workspace/eclipse/gcc-arm-none-eabi-7-2018-q2-update/bin/../lib/gcc/arm-none-eabi/7.3.1/thumb/v7-m/libgcc.a(_dvmd_tls.o)
                              /Users/jun/workspace/eclipse/gcc-arm-none-eabi-7-2018-q2-update/bin/../lib/gcc/arm-none-eabi/7.3.1/thumb/v7-m/libgcc.a(_aeabi_ldivmod.o) (__aeabi_ldiv0)
/Users/jun/workspace/eclipse/gcc-arm-none-eabi-7-2018-q2-update/bin/../lib/gcc/arm-none-eabi/7.3.1/../../../../arm-none-eabi/lib/thumb/v7-m/libg_nano.a(lib_a-atoi.o)
                              ./lwip/core/netif.o (atoi)
/Users/jun/workspace/eclipse/gcc-arm-none-eabi-7-2018-q2-update/bin/../lib/gcc/arm-none-eabi/7.3.1/../../../../arm-none-eabi/lib/thumb/v7-m/libg_nano.a(lib_a-calloc.o)
                              ./lwip/core/mem.o (calloc)
/Users/jun/workspace/eclipse/gcc-arm-none-eabi-7-2018-q2-update/bin/../lib/gcc/arm-none-eabi/7.3.1/../../../../arm-none-eabi/lib/thumb/v7-m/libg_nano.a(lib_a-errno.o)
                              ./system/src/newlib/_sbrk.o (__errno)
/Users/jun/workspace/eclipse/gcc-arm-none-eabi-7-2018-q2-update/bin/../lib/gcc/arm-none-eabi/7.3.1/../../../../arm-none-eabi/lib/thumb/v7-m/libg_nano.a(lib_a-impure.o)
                              /Users/jun/workspace/eclipse/gcc-arm-none-eabi-7-2018-q2-update/bin/../lib/gcc/arm-none-eabi/7.3.1/../../../../arm-none-eabi/lib/thumb/v7-m/libg_nano.a(lib_a-calloc.o) (_impure_ptr)
/Users/jun/workspace/eclipse/gcc-arm-none-eabi-7-2018-q2-update/bin/../lib/gcc/arm-none-eabi/7.3.1/../../../../arm-none-eabi/lib/thumb/v7-m/libg_nano.a(lib_a-locale.o)
                              ./lwip/core/ipv4/ip4_addr.o (__locale_ctype_ptr)
/Users/jun/workspace/eclipse/gcc-arm-none-eabi-7-2018-q2-update/bin/../lib/gcc/arm-none-eabi/7.3.1/../../../../arm-none-eabi/lib/thumb/v7-m/libg_nano.a(lib_a-malloc.o)
                              ./lwip/core/mem.o (malloc)
/Users/jun/workspace/eclipse/gcc-arm-none-eabi-7-2018-q2-update/bin/../lib/gcc/arm-none-eabi/7.3.1/../../../../arm-none-eabi/lib/thumb/v7-m/libg_nano.a(lib_a-mbtowc_r.o)
                              /Users/jun/workspace/eclipse/gcc-arm-none-eabi-7-2018-q2-update/bin/../lib/gcc/arm-none-eabi/7.3.1/../../../../arm-none-eabi/lib/thumb/v7-m/libg_nano.a(lib_a-locale.o) (__ascii_mbtowc)
/Users/jun/workspace/eclipse/gcc-arm-none-eabi-7-2018-q2-update/bin/../lib/gcc/arm-none-eabi/7.3.1/../../../../arm-none-eabi/lib/thumb/v7-m/libg_nano.a(lib_a-memcmp.o)
                              ./lwip/netif/bridgeif_fdb.o (memcmp)
/Users/jun/workspace/eclipse/gcc-arm-none-eabi-7-2018-q2-update/bin/../lib/gcc/arm-none-eabi/7.3.1/../../../../arm-none-eabi/lib/thumb/v7-m/libg_nano.a(lib_a-memcpy-stub.o)
                              ./lwip/netif/bridgeif_fdb.o (memcpy)
/Users/jun/workspace/eclipse/gcc-arm-none-eabi-7-2018-q2-update/bin/../lib/gcc/arm-none-eabi/7.3.1/../../../../arm-none-eabi/lib/thumb/v7-m/libg_nano.a(lib_a-memmove.o)
[...]
Memory Configuration

Name             Origin             Length             Attributes
FLASH            0x0000000000000000 0x0000000000080000 xr
RAM              0x0000000010000000 0x0000000000008000 xrw
CCMRAM           0x000000002007c000 0x0000000000000000 xrw
FLASHB1          0x0000000000000000 0x0000000000000000 xr
EXTMEMB0         0x0000000000000000 0x0000000000000000 xr
EXTMEMB1         0x0000000000000000 0x0000000000000000 xr
EXTMEMB2         0x0000000000000000 0x0000000000000000 xr
EXTMEMB3         0x0000000000000000 0x0000000000000000 xr
*default*        0x0000000000000000 0xffffffffffffffff

Linker script and memory map

LOAD ./system/src/newlib/_cxx.o
LOAD ./system/src/newlib/_exit.o
LOAD ./system/src/newlib/_sbrk.o
LOAD ./system/src/newlib/_startup.o
LOAD ./system/src/newlib/_syscalls.o
LOAD ./system/src/newlib/assert.o
LOAD ./system/src/lpc17xx/debug_frmwrk.o
LOAD ./system/src/lpc17xx/lpc17xx_adc.o
LOAD ./system/src/lpc17xx/lpc17xx_can.o
LOAD ./system/src/lpc17xx/lpc17xx_clkpwr.o
LOAD ./system/src/lpc17xx/lpc17xx_dac.o
LOAD ./system/src/lpc17xx/lpc17xx_emac.o
LOAD ./system/src/lpc17xx/lpc17xx_exti.o
LOAD ./system/src/lpc17xx/lpc17xx_gpdma.o
LOAD ./system/src/lpc17xx/lpc17xx_gpio.o
LOAD ./system/src/lpc17xx/lpc17xx_i2c.o
LOAD ./system/src/lpc17xx/lpc17xx_i2s.o
LOAD ./system/src/lpc17xx/lpc17xx_iap.o
LOAD ./system/src/lpc17xx/lpc17xx_libcfg_default.o
LOAD ./system/src/lpc17xx/lpc17xx_mcpwm.o
LOAD ./system/src/lpc17xx/lpc17xx_nvic.o
LOAD ./system/src/lpc17xx/lpc17xx_pinsel.o
LOAD ./system/src/lpc17xx/lpc17xx_pwm.o
LOAD ./system/src/lpc17xx/lpc17xx_qei.o
LOAD ./system/src/lpc17xx/lpc17xx_rit.o
LOAD ./system/src/lpc17xx/lpc17xx_rtc.o
LOAD ./system/src/lpc17xx/lpc17xx_spi.o
LOAD ./system/src/lpc17xx/lpc17xx_ssp.o
LOAD ./system/src/lpc17xx/lpc17xx_systick.o
LOAD ./system/src/lpc17xx/lpc17xx_timer.o
LOAD ./system/src/lpc17xx/lpc17xx_uart.o
LOAD ./system/src/lpc17xx/lpc17xx_wdt.o
LOAD ./system/src/diag/Trace.o
LOAD ./system/src/diag/_write.o
LOAD ./system/src/diag/trace_impl.o
LOAD ./system/src/cortexm/_initialize_hardware.o
LOAD ./system/src/cortexm/_reset_hardware.o
LOAD ./system/src/cortexm/exception_handlers.o
LOAD ./system/src/cmsis/system_lpc17xx.o
LOAD ./system/src/cmsis/vectors_lpc17xx.o
LOAD ./lwip/netif/ppp/polarssl/arc4.o
LOAD ./lwip/netif/ppp/polarssl/des.o
LOAD ./lwip/netif/ppp/polarssl/md4.o
LOAD ./lwip/netif/ppp/polarssl/md5.o
LOAD ./lwip/netif/ppp/polarssl/sha1.o
LOAD ./lwip/netif/ppp/auth.o
LOAD ./lwip/netif/ppp/ccp.o
LOAD ./lwip/netif/ppp/chap-md5.o
LOAD ./lwip/netif/ppp/chap-new.o
LOAD ./lwip/netif/ppp/chap_ms.o
LOAD ./lwip/netif/ppp/demand.o
LOAD ./lwip/netif/ppp/eap.o
LOAD ./lwip/netif/ppp/ecp.o
LOAD ./lwip/netif/ppp/eui64.o
LOAD ./lwip/netif/ppp/fsm.o
LOAD ./lwip/netif/ppp/ipcp.o
LOAD ./lwip/netif/ppp/ipv6cp.o
LOAD ./lwip/netif/ppp/lcp.o
LOAD ./lwip/netif/ppp/magic.o
LOAD ./lwip/netif/ppp/mppe.o
LOAD ./lwip/netif/ppp/multilink.o
LOAD ./lwip/netif/ppp/ppp.o
LOAD ./lwip/netif/ppp/pppapi.o
LOAD ./lwip/netif/ppp/pppcrypt.o
LOAD ./lwip/netif/ppp/pppoe.o
LOAD ./lwip/netif/ppp/pppol2tp.o
LOAD ./lwip/netif/ppp/pppos.o
LOAD ./lwip/netif/ppp/upap.o
LOAD ./lwip/netif/ppp/utils.o
LOAD ./lwip/netif/ppp/vj.o
LOAD ./lwip/netif/bridgeif.o
LOAD ./lwip/netif/bridgeif_fdb.o
LOAD ./lwip/netif/ethernet.o
LOAD ./lwip/netif/ethernetif.o
LOAD ./lwip/netif/lowpan6.o
LOAD ./lwip/netif/lowpan6_ble.o
LOAD ./lwip/netif/lowpan6_common.o
LOAD ./lwip/netif/slipif.o
LOAD ./lwip/netif/zepif.o
LOAD ./lwip/core/ipv6/dhcp6.o
LOAD ./lwip/core/ipv6/ethip6.o
LOAD ./lwip/core/ipv6/icmp6.o
LOAD ./lwip/core/ipv6/inet6.o
LOAD ./lwip/core/ipv6/ip6.o
LOAD ./lwip/core/ipv6/ip6_addr.o
LOAD ./lwip/core/ipv6/ip6_frag.o
LOAD ./lwip/core/ipv6/mld6.o
LOAD ./lwip/core/ipv6/nd6.o
LOAD ./lwip/core/ipv4/autoip.o
LOAD ./lwip/core/ipv4/dhcp.o
LOAD ./lwip/core/ipv4/etharp.o
LOAD ./lwip/core/ipv4/icmp.o
LOAD ./lwip/core/ipv4/igmp.o
LOAD ./lwip/core/ipv4/ip4.o
LOAD ./lwip/core/ipv4/ip4_addr.o
LOAD ./lwip/core/ipv4/ip4_frag.o
LOAD ./lwip/core/altcp.o
LOAD ./lwip/core/altcp_alloc.o
LOAD ./lwip/core/altcp_tcp.o
LOAD ./lwip/core/def.o
LOAD ./lwip/core/dns.o
LOAD ./lwip/core/inet_chksum.o
LOAD ./lwip/core/init.o
LOAD ./lwip/core/ip.o
LOAD ./lwip/core/mem.o
LOAD ./lwip/core/memp.o
LOAD ./lwip/core/netif.o
LOAD ./lwip/core/pbuf.o
LOAD ./lwip/core/raw.o
LOAD ./lwip/core/stats.o
LOAD ./lwip/core/sys.o
LOAD ./lwip/core/tcp.o
LOAD ./lwip/core/tcp_in.o
LOAD ./lwip/core/tcp_out.o
LOAD ./lwip/core/timeouts.o
LOAD ./lwip/core/udp.o
LOAD ./lwip/arch/freertos_lwip_mac.o
LOAD ./lwip/arch/phy_smsc87x0.o
LOAD ./lwip/arch/sys_arch.o
LOAD ./lwip/apps/tftp/tftp_server.o
LOAD ./lwip/apps/sntp/sntp.o
LOAD ./lwip/apps/snmp/snmp_asn1.o
LOAD ./lwip/apps/snmp/snmp_core.o
LOAD ./lwip/apps/snmp/snmp_mib2.o
LOAD ./lwip/apps/snmp/snmp_mib2_icmp.o
LOAD ./lwip/apps/snmp/snmp_mib2_interfaces.o
LOAD ./lwip/apps/snmp/snmp_mib2_ip.o
LOAD ./lwip/apps/snmp/snmp_mib2_snmp.o
LOAD ./lwip/apps/snmp/snmp_mib2_system.o
LOAD ./lwip/apps/snmp/snmp_mib2_tcp.o
LOAD ./lwip/apps/snmp/snmp_mib2_udp.o
LOAD ./lwip/apps/snmp/snmp_msg.o
LOAD ./lwip/apps/snmp/snmp_netconn.o
LOAD ./lwip/apps/snmp/snmp_pbuf_stream.o
LOAD ./lwip/apps/snmp/snmp_raw.o
LOAD ./lwip/apps/snmp/snmp_scalar.o
LOAD ./lwip/apps/snmp/snmp_snmpv2_framework.o
LOAD ./lwip/apps/snmp/snmp_snmpv2_usm.o
LOAD ./lwip/apps/snmp/snmp_table.o
LOAD ./lwip/apps/snmp/snmp_threadsync.o
LOAD ./lwip/apps/snmp/snmp_traps.o
LOAD ./lwip/apps/snmp/snmpv3.o
LOAD ./lwip/apps/snmp/snmpv3_mbedtls.o
LOAD ./lwip/apps/smtp/smtp.o
LOAD ./lwip/apps/netbiosns/netbiosns.o
LOAD ./lwip/apps/mqtt/mqtt.o
LOAD ./lwip/apps/mdns/mdns.o
LOAD ./lwip/apps/lwiperf/lwiperf.o
LOAD ./lwip/apps/http/altcp_proxyconnect.o
LOAD ./lwip/apps/http/fs.o
LOAD ./lwip/apps/http/http_client.o
LOAD ./lwip/apps/http/httpd.o
LOAD ./lwip/apps/altcp_tls/altcp_tls_mbedtls.o
LOAD ./lwip/apps/altcp_tls/altcp_tls_mbedtls_mem.o
LOAD ./lwip/api/api_lib.o
LOAD ./lwip/api/api_msg.o
LOAD ./lwip/api/err.o
LOAD ./lwip/api/if_api.o
LOAD ./lwip/api/netbuf.o
LOAD ./lwip/api/netdb.o
LOAD ./lwip/api/netifapi.o
LOAD ./lwip/api/sockets.o
LOAD ./lwip/api/tcpip.o
LOAD ./freertos/port/port.o
LOAD ./freertos/croutine.o
LOAD ./freertos/event_groups.o
LOAD ./freertos/heap_4.o
LOAD ./freertos/list.o
LOAD ./freertos/queue.o
LOAD ./freertos/stream_buffer.o
LOAD ./freertos/tasks.o
LOAD ./freertos/timers.o
LOAD ./app/src/ethernet.o
LOAD ./app/src/main.o
LOAD ./app/src/uart.o
LOAD /Users/jun/workspace/eclipse/gcc-arm-none-eabi-7-2018-q2-update/bin/../lib/gcc/arm-none-eabi/7.3.1/../../../../arm-none-eabi/lib/thumb/v7-m/libstdc++_nano.a
LOAD /Users/jun/workspace/eclipse/gcc-arm-none-eabi-7-2018-q2-update/bin/../lib/gcc/arm-none-eabi/7.3.1/../../../../arm-none-eabi/lib/thumb/v7-m/libm.a
START GROUP
LOAD /Users/jun/workspace/eclipse/gcc-arm-none-eabi-7-2018-q2-update/bin/../lib/gcc/arm-none-eabi/7.3.1/thumb/v7-m/libgcc.a
LOAD /Users/jun/workspace/eclipse/gcc-arm-none-eabi-7-2018-q2-update/bin/../lib/gcc/arm-none-eabi/7.3.1/../../../../arm-none-eabi/lib/thumb/v7-m/libg_nano.a
LOAD /Users/jun/workspace/eclipse/gcc-arm-none-eabi-7-2018-q2-update/bin/../lib/gcc/arm-none-eabi/7.3.1/../../../../arm-none-eabi/lib/thumb/v7-m/libc_nano.a
END GROUP
START GROUP
LOAD /Users/jun/workspace/eclipse/gcc-arm-none-eabi-7-2018-q2-update/bin/../lib/gcc/arm-none-eabi/7.3.1/thumb/v7-m/libgcc.a
LOAD /Users/jun/workspace/eclipse/gcc-arm-none-eabi-7-2018-q2-update/bin/../lib/gcc/arm-none-eabi/7.3.1/../../../../arm-none-eabi/lib/thumb/v7-m/libc_nano.a
LOAD /Users/jun/workspace/eclipse/gcc-arm-none-eabi-7-2018-q2-update/bin/../lib/gcc/arm-none-eabi/7.3.1/../../../../arm-none-eabi/lib/thumb/v7-m/libnosys.a
END GROUP
START GROUP
LOAD /Users/jun/workspace/eclipse/gcc-arm-none-eabi-7-2018-q2-update/bin/../lib/gcc/arm-none-eabi/7.3.1/thumb/v7-m/libgcc.a
LOAD /Users/jun/workspace/eclipse/gcc-arm-none-eabi-7-2018-q2-update/bin/../lib/gcc/arm-none-eabi/7.3.1/../../../../arm-none-eabi/lib/thumb/v7-m/libc_nano.a
LOAD /Users/jun/workspace/eclipse/gcc-arm-none-eabi-7-2018-q2-update/bin/../lib/gcc/arm-none-eabi/7.3.1/../../../../arm-none-eabi/lib/thumb/v7-m/libnosys.a
END GROUP
                0x0000000010008000                __stack = (ORIGIN (RAM) + LENGTH (RAM))
                0x0000000010008000                _estack = __stack
                0x0000000000000800                __Main_Stack_Size = 0x800
                [!provide]                        PROVIDE (_Main_Stack_Size = __Main_Stack_Size)
                0x0000000010007800                __Main_Stack_Limit = (__stack - __Main_Stack_Size)
                [!provide]                        PROVIDE (_Main_Stack_Limit = __Main_Stack_Limit)
                0x0000000000000200                _Minimum_Stack_Size = 0x200
                0x0000000010004f78                PROVIDE (_Heap_Begin = _end_noinit)
                0x0000000010007800                PROVIDE (_Heap_Limit = (__stack - __Main_Stack_Size))

.isr_vector     0x0000000000000000      0x1ea
 FILL mask 0xff
                0x0000000000000000                __vectors_start = ABSOLUTE (.)
                0x0000000000000000                __vectors_start__ = ABSOLUTE (.)
 *(.isr_vector)
 .isr_vector    0x0000000000000000       0xcc ./system/src/cmsis/vectors_lpc17xx.o
                0x0000000000000000                __isr_vectors
 *(.cfmconfig)
 *(.after_vectors .after_vectors.*)
 .after_vectors
                0x00000000000000cc       0xb8 ./system/src/newlib/_startup.o
                0x00000000000000cc                _start
 .after_vectors
                0x0000000000000184       0x64 ./system/src/cortexm/exception_handlers.o
                0x0000000000000184                Reset_Handler
                0x0000000000000188                NMI_Handler
                0x000000000000018a                HardFault_Handler
                0x000000000000019e                HardFault_Handler_C
                0x00000000000001a0                MemManage_Handler
                0x00000000000001a2                BusFault_Handler
                0x00000000000001b6                BusFault_Handler_C
                0x00000000000001b8                UsageFault_Handler
                0x00000000000001cc                UsageFault_Handler_C
                0x00000000000001ce                SVC_Handler
                0x00000000000001d0                DebugMon_Handler
                0x00000000000001d2                PendSV_Handler
                0x00000000000001d4                SysTick_Handler
 .after_vectors
                0x00000000000001e8        0x2 ./system/src/cmsis/vectors_lpc17xx.o
                0x00000000000001e8                MCPWM_IRQHandler
                0x00000000000001e8                RIT_IRQHandler
                0x00000000000001e8                I2C0_IRQHandler
                0x00000000000001e8                USBActivity_IRQHandler
                0x00000000000001e8                PWM1_IRQHandler
                0x00000000000001e8                I2C1_IRQHandler
                0x00000000000001e8                EINT2_IRQHandler
                0x00000000000001e8                UART1_IRQHandler
                0x00000000000001e8                EINT3_IRQHandler
                0x00000000000001e8                CANActivity_IRQHandler
                0x00000000000001e8                TIMER3_IRQHandler
                0x00000000000001e8                UART0_IRQHandler
                0x00000000000001e8                PLL0_IRQHandler
                0x00000000000001e8                CAN_IRQHandler
                0x00000000000001e8                PLL1_IRQHandler
                0x00000000000001e8                SSP0_IRQHandler
                0x00000000000001e8                I2S_IRQHandler
                0x00000000000001e8                I2C2_IRQHandler
                0x00000000000001e8                RTC_IRQHandler
                0x00000000000001e8                TIMER0_IRQHandler
                0x00000000000001e8                SPI_IRQHandler
                0x00000000000001e8                EINT1_IRQHandler
                0x00000000000001e8                TIMER1_IRQHandler
                0x00000000000001e8                UART2_IRQHandler
                0x00000000000001e8                Default_Handler
                0x00000000000001e8                ADC_IRQHandler
                0x00000000000001e8                SSP1_IRQHandler
                0x00000000000001e8                USB_IRQHandler
                0x00000000000001e8                BOD_IRQHandler
                0x00000000000001e8                WDT_IRQHandler
                0x00000000000001e8                QEI_IRQHandler
                0x00000000000001e8                EINT0_IRQHandler
                0x00000000000001e8                UART3_IRQHandler
                0x00000000000001e8                TIMER2_IRQHandler

.inits          0x00000000000001ec       0x28
                0x00000000000001ec                __data_regions_array_start = .
                0x00000000000001ec        0x4 LONG 0x7910 LOADADDR (.data)
                0x00000000000001f0        0x4 LONG 0x10000000 ADDR (.data)
                0x00000000000001f4        0x4 LONG 0x100002c4 (ADDR (.data) + SIZEOF (.data))
                0x00000000000001f8        0x4 LONG 0x7910 LOADADDR (.data_CCMRAM)
                0x00000000000001fc        0x4 LONG 0x2007c000 ADDR (.data_CCMRAM)
                0x0000000000000200        0x4 LONG 0x2007c000 (ADDR (.data_CCMRAM) + SIZEOF (.data_CCMRAM))
                0x0000000000000204                __data_regions_array_end = .
                0x0000000000000204                __bss_regions_array_start = .
                0x0000000000000204        0x4 LONG 0x100002c8 ADDR (.bss)
                0x0000000000000208        0x4 LONG 0x10004f78 (ADDR (.bss) + SIZEOF (.bss))
                0x000000000000020c        0x4 LONG 0x2007c000 ADDR (.bss_CCMRAM)
                0x0000000000000210        0x4 LONG 0x2007c000 (ADDR (.bss_CCMRAM) + SIZEOF (.bss_CCMRAM))
                0x0000000000000214                __bss_regions_array_end = .
 *(.init)
 *(.fini)
                0x0000000000000214                . = ALIGN (0x4)
                0x0000000000000214                PROVIDE (__preinit_array_start = .)
 *(.preinit_array_sysinit .preinit_array_sysinit.*)
 *(.preinit_array_platform .preinit_array_platform.*)
 *(.preinit_array .preinit_array.*)
                0x0000000000000214                PROVIDE (__preinit_array_end = .)
                0x0000000000000214                . = ALIGN (0x4)
                0x0000000000000214                PROVIDE (__init_array_start = .)
 *(SORT_BY_NAME(.init_array.*))
 *(.init_array)
                0x0000000000000214                PROVIDE (__init_array_end = .)
                0x0000000000000214                . = ALIGN (0x4)
                0x0000000000000214                PROVIDE (__fini_array_start = .)
 *(SORT_BY_NAME(.fini_array.*))
 *(.fini_array)
                0x0000000000000214                PROVIDE (__fini_array_end = .)

.flashtext
 *(.flashtext .flashtext.*)

.text           0x0000000000000220     0x76e8
 *(.text .text.*)
 .text._exit    0x0000000000000220        0x6 ./system/src/newlib/_exit.o
                0x0000000000000220                _exit
 *fill*         0x0000000000000226        0x2 
 .text._sbrk    0x0000000000000228       0x3c ./system/src/newlib/_sbrk.o
                0x0000000000000228                _sbrk
 .text.__initialize_args
                0x0000000000000264       0x10 ./system/src/newlib/_syscalls.o
                0x0000000000000264                __initialize_args
 .text.CLKPWR_GetPCLKSEL
                0x0000000000000274       0x20 ./system/src/lpc17xx/lpc17xx_clkpwr.o
                0x0000000000000274                CLKPWR_GetPCLKSEL
 .text.CLKPWR_GetPCLK
                0x0000000000000294       0x20 ./system/src/lpc17xx/lpc17xx_clkpwr.o
                0x0000000000000294                CLKPWR_GetPCLK
 .text.CLKPWR_ConfigPPWR
                0x00000000000002b4       0x34 ./system/src/lpc17xx/lpc17xx_clkpwr.o
                0x00000000000002b4                CLKPWR_ConfigPPWR
 .text.GPDMA_Init
                0x00000000000002e8       0x3c ./system/src/lpc17xx/lpc17xx_gpdma.o
                0x00000000000002e8                GPDMA_Init
 .text.GPDMA_Setup
                0x0000000000000324      0x198 ./system/src/lpc17xx/lpc17xx_gpdma.o
                0x0000000000000324                GPDMA_Setup
 .text.GPDMA_ChannelCmd
                0x00000000000004bc       0x1c ./system/src/lpc17xx/lpc17xx_gpdma.o
                0x00000000000004bc                GPDMA_ChannelCmd
 .text.GPDMA_IntGetStatus
                0x00000000000004d8       0x3c ./system/src/lpc17xx/lpc17xx_gpdma.o
                0x00000000000004d8                GPDMA_IntGetStatus
 .text.GPDMA_ClearIntPending
                0x0000000000000514       0x18 ./system/src/lpc17xx/lpc17xx_gpdma.o
                0x0000000000000514                GPDMA_ClearIntPending
 .text.PINSEL_ConfigPin
                0x000000000000052c       0x7c ./system/src/lpc17xx/lpc17xx_pinsel.o
                0x000000000000052c                PINSEL_ConfigPin
 .text.UART_Init
                0x00000000000005a8      0x288 ./system/src/lpc17xx/lpc17xx_uart.o
                0x00000000000005a8                UART_Init
 .text.UART_FIFOConfig
                0x0000000000000830       0x34 ./system/src/lpc17xx/lpc17xx_uart.o
                0x0000000000000830                UART_FIFOConfig
 .text.UART_TxCmd
                0x0000000000000864       0x1e ./system/src/lpc17xx/lpc17xx_uart.o
                0x0000000000000864                UART_TxCmd
 *fill*         0x0000000000000882        0x2 
 .text.__initialize_hardware_early
                0x0000000000000884       0x18 ./system/src/cortexm/_initialize_hardware.o
                0x0000000000000884                __initialize_hardware_early
 .text.__initialize_hardware
                0x000000000000089c        0x4 ./system/src/cortexm/_initialize_hardware.o
                0x000000000000089c                __initialize_hardware
 .text.__reset_hardware
                0x00000000000008a0       0x24 ./system/src/cortexm/_reset_hardware.o
                0x00000000000008a0                __reset_hardware
 .text.SystemCoreClockUpdate
                0x00000000000008c4       0xd0 ./system/src/cmsis/system_lpc17xx.o
                0x00000000000008c4                SystemCoreClockUpdate
 .text.SystemInit
                0x0000000000000994       0xec ./system/src/cmsis/system_lpc17xx.o
                0x0000000000000994                SystemInit
 .text.ethernet_input
                0x0000000000000a80       0xa0 ./lwip/netif/ethernet.o
                0x0000000000000a80                ethernet_input
 .text.ethernet_output
                0x0000000000000b20       0x4e ./lwip/netif/ethernet.o
                0x0000000000000b20                ethernet_output
 *fill*         0x0000000000000b6e        0x2 
 .text.etharp_free_entry
                0x0000000000000b70       0x28 ./lwip/core/ipv4/etharp.o
 .text.etharp_find_entry
                0x0000000000000b98       0xdc ./lwip/core/ipv4/etharp.o
 .text.etharp_raw
                0x0000000000000c74       0x94 ./lwip/core/ipv4/etharp.o
 .text.etharp_input
                0x0000000000000d08      0x10c ./lwip/core/ipv4/etharp.o
                0x0000000000000d08                etharp_input
 .text.etharp_request
                0x0000000000000e14       0x2c ./lwip/core/ipv4/etharp.o
                0x0000000000000e14                etharp_request
 .text.etharp_tmr
                0x0000000000000e40       0x60 ./lwip/core/ipv4/etharp.o
                0x0000000000000e40                etharp_tmr
 .text.etharp_output_to_arp_index
                0x0000000000000ea0       0x7c ./lwip/core/ipv4/etharp.o
 .text.etharp_query
                0x0000000000000f1c       0xe8 ./lwip/core/ipv4/etharp.o
                0x0000000000000f1c                etharp_query
 .text.etharp_output
                0x0000000000001004       0xf4 ./lwip/core/ipv4/etharp.o
                0x0000000000001004                etharp_output
 .text.icmp_input
                0x00000000000010f8      0x134 ./lwip/core/ipv4/icmp.o
                0x00000000000010f8                icmp_input
 .text.icmp_dest_unreach
                0x000000000000122c       0x7c ./lwip/core/ipv4/icmp.o
                0x000000000000122c                icmp_dest_unreach
 .text.igmp_send
                0x00000000000012a8       0x94 ./lwip/core/ipv4/igmp.o
 .text.igmp_delaying_member
                0x000000000000133c       0x3c ./lwip/core/ipv4/igmp.o
 .text.igmp_init
                0x0000000000001378       0x1c ./lwip/core/ipv4/igmp.o
                0x0000000000001378                igmp_init
 .text.igmp_report_groups
                0x0000000000001394       0x18 ./lwip/core/ipv4/igmp.o
                0x0000000000001394                igmp_report_groups
 .text.igmp_lookfor_group
                0x00000000000013ac       0x12 ./lwip/core/ipv4/igmp.o
                0x00000000000013ac                igmp_lookfor_group
 .text.igmp_lookup_group
                0x00000000000013be       0x36 ./lwip/core/ipv4/igmp.o
 .text.igmp_start
                0x00000000000013f4       0x34 ./lwip/core/ipv4/igmp.o
                0x00000000000013f4                igmp_start
 .text.igmp_input
                0x0000000000001428       0x98 ./lwip/core/ipv4/igmp.o
                0x0000000000001428                igmp_input
 .text.igmp_joingroup_netif
                0x00000000000014c0       0x80 ./lwip/core/ipv4/igmp.o
                0x00000000000014c0                igmp_joingroup_netif
 .text.igmp_joingroup
                0x0000000000001540       0x58 ./lwip/core/ipv4/igmp.o
                0x0000000000001540                igmp_joingroup
 .text.igmp_leavegroup_netif
                0x0000000000001598       0x78 ./lwip/core/ipv4/igmp.o
                0x0000000000001598                igmp_leavegroup_netif
 .text.igmp_leavegroup
                0x0000000000001610       0x5c ./lwip/core/ipv4/igmp.o
                0x0000000000001610                igmp_leavegroup
 .text.igmp_tmr
                0x000000000000166c       0x48 ./lwip/core/ipv4/igmp.o
                0x000000000000166c                igmp_tmr
 .text.ip4_input_accept
                0x00000000000016b4       0x34 ./lwip/core/ipv4/ip4.o
 .text.ip4_route
                0x00000000000016e8       0x68 ./lwip/core/ipv4/ip4.o
                0x00000000000016e8                ip4_route
 .text.ip4_input
                0x0000000000001750      0x190 ./lwip/core/ipv4/ip4.o
                0x0000000000001750                ip4_input
 .text.ip4_output_if_opt_src
                0x00000000000018e0      0x164 ./lwip/core/ipv4/ip4.o
                0x00000000000018e0                ip4_output_if_opt_src
 .text.ip4_output_if_opt
                0x0000000000001a44       0x32 ./lwip/core/ipv4/ip4.o
                0x0000000000001a44                ip4_output_if_opt
 .text.ip4_output_if
                0x0000000000001a76       0x22 ./lwip/core/ipv4/ip4.o
                0x0000000000001a76                ip4_output_if
 .text.ip4_output_if_src
                0x0000000000001a98       0x22 ./lwip/core/ipv4/ip4.o
                0x0000000000001a98                ip4_output_if_src
 .text.ip4_addr_isbroadcast_u32
                0x0000000000001aba       0x32 ./lwip/core/ipv4/ip4_addr.o
                0x0000000000001aba                ip4_addr_isbroadcast_u32
 .text.ip4addr_aton
                0x0000000000001aec      0x170 ./lwip/core/ipv4/ip4_addr.o
                0x0000000000001aec                ip4addr_aton
 .text.ipaddr_addr
                0x0000000000001c5c       0x18 ./lwip/core/ipv4/ip4_addr.o
                0x0000000000001c5c                ipaddr_addr
 .text.lwip_htons
                0x0000000000001c74        0x6 ./lwip/core/def.o
                0x0000000000001c74                lwip_htons
 .text.lwip_htonl
                0x0000000000001c7a        0x4 ./lwip/core/def.o
                0x0000000000001c7a                lwip_htonl
 .text.lwip_standard_chksum
                0x0000000000001c7e       0x36 ./lwip/core/inet_chksum.o
                0x0000000000001c7e                lwip_standard_chksum
 .text.inet_chksum_pseudo
                0x0000000000001cb4       0x8e ./lwip/core/inet_chksum.o
                0x0000000000001cb4                inet_chksum_pseudo
 .text.ip_chksum_pseudo
                0x0000000000001d42        0x4 ./lwip/core/inet_chksum.o
                0x0000000000001d42                ip_chksum_pseudo
 .text.inet_chksum_pseudo_partial
                0x0000000000001d46       0xac ./lwip/core/inet_chksum.o
                0x0000000000001d46                inet_chksum_pseudo_partial
 .text.ip_chksum_pseudo_partial
                0x0000000000001df2        0x4 ./lwip/core/inet_chksum.o
                0x0000000000001df2                ip_chksum_pseudo_partial
 .text.inet_chksum
                0x0000000000001df6        0xc ./lwip/core/inet_chksum.o
                0x0000000000001df6                inet_chksum
 .text.inet_chksum_pbuf
                0x0000000000001e02       0x44 ./lwip/core/inet_chksum.o
                0x0000000000001e02                inet_chksum_pbuf
 .text.lwip_init
                0x0000000000001e46       0x22 ./lwip/core/init.o
                0x0000000000001e46                lwip_init
 .text.mem_init
                0x0000000000001e68        0x2 ./lwip/core/mem.o
                0x0000000000001e68                mem_init
 .text.mem_trim
                0x0000000000001e6a        0x2 ./lwip/core/mem.o
                0x0000000000001e6a                mem_trim
 .text.mem_malloc
                0x0000000000001e6c       0x16 ./lwip/core/mem.o
                0x0000000000001e6c                mem_malloc
 .text.mem_free
                0x0000000000001e82        0x4 ./lwip/core/mem.o
                0x0000000000001e82                mem_free
 .text.do_memp_malloc_pool
                0x0000000000001e86       0x1c ./lwip/core/memp.o
 .text.memp_init
                0x0000000000001ea2        0x2 ./lwip/core/memp.o
                0x0000000000001ea2                memp_init
 .text.memp_malloc
                0x0000000000001ea4       0x18 ./lwip/core/memp.o
                0x0000000000001ea4                memp_malloc
 .text.memp_free
                0x0000000000001ebc       0x1e ./lwip/core/memp.o
                0x0000000000001ebc                memp_free
 .text.netif_null_output_ip4
                0x0000000000001eda        0x6 ./lwip/core/netif.o
 .text.netif_issue_reports
                0x0000000000001ee0       0x36 ./lwip/core/netif.o
 .text.netif_do_set_ipaddr
                0x0000000000001f16       0x32 ./lwip/core/netif.o
 .text.netif_init
                0x0000000000001f48        0x2 ./lwip/core/netif.o
                0x0000000000001f48                netif_init
 *fill*         0x0000000000001f4a        0x2 
 .text.netif_set_addr
                0x0000000000001f4c       0x58 ./lwip/core/netif.o
                0x0000000000001f4c                netif_set_addr
 .text.netif_add
                0x0000000000001fa4       0xd4 ./lwip/core/netif.o
                0x0000000000001fa4                netif_add
 .text.netif_set_default
                0x0000000000002078        0xc ./lwip/core/netif.o
                0x0000000000002078                netif_set_default
 .text.netif_set_up
                0x0000000000002084       0x1a ./lwip/core/netif.o
                0x0000000000002084                netif_set_up
 .text.netif_set_link_up
                0x000000000000209e       0x1a ./lwip/core/netif.o
                0x000000000000209e                netif_set_link_up
 .text.netif_set_link_down
                0x00000000000020b8       0x14 ./lwip/core/netif.o
                0x00000000000020b8                netif_set_link_down
 .text.netif_get_by_index
                0x00000000000020cc       0x20 ./lwip/core/netif.o
                0x00000000000020cc                netif_get_by_index
 .text.netif_find
                0x00000000000020ec       0x44 ./lwip/core/netif.o
                0x00000000000020ec                netif_find
 .text.pbuf_add_header_impl
                0x0000000000002130       0x46 ./lwip/core/pbuf.o
 .text.pbuf_alloc_reference
                0x0000000000002176       0x26 ./lwip/core/pbuf.o
                0x0000000000002176                pbuf_alloc_reference
 .text.pbuf_add_header
                0x000000000000219c        0x6 ./lwip/core/pbuf.o
                0x000000000000219c                pbuf_add_header
 .text.pbuf_remove_header
                0x00000000000021a2       0x2c ./lwip/core/pbuf.o
                0x00000000000021a2                pbuf_remove_header
 .text.pbuf_header_force
                0x00000000000021ce       0x10 ./lwip/core/pbuf.o
                0x00000000000021ce                pbuf_header_force
 .text.pbuf_free
                0x00000000000021de       0x56 ./lwip/core/pbuf.o
                0x00000000000021de                pbuf_free
 .text.pbuf_alloc
                0x0000000000002234       0xdc ./lwip/core/pbuf.o
                0x0000000000002234                pbuf_alloc
 .text.pbuf_realloc
                0x0000000000002310       0x4e ./lwip/core/pbuf.o
                0x0000000000002310                pbuf_realloc
 .text.pbuf_clen
                0x000000000000235e       0x10 ./lwip/core/pbuf.o
                0x000000000000235e                pbuf_clen
 .text.pbuf_ref
                0x000000000000236e       0x1a ./lwip/core/pbuf.o
                0x000000000000236e                pbuf_ref
 .text.pbuf_cat
                0x0000000000002388       0x1e ./lwip/core/pbuf.o
                0x0000000000002388                pbuf_cat
 .text.pbuf_chain
                0x00000000000023a6       0x10 ./lwip/core/pbuf.o
                0x00000000000023a6                pbuf_chain
 .text.pbuf_copy
                0x00000000000023b6       0x8a ./lwip/core/pbuf.o
                0x00000000000023b6                pbuf_copy
 .text.pbuf_copy_partial
                0x0000000000002440       0x5c ./lwip/core/pbuf.o
                0x0000000000002440                pbuf_copy_partial
 .text.pbuf_clone
                0x000000000000249c       0x1a ./lwip/core/pbuf.o
                0x000000000000249c                pbuf_clone
 *fill*         0x00000000000024b6        0x2 
 .text.sys_timeout_abs
                0x00000000000024b8       0x48 ./lwip/core/timeouts.o
 .text.lwip_cyclic_timer
                0x0000000000002500       0x34 ./lwip/core/timeouts.o
 .text.sys_timeout
                0x0000000000002534       0x1a ./lwip/core/timeouts.o
                0x0000000000002534                sys_timeout
 *fill*         0x000000000000254e        0x2 
 .text.sys_timeouts_init
                0x0000000000002550       0x2c ./lwip/core/timeouts.o
                0x0000000000002550                sys_timeouts_init
 .text.sys_check_timeouts
                0x000000000000257c       0x44 ./lwip/core/timeouts.o
                0x000000000000257c                sys_check_timeouts
 .text.sys_timeouts_sleeptime
                0x00000000000025c0       0x24 ./lwip/core/timeouts.o
                0x00000000000025c0                sys_timeouts_sleeptime
 .text.udp_init
                0x00000000000025e4       0x18 ./lwip/core/udp.o
                0x00000000000025e4                udp_init
 .text.udp_input
                0x00000000000025fc      0x180 ./lwip/core/udp.o
                0x00000000000025fc                udp_input
 .text.udp_bind
                0x000000000000277c       0xc4 ./lwip/core/udp.o
                0x000000000000277c                udp_bind
 .text.udp_sendto_if_src_chksum
                0x0000000000002840      0x16a ./lwip/core/udp.o
                0x0000000000002840                udp_sendto_if_src_chksum
 .text.udp_sendto_if_chksum
                0x00000000000029aa       0x48 ./lwip/core/udp.o
                0x00000000000029aa                udp_sendto_if_chksum
 *fill*         0x00000000000029f2        0x2 
 .text.udp_sendto_chksum
                0x00000000000029f4       0x80 ./lwip/core/udp.o
                0x00000000000029f4                udp_sendto_chksum
 .text.udp_send_chksum
                0x0000000000002a74       0x1e ./lwip/core/udp.o
                0x0000000000002a74                udp_send_chksum
 .text.udp_bind_netif
                0x0000000000002a92       0x10 ./lwip/core/udp.o
                0x0000000000002a92                udp_bind_netif
 *fill*         0x0000000000002aa2        0x2 
 .text.udp_connect
                0x0000000000002aa4       0x50 ./lwip/core/udp.o
                0x0000000000002aa4                udp_connect
 .text.udp_disconnect
                0x0000000000002af4       0x14 ./lwip/core/udp.o
                0x0000000000002af4                udp_disconnect
 .text.udp_recv
                0x0000000000002b08        0x8 ./lwip/core/udp.o
                0x0000000000002b08                udp_recv
 .text.udp_remove
                0x0000000000002b10       0x34 ./lwip/core/udp.o
                0x0000000000002b10                udp_remove
 .text.udp_new  0x0000000000002b44       0x1e ./lwip/core/udp.o
                0x0000000000002b44                udp_new
 .text.udp_new_ip_type
                0x0000000000002b62        0x4 ./lwip/core/udp.o
                0x0000000000002b62                udp_new_ip_type
 *fill*         0x0000000000002b66        0x2 
 .text.udp_netif_ip_addr_changed
                0x0000000000002b68       0x2c ./lwip/core/udp.o
                0x0000000000002b68                udp_netif_ip_addr_changed
 .text.lpc_rxqueue_pbuf
                0x0000000000002b94       0x56 ./lwip/arch/freertos_lwip_mac.o
 .text.lpc_low_level_output
                0x0000000000002bea      0x15a ./lwip/arch/freertos_lwip_mac.o
 .text.lpc_etharp_output
                0x0000000000002d44       0x12 ./lwip/arch/freertos_lwip_mac.o
 .text.writephy
                0x0000000000002d56       0x30 ./lwip/arch/freertos_lwip_mac.o
                0x0000000000002d56                writephy
 .text.readphy  0x0000000000002d86       0x32 ./lwip/arch/freertos_lwip_mac.o
                0x0000000000002d86                readphy
 .text.lpc_rx_queue
                0x0000000000002db8       0x30 ./lwip/arch/freertos_lwip_mac.o
                0x0000000000002db8                lpc_rx_queue
 .text.lpc_rx_setup
                0x0000000000002de8       0x30 ./lwip/arch/freertos_lwip_mac.o
 .text.lpc_enetif_input
                0x0000000000002e18      0x15c ./lwip/arch/freertos_lwip_mac.o
                0x0000000000002e18                lpc_enetif_input
 .text.vPacketReceiveTask
                0x0000000000002f74       0x28 ./lwip/arch/freertos_lwip_mac.o
 .text.lpc_tx_reclaim
                0x0000000000002f9c       0x66 ./lwip/arch/freertos_lwip_mac.o
                0x0000000000002f9c                lpc_tx_reclaim
 *fill*         0x0000000000003002        0x2 
 .text.vTransmitCleanupTask
                0x0000000000003004       0x94 ./lwip/arch/freertos_lwip_mac.o
 .text.ENET_IRQHandler
                0x0000000000003098       0x68 ./lwip/arch/freertos_lwip_mac.o
                0x0000000000003098                ENET_IRQHandler
 .text.lpc_emac_set_duplex
                0x0000000000003100       0x36 ./lwip/arch/freertos_lwip_mac.o
                0x0000000000003100                lpc_emac_set_duplex
 .text.lpc_emac_set_speed
                0x0000000000003136       0x12 ./lwip/arch/freertos_lwip_mac.o
                0x0000000000003136                lpc_emac_set_speed
 .text.lpc_enetif_init
                0x0000000000003148      0x25c ./lwip/arch/freertos_lwip_mac.o
                0x0000000000003148                lpc_enetif_init
 .text.lpc_phy_init
                0x00000000000033a4       0x60 ./lwip/arch/phy_smsc87x0.o
                0x00000000000033a4                lpc_phy_init
 .text.lpcPHYStsPoll
                0x0000000000003404       0xc4 ./lwip/arch/phy_smsc87x0.o
                0x0000000000003404                lpcPHYStsPoll
 .text.sys_mbox_new
                0x00000000000034c8       0x1a ./lwip/arch/sys_arch.o
                0x00000000000034c8                sys_mbox_new
 .text.sys_mbox_post
                0x00000000000034e2       0x20 ./lwip/arch/sys_arch.o
                0x00000000000034e2                sys_mbox_post
 .text.sys_mbox_trypost
                0x0000000000003502       0x22 ./lwip/arch/sys_arch.o
                0x0000000000003502                sys_mbox_trypost
 .text.sys_arch_mbox_fetch
                0x0000000000003524       0x52 ./lwip/arch/sys_arch.o
                0x0000000000003524                sys_arch_mbox_fetch
 .text.sys_arch_mbox_tryfetch
                0x0000000000003576       0x1e ./lwip/arch/sys_arch.o
                0x0000000000003576                sys_arch_mbox_tryfetch
 .text.sys_sem_new
                0x0000000000003594       0x34 ./lwip/arch/sys_arch.o
                0x0000000000003594                sys_sem_new
 .text.sys_arch_sem_wait
                0x00000000000035c8       0x42 ./lwip/arch/sys_arch.o
                0x00000000000035c8                sys_arch_sem_wait
 .text.sys_mutex_new
                0x000000000000360a       0x16 ./lwip/arch/sys_arch.o
                0x000000000000360a                sys_mutex_new
 .text.sys_mutex_lock
                0x0000000000003620       0x14 ./lwip/arch/sys_arch.o
                0x0000000000003620                sys_mutex_lock
 .text.sys_mutex_unlock
                0x0000000000003634        0xc ./lwip/arch/sys_arch.o
                0x0000000000003634                sys_mutex_unlock
 .text.sys_mutex_free
                0x0000000000003640        0x6 ./lwip/arch/sys_arch.o
                0x0000000000003640                sys_mutex_free
 .text.sys_mbox_free
                0x0000000000003646        0x4 ./lwip/arch/sys_arch.o
                0x0000000000003646                sys_mbox_free
 .text.sys_sem_signal
                0x000000000000364a        0x4 ./lwip/arch/sys_arch.o
                0x000000000000364a                sys_sem_signal
 .text.sys_sem_free
                0x000000000000364e        0x4 ./lwip/arch/sys_arch.o
                0x000000000000364e                sys_sem_free
 .text.sys_init
                0x0000000000003652        0x2 ./lwip/arch/sys_arch.o
                0x0000000000003652                sys_init
 .text.sys_now  0x0000000000003654        0x4 ./lwip/arch/sys_arch.o
                0x0000000000003654                sys_now
 .text.sys_thread_new
                0x0000000000003658       0x26 ./lwip/arch/sys_arch.o
                0x0000000000003658                sys_thread_new
 .text.sys_arch_protect
                0x000000000000367e        0xa ./lwip/arch/sys_arch.o
                0x000000000000367e                sys_arch_protect
 .text.sys_arch_unprotect
                0x0000000000003688        0x4 ./lwip/arch/sys_arch.o
                0x0000000000003688                sys_arch_unprotect
 .text.err_to_errno
                0x000000000000368c       0x1c ./lwip/api/err.o
                0x000000000000368c                err_to_errno
 .text.lwip_netconn_do_newconn
                0x00000000000036a8       0x48 ./lwip/api/sockets.o
                0x00000000000036a8                lwip_netconn_do_newconn
 .text.lwip_netconn_do_bind
                0x00000000000036f0       0x26 ./lwip/api/sockets.o
                0x00000000000036f0                lwip_netconn_do_bind
 .text.lwip_netconn_do_connect
                0x0000000000003716       0x2c ./lwip/api/sockets.o
                0x0000000000003716                lwip_netconn_do_connect
 .text.lwip_netconn_do_disconnect
                0x0000000000003742       0x20 ./lwip/api/sockets.o
                0x0000000000003742                lwip_netconn_do_disconnect
 .text.netconn_apimsg
                0x0000000000003762       0x14 ./lwip/api/sockets.o
 .text.lwip_netconn_do_join_leave_group
                0x0000000000003776       0x2e ./lwip/api/sockets.o
                0x0000000000003776                lwip_netconn_do_join_leave_group
 .text.get_socket
                0x00000000000037a4       0x20 ./lwip/api/sockets.o
 .text.event_callback
                0x00000000000037c4      0x144 ./lwip/api/sockets.o
 .text.netconn_alloc
                0x0000000000003908       0x5c ./lwip/api/sockets.o
                0x0000000000003908                netconn_alloc
 .text.netconn_free
                0x0000000000003964       0x1a ./lwip/api/sockets.o
                0x0000000000003964                netconn_free
 *fill*         0x000000000000397e        0x2 
 .text.netconn_new_with_proto_and_callback
                0x0000000000003980       0x48 ./lwip/api/sockets.o
                0x0000000000003980                netconn_new_with_proto_and_callback
 .text.netconn_prepare_delete
                0x00000000000039c8       0x1c ./lwip/api/sockets.o
                0x00000000000039c8                netconn_prepare_delete
 .text.netconn_delete
                0x00000000000039e4       0x1c ./lwip/api/sockets.o
                0x00000000000039e4                netconn_delete
 .text.netconn_bind
                0x0000000000003a00       0x34 ./lwip/api/sockets.o
                0x0000000000003a00                netconn_bind
 .text.netconn_connect
                0x0000000000003a34       0x34 ./lwip/api/sockets.o
                0x0000000000003a34                netconn_connect
 .text.netconn_disconnect
                0x0000000000003a68       0x24 ./lwip/api/sockets.o
                0x0000000000003a68                netconn_disconnect
 .text.netconn_send
                0x0000000000003a8c       0x24 ./lwip/api/sockets.o
                0x0000000000003a8c                netconn_send
 .text.netconn_write_vectors_partly
                0x0000000000003ab0       0x94 ./lwip/api/sockets.o
                0x0000000000003ab0                netconn_write_vectors_partly
 .text.netconn_write_partly
                0x0000000000003b44       0x18 ./lwip/api/sockets.o
                0x0000000000003b44                netconn_write_partly
 .text.netconn_err
                0x0000000000003b5c       0x1e ./lwip/api/sockets.o
                0x0000000000003b5c                netconn_err
 .text.lwip_netconn_do_send
                0x0000000000003b7a       0x52 ./lwip/api/sockets.o
                0x0000000000003b7a                lwip_netconn_do_send
 .text.lwip_netconn_do_write
                0x0000000000003bcc       0x16 ./lwip/api/sockets.o
                0x0000000000003bcc                lwip_netconn_do_write
 .text.netconn_recv_data
                0x0000000000003be2       0x80 ./lwip/api/sockets.o
 .text.netconn_recv_udp_raw_netbuf_flags
                0x0000000000003c62       0x16 ./lwip/api/sockets.o
                0x0000000000003c62                netconn_recv_udp_raw_netbuf_flags
 .text.netconn_join_leave_group
                0x0000000000003c78       0x38 ./lwip/api/sockets.o
                0x0000000000003c78                netconn_join_leave_group
 .text.netbuf_delete
                0x0000000000003cb0       0x22 ./lwip/api/sockets.o
                0x0000000000003cb0                netbuf_delete
 .text.recv_udp
                0x0000000000003cd2       0x66 ./lwip/api/sockets.o
 .text.lwip_netconn_do_delconn
                0x0000000000003d38       0x84 ./lwip/api/sockets.o
                0x0000000000003d38                lwip_netconn_do_delconn
 .text.lwip_recvfrom_udp_raw.isra.9
                0x0000000000003dbc       0xf0 ./lwip/api/sockets.o
 .text.netbuf_free
                0x0000000000003eac       0x1a ./lwip/api/sockets.o
                0x0000000000003eac                netbuf_free
 .text.netbuf_ref
                0x0000000000003ec6       0x3a ./lwip/api/sockets.o
                0x0000000000003ec6                netbuf_ref
 .text.bind     0x0000000000003f00       0x58 ./lwip/api/sockets.o
                0x0000000000003f00                bind
 .text.close    0x0000000000003f58       0xc4 ./lwip/api/sockets.o
                0x0000000000003f58                close
 .text.connect  0x000000000000401c       0x60 ./lwip/api/sockets.o
                0x000000000000401c                connect
 .text.recvfrom
                0x000000000000407c       0x6c ./lwip/api/sockets.o
                0x000000000000407c                recvfrom
 .text.sendto   0x00000000000040e8       0xb4 ./lwip/api/sockets.o
                0x00000000000040e8                sendto
 .text.send     0x000000000000419c       0x70 ./lwip/api/sockets.o
                0x000000000000419c                send
 .text.socket   0x000000000000420c       0xa8 ./lwip/api/sockets.o
                0x000000000000420c                socket
 .text.setsockopt
                0x00000000000042b4      0x27c ./lwip/api/sockets.o
                0x00000000000042b4                setsockopt
 .text.inet_pton
                0x0000000000004530       0x20 ./lwip/api/sockets.o
                0x0000000000004530                inet_pton
 .text.tcpip_thread
                0x0000000000004550       0xb0 ./lwip/api/tcpip.o
 .text.tcpip_inpkt
                0x0000000000004600       0x38 ./lwip/api/tcpip.o
                0x0000000000004600                tcpip_inpkt
 .text.tcpip_input
                0x0000000000004638       0x1c ./lwip/api/tcpip.o
                0x0000000000004638                tcpip_input
 .text.tcpip_callback
                0x0000000000004654       0x2c ./lwip/api/tcpip.o
                0x0000000000004654                tcpip_callback
 .text.tcpip_send_msg_wait_sem
                0x0000000000004680       0x20 ./lwip/api/tcpip.o
                0x0000000000004680                tcpip_send_msg_wait_sem
 .text.tcpip_init
                0x00000000000046a0       0x4c ./lwip/api/tcpip.o
                0x00000000000046a0                tcpip_init
 .text.prvTaskExitError
                0x00000000000046ec       0x20 ./freertos/port/port.o
 .text.prvPortStartFirstTask
                0x000000000000470c       0x20 ./freertos/port/port.o
 .text.pxPortInitialiseStack
                0x000000000000472c       0x24 ./freertos/port/port.o
                0x000000000000472c                pxPortInitialiseStack
 .text.vPortSVCHandler
                0x0000000000004750       0x24 ./freertos/port/port.o
                0x0000000000004750                vPortSVCHandler
 .text.vPortEnterCritical
                0x0000000000004774       0x20 ./freertos/port/port.o
                0x0000000000004774                vPortEnterCritical
 .text.vPortExitCritical
                0x0000000000004794       0x14 ./freertos/port/port.o
                0x0000000000004794                vPortExitCritical
 *fill*         0x00000000000047a8        0x8 
 .text.xPortPendSVHandler
                0x00000000000047b0       0x44 ./freertos/port/port.o
                0x00000000000047b0                xPortPendSVHandler
 .text.xPortSysTickHandler
                0x00000000000047f4       0x2c ./freertos/port/port.o
                0x00000000000047f4                xPortSysTickHandler
 .text.vPortSetupTimerInterrupt
                0x0000000000004820       0x34 ./freertos/port/port.o
                0x0000000000004820                vPortSetupTimerInterrupt
 .text.xPortStartScheduler
                0x0000000000004854       0x38 ./freertos/port/port.o
                0x0000000000004854                xPortStartScheduler
 .text.xEventGroupCreate
                0x000000000000488c       0x1a ./freertos/event_groups.o
                0x000000000000488c                xEventGroupCreate
 *fill*         0x00000000000048a6        0x2 
 .text.xEventGroupWaitBits
                0x00000000000048a8       0xb4 ./freertos/event_groups.o
                0x00000000000048a8                xEventGroupWaitBits
 .text.xEventGroupSetBits
                0x000000000000495c       0x5c ./freertos/event_groups.o
                0x000000000000495c                xEventGroupSetBits
 .text.vEventGroupSetBitsCallback
                0x00000000000049b8        0x4 ./freertos/event_groups.o
                0x00000000000049b8                vEventGroupSetBitsCallback
 .text.xEventGroupSetBitsFromISR
                0x00000000000049bc       0x10 ./freertos/event_groups.o
                0x00000000000049bc                xEventGroupSetBitsFromISR
 .text.prvInsertBlockIntoFreeList
                0x00000000000049cc       0x48 ./freertos/heap_4.o
 .text.pvPortMalloc
                0x0000000000004a14       0xf4 ./freertos/heap_4.o
                0x0000000000004a14                pvPortMalloc
 .text.vPortFree
                0x0000000000004b08       0x4c ./freertos/heap_4.o
                0x0000000000004b08                vPortFree
 .text.vListInitialise
                0x0000000000004b54       0x16 ./freertos/list.o
                0x0000000000004b54                vListInitialise
 .text.vListInitialiseItem
                0x0000000000004b6a        0x6 ./freertos/list.o
                0x0000000000004b6a                vListInitialiseItem
 .text.vListInsertEnd
                0x0000000000004b70       0x18 ./freertos/list.o
                0x0000000000004b70                vListInsertEnd
 .text.vListInsert
                0x0000000000004b88       0x2e ./freertos/list.o
                0x0000000000004b88                vListInsert
 .text.uxListRemove
                0x0000000000004bb6       0x22 ./freertos/list.o
                0x0000000000004bb6                uxListRemove
 .text.prvIsQueueEmpty
                0x0000000000004bd8       0x16 ./freertos/queue.o
 .text.prvCopyDataToQueue
                0x0000000000004bee       0x66 ./freertos/queue.o
 .text.prvCopyDataFromQueue
                0x0000000000004c54       0x28 ./freertos/queue.o
 .text.prvUnlockQueue
                0x0000000000004c7c       0x70 ./freertos/queue.o
 .text.xQueueGenericReset
                0x0000000000004cec       0x6c ./freertos/queue.o
                0x0000000000004cec                xQueueGenericReset
 .text.xQueueGenericCreate
                0x0000000000004d58       0x34 ./freertos/queue.o
                0x0000000000004d58                xQueueGenericCreate
 .text.xQueueCreateCountingSemaphore
                0x0000000000004d8c       0x12 ./freertos/queue.o
                0x0000000000004d8c                xQueueCreateCountingSemaphore
 *fill*         0x0000000000004d9e        0x2 
 .text.xQueueGenericSend
                0x0000000000004da0       0xfc ./freertos/queue.o
                0x0000000000004da0                xQueueGenericSend
 .text.xQueueCreateMutex
                0x0000000000004e9c       0x24 ./freertos/queue.o
                0x0000000000004e9c                xQueueCreateMutex
 .text.xQueueGenericSendFromISR
                0x0000000000004ec0       0x68 ./freertos/queue.o
                0x0000000000004ec0                xQueueGenericSendFromISR
 .text.xQueueGiveFromISR
                0x0000000000004f28       0x5c ./freertos/queue.o
                0x0000000000004f28                xQueueGiveFromISR
 .text.xQueueReceive
                0x0000000000004f84       0xf0 ./freertos/queue.o
                0x0000000000004f84                xQueueReceive
 .text.xQueueSemaphoreTake
                0x0000000000005074      0x128 ./freertos/queue.o
                0x0000000000005074                xQueueSemaphoreTake
 .text.vQueueAddToRegistry
                0x000000000000519c       0x24 ./freertos/queue.o
                0x000000000000519c                vQueueAddToRegistry
 .text.vQueueUnregisterQueue
                0x00000000000051c0       0x28 ./freertos/queue.o
                0x00000000000051c0                vQueueUnregisterQueue
 .text.vQueueDelete
                0x00000000000051e8       0x12 ./freertos/queue.o
                0x00000000000051e8                vQueueDelete
 .text.vQueueWaitForMessageRestricted
                0x00000000000051fa       0x46 ./freertos/queue.o
                0x00000000000051fa                vQueueWaitForMessageRestricted
 .text.prvResetNextTaskUnblockTime
                0x0000000000005240       0x24 ./freertos/tasks.o
 .text.prvAddCurrentTaskToDelayedList
                0x0000000000005264       0x8c ./freertos/tasks.o
 .text.prvIdleTask
                0x00000000000052f0       0x48 ./freertos/tasks.o
 .text.xTaskCreate
                0x0000000000005338      0x1d0 ./freertos/tasks.o
                0x0000000000005338                xTaskCreate
 .text.vTaskStartScheduler
                0x0000000000005508       0x68 ./freertos/tasks.o
                0x0000000000005508                vTaskStartScheduler
 .text.vTaskSuspendAll
                0x0000000000005570       0x10 ./freertos/tasks.o
                0x0000000000005570                vTaskSuspendAll
 .text.xTaskGetTickCount
                0x0000000000005580        0xc ./freertos/tasks.o
                0x0000000000005580                xTaskGetTickCount
 .text.xTaskIncrementTick
                0x000000000000558c      0x10c ./freertos/tasks.o
                0x000000000000558c                xTaskIncrementTick
 .text.xTaskResumeAll
                0x0000000000005698       0xd8 ./freertos/tasks.o
                0x0000000000005698                xTaskResumeAll
 .text.vTaskDelay
                0x0000000000005770       0x30 ./freertos/tasks.o
                0x0000000000005770                vTaskDelay
 .text.vTaskSwitchContext
                0x00000000000057a0       0x60 ./freertos/tasks.o
                0x00000000000057a0                vTaskSwitchContext
 .text.vTaskPlaceOnEventList
                0x0000000000005800       0x20 ./freertos/tasks.o
                0x0000000000005800                vTaskPlaceOnEventList
 .text.vTaskPlaceOnUnorderedEventList
                0x0000000000005820       0x28 ./freertos/tasks.o
                0x0000000000005820                vTaskPlaceOnUnorderedEventList
 .text.vTaskPlaceOnEventListRestricted
                0x0000000000005848       0x2c ./freertos/tasks.o
                0x0000000000005848                vTaskPlaceOnEventListRestricted
 .text.xTaskRemoveFromEventList
                0x0000000000005874       0x70 ./freertos/tasks.o
                0x0000000000005874                xTaskRemoveFromEventList
 .text.vTaskRemoveFromUnorderedEventList
                0x00000000000058e4       0x58 ./freertos/tasks.o
                0x00000000000058e4                vTaskRemoveFromUnorderedEventList
 .text.vTaskInternalSetTimeOutState
                0x000000000000593c       0x18 ./freertos/tasks.o
                0x000000000000593c                vTaskInternalSetTimeOutState
 .text.xTaskCheckForTimeOut
                0x0000000000005954       0x50 ./freertos/tasks.o
                0x0000000000005954                xTaskCheckForTimeOut
 .text.vTaskMissedYield
                0x00000000000059a4        0xc ./freertos/tasks.o
                0x00000000000059a4                vTaskMissedYield
 .text.xTaskGetSchedulerState
                0x00000000000059b0       0x20 ./freertos/tasks.o
                0x00000000000059b0                xTaskGetSchedulerState
 .text.xTaskPriorityInherit
                0x00000000000059d0       0xa4 ./freertos/tasks.o
                0x00000000000059d0                xTaskPriorityInherit
 .text.xTaskPriorityDisinherit
                0x0000000000005a74       0x70 ./freertos/tasks.o
                0x0000000000005a74                xTaskPriorityDisinherit
 .text.vTaskPriorityDisinheritAfterTimeout
                0x0000000000005ae4       0x7c ./freertos/tasks.o
                0x0000000000005ae4                vTaskPriorityDisinheritAfterTimeout
 .text.uxTaskResetEventItemValue
                0x0000000000005b60       0x18 ./freertos/tasks.o
                0x0000000000005b60                uxTaskResetEventItemValue
 .text.pvTaskIncrementMutexHeldCount
                0x0000000000005b78       0x18 ./freertos/tasks.o
                0x0000000000005b78                pvTaskIncrementMutexHeldCount
 .text.prvCheckForValidListAndQueue
                0x0000000000005b90       0x58 ./freertos/timers.o
 .text.prvInsertTimerInActiveList
                0x0000000000005be8       0x3c ./freertos/timers.o
 .text.xTimerCreateTimerTask
                0x0000000000005c24       0x38 ./freertos/timers.o
                0x0000000000005c24                xTimerCreateTimerTask
 .text.xTimerGenericCommand
                0x0000000000005c5c       0x40 ./freertos/timers.o
                0x0000000000005c5c                xTimerGenericCommand
 .text.prvSwitchTimerLists
                0x0000000000005c9c       0x68 ./freertos/timers.o
 .text.prvTimerTask
                0x0000000000005d04      0x190 ./freertos/timers.o
 .text.xTimerPendFunctionCallFromISR
                0x0000000000005e94       0x28 ./freertos/timers.o
                0x0000000000005e94                xTimerPendFunctionCallFromISR
 .text.vUDPServer
                0x0000000000005ebc       0x94 ./app/src/ethernet.o
 .text.vUDPClient
                0x0000000000005f50       0x74 ./app/src/ethernet.o
 .text.vDeviceInfo
                0x0000000000005fc4      0x1dc ./app/src/ethernet.o
 .text.vEthernetDaemon
                0x00000000000061a0       0xf0 ./app/src/ethernet.o
                0x00000000000061a0                vEthernetDaemon
 .text.startup.main
                0x0000000000006290       0x58 ./app/src/main.o
                0x0000000000006290                main
 .text.uart0_recv_dma
                0x00000000000062e8       0x5c ./app/src/uart.o
 .text.uart0_send_dma
                0x0000000000006344       0x5c ./app/src/uart.o
 .text.vUartInit
                0x00000000000063a0       0x80 ./app/src/uart.o
                0x00000000000063a0                vUartInit
 .text.DMA_IRQHandler
                0x0000000000006420       0xb8 ./app/src/uart.o
                0x0000000000006420                DMA_IRQHandler
 .text.vUart0Thread
                0x00000000000064d8       0x90 ./app/src/uart.o
                0x00000000000064d8                vUart0Thread
 .text          0x0000000000006568       0x30 /Users/jun/workspace/eclipse/gcc-arm-none-eabi-7-2018-q2-update/bin/../lib/gcc/arm-none-eabi/7.3.1/thumb/v7-m/libgcc.a(_aeabi_uldivmod.o)
                0x0000000000006568                __aeabi_uldivmod
 .text          0x0000000000006598      0x2d0 /Users/jun/workspace/eclipse/gcc-arm-none-eabi-7-2018-q2-update/bin/../lib/gcc/arm-none-eabi/7.3.1/thumb/v7-m/libgcc.a(_udivmoddi4.o)
                0x0000000000006598                __udivmoddi4
 .text          0x0000000000006868        0x4 /Users/jun/workspace/eclipse/gcc-arm-none-eabi-7-2018-q2-update/bin/../lib/gcc/arm-none-eabi/7.3.1/thumb/v7-m/libgcc.a(_dvmd_tls.o)
                0x0000000000006868                __aeabi_ldiv0
                0x0000000000006868                __aeabi_idiv0
 .text.atoi     0x000000000000686c        0x8 /Users/jun/workspace/eclipse/gcc-arm-none-eabi-7-2018-q2-update/bin/../lib/gcc/arm-none-eabi/7.3.1/../../../../arm-none-eabi/lib/thumb/v7-m/libg_nano.a(lib_a-atoi.o)
                0x000000000000686c                atoi
 .text.__errno  0x0000000000006874        0xc /Users/jun/workspace/eclipse/gcc-arm-none-eabi-7-2018-q2-update/bin/../lib/gcc/arm-none-eabi/7.3.1/../../../../arm-none-eabi/lib/thumb/v7-m/libg_nano.a(lib_a-errno.o)
                0x0000000000006874                __errno
 .text.__locale_ctype_ptr_l
                0x0000000000006880        0x6 /Users/jun/workspace/eclipse/gcc-arm-none-eabi-7-2018-q2-update/bin/../lib/gcc/arm-none-eabi/7.3.1/../../../../arm-none-eabi/lib/thumb/v7-m/libg_nano.a(lib_a-locale.o)
                0x0000000000006880                __locale_ctype_ptr_l
 *fill*         0x0000000000006886        0x2 
 .text.__locale_ctype_ptr
                0x0000000000006888       0x1c /Users/jun/workspace/eclipse/gcc-arm-none-eabi-7-2018-q2-update/bin/../lib/gcc/arm-none-eabi/7.3.1/../../../../arm-none-eabi/lib/thumb/v7-m/libg_nano.a(lib_a-locale.o)
                0x0000000000006888                __locale_ctype_ptr
 .text.malloc   0x00000000000068a4       0x10 /Users/jun/workspace/eclipse/gcc-arm-none-eabi-7-2018-q2-update/bin/../lib/gcc/arm-none-eabi/7.3.1/../../../../arm-none-eabi/lib/thumb/v7-m/libg_nano.a(lib_a-malloc.o)
                0x00000000000068a4                malloc
 .text.free     0x00000000000068b4       0x10 /Users/jun/workspace/eclipse/gcc-arm-none-eabi-7-2018-q2-update/bin/../lib/gcc/arm-none-eabi/7.3.1/../../../../arm-none-eabi/lib/thumb/v7-m/libg_nano.a(lib_a-malloc.o)
                0x00000000000068b4                free
 .text.__ascii_mbtowc
                0x00000000000068c4       0x24 /Users/jun/workspace/eclipse/gcc-arm-none-eabi-7-2018-q2-update/bin/../lib/gcc/arm-none-eabi/7.3.1/../../../../arm-none-eabi/lib/thumb/v7-m/libg_nano.a(lib_a-mbtowc_r.o)
                0x00000000000068c4                __ascii_mbtowc
 .text.memcmp   0x00000000000068e8       0x1e /Users/jun/workspace/eclipse/gcc-arm-none-eabi-7-2018-q2-update/bin/../lib/gcc/arm-none-eabi/7.3.1/../../../../arm-none-eabi/lib/thumb/v7-m/libg_nano.a(lib_a-memcmp.o)
                0x00000000000068e8                memcmp
 .text.memcpy   0x0000000000006906       0x16 /Users/jun/workspace/eclipse/gcc-arm-none-eabi-7-2018-q2-update/bin/../lib/gcc/arm-none-eabi/7.3.1/../../../../arm-none-eabi/lib/thumb/v7-m/libg_nano.a(lib_a-memcpy-stub.o)
                0x0000000000006906                memcpy
 .text.memset   0x000000000000691c       0x10 /Users/jun/workspace/eclipse/gcc-arm-none-eabi-7-2018-q2-update/bin/../lib/gcc/arm-none-eabi/7.3.1/../../../../arm-none-eabi/lib/thumb/v7-m/libg_nano.a(lib_a-memset.o)
                0x000000000000691c                memset
 .text._free_r  0x000000000000692c       0x98 /Users/jun/workspace/eclipse/gcc-arm-none-eabi-7-2018-q2-update/bin/../lib/gcc/arm-none-eabi/7.3.1/../../../../arm-none-eabi/lib/thumb/v7-m/libg_nano.a(lib_a-nano-freer.o)
                0x000000000000692c                _free_r
 .text._malloc_r
                0x00000000000069c4       0xb4 /Users/jun/workspace/eclipse/gcc-arm-none-eabi-7-2018-q2-update/bin/../lib/gcc/arm-none-eabi/7.3.1/../../../../arm-none-eabi/lib/thumb/v7-m/libg_nano.a(lib_a-nano-mallocr.o)
                0x00000000000069c4                _malloc_r
 .text.rand     0x0000000000006a78       0x68 /Users/jun/workspace/eclipse/gcc-arm-none-eabi-7-2018-q2-update/bin/../lib/gcc/arm-none-eabi/7.3.1/../../../../arm-none-eabi/lib/thumb/v7-m/libg_nano.a(lib_a-rand.o)
                0x0000000000006a78                rand
 .text._sbrk_r  0x0000000000006ae0       0x20 /Users/jun/workspace/eclipse/gcc-arm-none-eabi-7-2018-q2-update/bin/../lib/gcc/arm-none-eabi/7.3.1/../../../../arm-none-eabi/lib/thumb/v7-m/libg_nano.a(lib_a-sbrkr.o)
                0x0000000000006ae0                _sbrk_r
 .text.sscanf   0x0000000000006b00       0x54 /Users/jun/workspace/eclipse/gcc-arm-none-eabi-7-2018-q2-update/bin/../lib/gcc/arm-none-eabi/7.3.1/../../../../arm-none-eabi/lib/thumb/v7-m/libg_nano.a(lib_a-sscanf.o)
                0x0000000000006b00                sscanf
                0x0000000000006b00                siscanf
 .text.__seofread
                0x0000000000006b54        0x4 /Users/jun/workspace/eclipse/gcc-arm-none-eabi-7-2018-q2-update/bin/../lib/gcc/arm-none-eabi/7.3.1/../../../../arm-none-eabi/lib/thumb/v7-m/libg_nano.a(lib_a-stdio.o)
                0x0000000000006b54                __seofread
 .text          0x0000000000006b58       0x14 /Users/jun/workspace/eclipse/gcc-arm-none-eabi-7-2018-q2-update/bin/../lib/gcc/arm-none-eabi/7.3.1/../../../../arm-none-eabi/lib/thumb/v7-m/libg_nano.a(lib_a-strcmp.o)
                0x0000000000006b58                strcmp
 .text.strcpy   0x0000000000006b6c       0x10 /Users/jun/workspace/eclipse/gcc-arm-none-eabi-7-2018-q2-update/bin/../lib/gcc/arm-none-eabi/7.3.1/../../../../arm-none-eabi/lib/thumb/v7-m/libg_nano.a(lib_a-strcpy.o)
                0x0000000000006b6c                strcpy
 .text          0x0000000000006b7c       0x10 /Users/jun/workspace/eclipse/gcc-arm-none-eabi-7-2018-q2-update/bin/../lib/gcc/arm-none-eabi/7.3.1/../../../../arm-none-eabi/lib/thumb/v7-m/libg_nano.a(lib_a-strlen.o)
                0x0000000000006b7c                strlen
 .text._strtol_l.isra.0
                0x0000000000006b8c       0xf6 /Users/jun/workspace/eclipse/gcc-arm-none-eabi-7-2018-q2-update/bin/../lib/gcc/arm-none-eabi/7.3.1/../../../../arm-none-eabi/lib/thumb/v7-m/libg_nano.a(lib_a-strtol.o)
 *fill*         0x0000000000006c82        0x2 
 .text._strtol_r
                0x0000000000006c84       0x24 /Users/jun/workspace/eclipse/gcc-arm-none-eabi-7-2018-q2-update/bin/../lib/gcc/arm-none-eabi/7.3.1/../../../../arm-none-eabi/lib/thumb/v7-m/libg_nano.a(lib_a-strtol.o)
                0x0000000000006c84                _strtol_r
 .text.strtol   0x0000000000006ca8       0x2c /Users/jun/workspace/eclipse/gcc-arm-none-eabi-7-2018-q2-update/bin/../lib/gcc/arm-none-eabi/7.3.1/../../../../arm-none-eabi/lib/thumb/v7-m/libg_nano.a(lib_a-strtol.o)
                0x0000000000006ca8                strtol
 .text.__ascii_wctomb
                0x0000000000006cd4       0x1a /Users/jun/workspace/eclipse/gcc-arm-none-eabi-7-2018-q2-update/bin/../lib/gcc/arm-none-eabi/7.3.1/../../../../arm-none-eabi/lib/thumb/v7-m/libg_nano.a(lib_a-wctomb_r.o)
                0x0000000000006cd4                __ascii_wctomb
 .text.__malloc_lock
                0x0000000000006cee        0x2 /Users/jun/workspace/eclipse/gcc-arm-none-eabi-7-2018-q2-update/bin/../lib/gcc/arm-none-eabi/7.3.1/../../../../arm-none-eabi/lib/thumb/v7-m/libg_nano.a(lib_a-mlock.o)
                0x0000000000006cee                __malloc_lock
 .text.__malloc_unlock
                0x0000000000006cf0        0x2 /Users/jun/workspace/eclipse/gcc-arm-none-eabi-7-2018-q2-update/bin/../lib/gcc/arm-none-eabi/7.3.1/../../../../arm-none-eabi/lib/thumb/v7-m/libg_nano.a(lib_a-mlock.o)
                0x0000000000006cf0                __malloc_unlock
 .text._sungetc_r
                0x0000000000006cf2       0x7a /Users/jun/workspace/eclipse/gcc-arm-none-eabi-7-2018-q2-update/bin/../lib/gcc/arm-none-eabi/7.3.1/../../../../arm-none-eabi/lib/thumb/v7-m/libg_nano.a(lib_a-nano-svfscanf.o)
                0x0000000000006cf2                _sungetc_r
 .text.__ssrefill_r
                0x0000000000006d6c       0x3a /Users/jun/workspace/eclipse/gcc-arm-none-eabi-7-2018-q2-update/bin/../lib/gcc/arm-none-eabi/7.3.1/../../../../arm-none-eabi/lib/thumb/v7-m/libg_nano.a(lib_a-nano-svfscanf.o)
                0x0000000000006d6c                __ssrefill_r
 *fill*         0x0000000000006da6        0x2 
 .text.__ssvfscanf_r
                0x0000000000006da8      0x2a0 /Users/jun/workspace/eclipse/gcc-arm-none-eabi-7-2018-q2-update/bin/../lib/gcc/arm-none-eabi/7.3.1/../../../../arm-none-eabi/lib/thumb/v7-m/libg_nano.a(lib_a-nano-svfscanf.o)
                0x0000000000006da8                __ssvfscanf_r
                0x0000000000006da8                __ssvfiscanf_r
 .text._scanf_chars
                0x0000000000007048       0xc4 /Users/jun/workspace/eclipse/gcc-arm-none-eabi-7-2018-q2-update/bin/../lib/gcc/arm-none-eabi/7.3.1/../../../../arm-none-eabi/lib/thumb/v7-m/libg_nano.a(lib_a-nano-vfscanf_i.o)
                0x0000000000007048                _scanf_chars
 .text._scanf_i
                0x000000000000710c      0x1ec /Users/jun/workspace/eclipse/gcc-arm-none-eabi-7-2018-q2-update/bin/../lib/gcc/arm-none-eabi/7.3.1/../../../../arm-none-eabi/lib/thumb/v7-m/libg_nano.a(lib_a-nano-vfscanf_i.o)
                0x000000000000710c                _scanf_i
 .text.__sccl   0x00000000000072f8       0x62 /Users/jun/workspace/eclipse/gcc-arm-none-eabi-7-2018-q2-update/bin/../lib/gcc/arm-none-eabi/7.3.1/../../../../arm-none-eabi/lib/thumb/v7-m/libg_nano.a(lib_a-sccl.o)
                0x00000000000072f8                __sccl
 .text._strtoul_l.isra.0
                0x000000000000735a       0xf4 /Users/jun/workspace/eclipse/gcc-arm-none-eabi-7-2018-q2-update/bin/../lib/gcc/arm-none-eabi/7.3.1/../../../../arm-none-eabi/lib/thumb/v7-m/libg_nano.a(lib_a-strtoul.o)
 *fill*         0x000000000000744e        0x2 
 .text._strtoul_r
                0x0000000000007450       0x24 /Users/jun/workspace/eclipse/gcc-arm-none-eabi-7-2018-q2-update/bin/../lib/gcc/arm-none-eabi/7.3.1/../../../../arm-none-eabi/lib/thumb/v7-m/libg_nano.a(lib_a-strtoul.o)
                0x0000000000007450                _strtoul_r
 .text.__submore
                0x0000000000007474       0x70 /Users/jun/workspace/eclipse/gcc-arm-none-eabi-7-2018-q2-update/bin/../lib/gcc/arm-none-eabi/7.3.1/../../../../arm-none-eabi/lib/thumb/v7-m/libg_nano.a(lib_a-ungetc.o)
                0x0000000000007474                __submore
 .text.memchr   0x00000000000074e4       0x1c /Users/jun/workspace/eclipse/gcc-arm-none-eabi-7-2018-q2-update/bin/../lib/gcc/arm-none-eabi/7.3.1/../../../../arm-none-eabi/lib/thumb/v7-m/libg_nano.a(lib_a-memchr-stub.o)
                0x00000000000074e4                memchr
 .text._realloc_r
                0x0000000000007500       0x4c /Users/jun/workspace/eclipse/gcc-arm-none-eabi-7-2018-q2-update/bin/../lib/gcc/arm-none-eabi/7.3.1/../../../../arm-none-eabi/lib/thumb/v7-m/libg_nano.a(lib_a-nano-reallocr.o)
                0x0000000000007500                _realloc_r
 .text._malloc_usable_size_r
                0x000000000000754c       0x10 /Users/jun/workspace/eclipse/gcc-arm-none-eabi-7-2018-q2-update/bin/../lib/gcc/arm-none-eabi/7.3.1/../../../../arm-none-eabi/lib/thumb/v7-m/libg_nano.a(lib_a-nano-msizer.o)
                0x000000000000754c                _malloc_usable_size_r
 *(.rodata .rodata.* .constdata .constdata.*)
 .rodata.GPDMA_LUTPerBurst
                0x000000000000755c       0x18 ./system/src/lpc17xx/lpc17xx_gpdma.o
                0x000000000000755c                GPDMA_LUTPerBurst
 .rodata.GPDMA_LUTPerWid
                0x0000000000007574       0x18 ./system/src/lpc17xx/lpc17xx_gpdma.o
                0x0000000000007574                GPDMA_LUTPerWid
 .rodata.CSWTCH.20
                0x000000000000758c        0x3 ./system/src/lpc17xx/lpc17xx_uart.o
 .rodata.ethbroadcast
                0x000000000000758f        0x6 ./lwip/netif/ethernet.o
                0x000000000000758f                ethbroadcast
 .rodata.ethzero
                0x0000000000007595        0x6 ./lwip/netif/ethernet.o
                0x0000000000007595                ethzero
 *fill*         0x000000000000759b        0x1 
 .rodata.ip_addr_any
                0x000000000000759c        0x4 ./lwip/core/ipv4/ip4_addr.o
                0x000000000000759c                ip_addr_any
 .rodata.ip_addr_broadcast
                0x00000000000075a0        0x4 ./lwip/core/ipv4/ip4_addr.o
                0x00000000000075a0                ip_addr_broadcast
 .rodata.memp_IGMP_GROUP
                0x00000000000075a4        0x2 ./lwip/core/memp.o
                0x00000000000075a4                memp_IGMP_GROUP
 .rodata.memp_NETBUF
                0x00000000000075a6        0x2 ./lwip/core/memp.o
                0x00000000000075a6                memp_NETBUF
 .rodata.memp_NETCONN
                0x00000000000075a8        0x2 ./lwip/core/memp.o
                0x00000000000075a8                memp_NETCONN
 .rodata.memp_PBUF
                0x00000000000075aa        0x2 ./lwip/core/memp.o
                0x00000000000075aa                memp_PBUF
 .rodata.memp_PBUF_POOL
                0x00000000000075ac        0x2 ./lwip/core/memp.o
                0x00000000000075ac                memp_PBUF_POOL
 .rodata.memp_SYS_TIMEOUT
                0x00000000000075ae        0x2 ./lwip/core/memp.o
                0x00000000000075ae                memp_SYS_TIMEOUT
 .rodata.memp_TCPIP_MSG_API
                0x00000000000075b0        0x2 ./lwip/core/memp.o
                0x00000000000075b0                memp_TCPIP_MSG_API
 .rodata.memp_TCPIP_MSG_INPKT
                0x00000000000075b2        0x2 ./lwip/core/memp.o
                0x00000000000075b2                memp_TCPIP_MSG_INPKT
 .rodata.memp_UDP_PCB
                0x00000000000075b4        0x2 ./lwip/core/memp.o
                0x00000000000075b4                memp_UDP_PCB
 *fill*         0x00000000000075b6        0x2 
 .rodata.memp_pools
                0x00000000000075b8       0x24 ./lwip/core/memp.o
                0x00000000000075b8                memp_pools
 .rodata.lwip_cyclic_timers
                0x00000000000075dc       0x10 ./lwip/core/timeouts.o
                0x00000000000075dc                lwip_cyclic_timers
 .rodata.ethclkdiv
                0x00000000000075ec        0xf ./lwip/arch/freertos_lwip_mac.o
                0x00000000000075ec                ethclkdiv
 .rodata.lpc_enetif_init.str1.1
                0x00000000000075fb       0x54 ./lwip/arch/freertos_lwip_mac.o
 *fill*         0x000000000000764f        0x1 
 .rodata.err_to_errno_table
                0x0000000000007650       0x44 ./lwip/api/err.o
 .rodata.tcpip_init.str1.1
                0x0000000000007694        0xd ./lwip/api/tcpip.o
 .rodata.vTaskStartScheduler.str1.1
                0x00000000000076a1        0x5 ./freertos/tasks.o
 .rodata.prvCheckForValidListAndQueue.str1.1
                0x00000000000076a6        0x5 ./freertos/timers.o
 .rodata.xTimerCreateTimerTask.str1.1
                0x00000000000076ab        0x8 ./freertos/timers.o
 .rodata.vDeviceInfo.str1.1
                0x00000000000076b3       0x75 ./app/src/ethernet.o
                                         0x7d (size before relaxing)
 .rodata.vEthernetDaemon.str1.1
                0x0000000000007728       0x1f ./app/src/ethernet.o
 .rodata.vUDPClient.str1.1
                0x0000000000007747        0xb ./app/src/ethernet.o
 .rodata.main.str1.1
                0x0000000000007752       0x11 ./app/src/main.o
 .rodata.vUart0Thread.str1.1
                0x0000000000007763       0x14 ./app/src/uart.o
 .rodata._setlocale_r.str1.1
                0x0000000000007777        0x6 /Users/jun/workspace/eclipse/gcc-arm-none-eabi-7-2018-q2-update/bin/../lib/gcc/arm-none-eabi/7.3.1/../../../../arm-none-eabi/lib/thumb/v7-m/libg_nano.a(lib_a-locale.o)
                                          0x9 (size before relaxing)
 .rodata.str1.1
                0x000000000000777d        0x2 /Users/jun/workspace/eclipse/gcc-arm-none-eabi-7-2018-q2-update/bin/../lib/gcc/arm-none-eabi/7.3.1/../../../../arm-none-eabi/lib/thumb/v7-m/libg_nano.a(lib_a-locale.o)
 .rodata._ctype_
                0x000000000000777f      0x101 /Users/jun/workspace/eclipse/gcc-arm-none-eabi-7-2018-q2-update/bin/../lib/gcc/arm-none-eabi/7.3.1/../../../../arm-none-eabi/lib/thumb/v7-m/libg_nano.a(lib_a-ctype_.o)
                0x000000000000777f                _ctype_
 .rodata.__ssvfscanf_r.str1.1
                0x0000000000007880        0x4 /Users/jun/workspace/eclipse/gcc-arm-none-eabi-7-2018-q2-update/bin/../lib/gcc/arm-none-eabi/7.3.1/../../../../arm-none-eabi/lib/thumb/v7-m/libg_nano.a(lib_a-nano-svfscanf.o)
 .rodata        0x0000000000007884        0xc /Users/jun/workspace/eclipse/gcc-arm-none-eabi-7-2018-q2-update/bin/../lib/gcc/arm-none-eabi/7.3.1/../../../../arm-none-eabi/lib/thumb/v7-m/libg_nano.a(lib_a-nano-vfscanf_i.o)
 .rodata._scanf_i.str1.1
                0x0000000000007890       0x12 /Users/jun/workspace/eclipse/gcc-arm-none-eabi-7-2018-q2-update/bin/../lib/gcc/arm-none-eabi/7.3.1/../../../../arm-none-eabi/lib/thumb/v7-m/libg_nano.a(lib_a-nano-vfscanf_i.o)
 .rodata.str1.1
                0x00000000000078a2        0x6 /Users/jun/workspace/eclipse/gcc-arm-none-eabi-7-2018-q2-update/bin/../lib/gcc/arm-none-eabi/7.3.1/../../../../arm-none-eabi/lib/thumb/v7-m/libg_nano.a(lib_a-nano-vfscanf_i.o)
                                          0x9 (size before relaxing)
 .rodata.__sf_fake_stderr
                0x00000000000078a8       0x20 /Users/jun/workspace/eclipse/gcc-arm-none-eabi-7-2018-q2-update/bin/../lib/gcc/arm-none-eabi/7.3.1/../../../../arm-none-eabi/lib/thumb/v7-m/libg_nano.a(lib_a-findfp.o)
                0x00000000000078a8                __sf_fake_stderr
 .rodata.__sf_fake_stdin
                0x00000000000078c8       0x20 /Users/jun/workspace/eclipse/gcc-arm-none-eabi-7-2018-q2-update/bin/../lib/gcc/arm-none-eabi/7.3.1/../../../../arm-none-eabi/lib/thumb/v7-m/libg_nano.a(lib_a-findfp.o)
                0x00000000000078c8                __sf_fake_stdin
 .rodata.__sf_fake_stdout
                0x00000000000078e8       0x20 /Users/jun/workspace/eclipse/gcc-arm-none-eabi-7-2018-q2-update/bin/../lib/gcc/arm-none-eabi/7.3.1/../../../../arm-none-eabi/lib/thumb/v7-m/libg_nano.a(lib_a-findfp.o)
                0x00000000000078e8                __sf_fake_stdout
 *(vtable)
 *(.eh_frame*)
 *(.glue_7)
 .glue_7        0x0000000000007908        0x0 linker stubs
 *(.glue_7t)
 .glue_7t       0x0000000000007908        0x0 linker stubs

.vfp11_veneer   0x0000000000007908        0x0
 .vfp11_veneer  0x0000000000007908        0x0 linker stubs

.v4_bx          0x0000000000007908        0x0
 .v4_bx         0x0000000000007908        0x0 linker stubs

.iplt           0x0000000000007908        0x0
 .iplt          0x0000000000007908        0x0 ./system/src/newlib/_exit.o

.ARM.extab
 *(.ARM.extab* .gnu.linkonce.armextab.*)
                0x0000000000007908                . = ALIGN (0x4)
                0x0000000000007908                __exidx_start = .

.ARM.exidx      0x0000000000007908        0x8
 *(.ARM.exidx* .gnu.linkonce.armexidx.*)
 .ARM.exidx     0x0000000000007908        0x8 /Users/jun/workspace/eclipse/gcc-arm-none-eabi-7-2018-q2-update/bin/../lib/gcc/arm-none-eabi/7.3.1/thumb/v7-m/libgcc.a(_udivmoddi4.o)
                0x0000000000007910                __exidx_end = .

.rel.dyn        0x0000000000007910        0x0
 .rel.iplt      0x0000000000007910        0x0 ./system/src/newlib/_exit.o
                0x0000000000007910                . = ALIGN (0x4)
                0x0000000000007910                _etext = .
                0x0000000000007910                __etext = .

.data_CCMRAM    0x000000002007c000        0x0 load address 0x0000000000007910
 FILL mask 0xff
 *(.data.CCMRAM .data.CCMRAM.*)
                0x000000002007c000                . = ALIGN (0x4)
                0x0000000000007910                _sidata = LOADADDR (.data)

.data           0x0000000010000000      0x2c4 load address 0x0000000000007910
 FILL mask 0xff
                0x0000000010000000                _sdata = .
                0x0000000010000000                __data_start__ = .
 *(.data_begin .data_begin.*)
 *(.data .data.*)
 .data.argv.4310
                0x0000000010000000        0x8 ./system/src/newlib/_syscalls.o
 .data.GPDMA_LUTPerAddr
                0x0000000010000008       0x60 ./system/src/lpc17xx/lpc17xx_gpdma.o
                0x0000000010000008                GPDMA_LUTPerAddr
 .data.pGPDMACh
                0x0000000010000068       0x20 ./system/src/lpc17xx/lpc17xx_gpdma.o
                0x0000000010000068                pGPDMACh
 .data.SystemCoreClock
                0x0000000010000088        0x4 ./system/src/cmsis/system_lpc17xx.o
                0x0000000010000088                SystemCoreClock
 .data.udp_port
                0x000000001000008c        0x2 ./lwip/core/udp.o
 .data.local_net
                0x000000001000008e       0x62 ./lwip/arch/freertos_lwip_mac.o
                0x000000001000008e                local_net
 .data.uxCriticalNesting
                0x00000000100000f0        0x4 ./freertos/port/port.o
 .data._impure_ptr
                0x00000000100000f4        0x4 /Users/jun/workspace/eclipse/gcc-arm-none-eabi-7-2018-q2-update/bin/../lib/gcc/arm-none-eabi/7.3.1/../../../../arm-none-eabi/lib/thumb/v7-m/libg_nano.a(lib_a-impure.o)
                0x00000000100000f4                _impure_ptr
 .data.impure_data
                0x00000000100000f8       0x60 /Users/jun/workspace/eclipse/gcc-arm-none-eabi-7-2018-q2-update/bin/../lib/gcc/arm-none-eabi/7.3.1/../../../../arm-none-eabi/lib/thumb/v7-m/libg_nano.a(lib_a-impure.o)
 .data.__global_locale
                0x0000000010000158      0x16c /Users/jun/workspace/eclipse/gcc-arm-none-eabi-7-2018-q2-update/bin/../lib/gcc/arm-none-eabi/7.3.1/../../../../arm-none-eabi/lib/thumb/v7-m/libg_nano.a(lib_a-locale.o)
                0x0000000010000158                __global_locale
 *(.data_end .data_end.*)
                0x00000000100002c4                . = ALIGN (0x4)
                0x00000000100002c4                _edata = .
                0x00000000100002c4                __data_end__ = .

.igot.plt       0x00000000100002c4        0x0 load address 0x0000000000007bd4
 .igot.plt      0x00000000100002c4        0x0 ./system/src/newlib/_exit.o

.bss_CCMRAM     0x000000002007c000        0x0
 *(.bss.CCMRAM .bss.CCMRAM.*)

.bss            0x00000000100002c8     0x4cb0
                0x00000000100002c8                __bss_start__ = .
                0x00000000100002c8                _sbss = .
 *(.bss_begin .bss_begin.*)
 *(.bss .bss.*)
 .bss.current_heap_end.3961
                0x00000000100002c8        0x4 ./system/src/newlib/_sbrk.o
 .bss.name.4309
                0x00000000100002cc        0x1 ./system/src/newlib/_syscalls.o
 *fill*         0x00000000100002cd        0x3 
 .bss.arp_table
                0x00000000100002d0       0xf0 ./lwip/core/ipv4/etharp.o
 .bss.etharp_cached_entry
                0x00000000100003c0        0x1 ./lwip/core/ipv4/etharp.o
 *fill*         0x00000000100003c1        0x3 
 .bss.allrouters
                0x00000000100003c4        0x4 ./lwip/core/ipv4/igmp.o
 .bss.allsystems
                0x00000000100003c8        0x4 ./lwip/core/ipv4/igmp.o
 .bss.ip4_default_multicast_netif
                0x00000000100003cc        0x4 ./lwip/core/ipv4/ip4.o
 .bss.ip_id     0x00000000100003d0        0x2 ./lwip/core/ipv4/ip4.o
 .bss.netif_num
                0x00000000100003d2        0x1 ./lwip/core/netif.o
 *fill*         0x00000000100003d3        0x1 
 .bss.current_timeout_due_time
                0x00000000100003d4        0x4 ./lwip/core/timeouts.o
 .bss.next_timeout
                0x00000000100003d8        0x4 ./lwip/core/timeouts.o
 *fill*         0x00000000100003dc        0x4 
 .bss.lpc_enetdata
                0x00000000100003e0       0xa0 ./lwip/arch/freertos_lwip_mac.o
 .bss.olddphysts
                0x0000000010000480        0x4 ./lwip/arch/phy_smsc87x0.o
 .bss.physts    0x0000000010000484        0x4 ./lwip/arch/phy_smsc87x0.o
 .bss.phyustate
                0x0000000010000488        0x4 ./lwip/arch/phy_smsc87x0.o
 .bss.sts       0x000000001000048c        0x4 ./lwip/arch/phy_smsc87x0.o
 .bss.temp      0x0000000010000490        0x4 ./lwip/arch/phy_smsc87x0.o
 .bss.select_cb_list
                0x0000000010000494        0x4 ./lwip/api/sockets.o
 .bss.socket_ipv4_multicast_memberships
                0x0000000010000498       0x30 ./lwip/api/sockets.o
 .bss.sockets   0x00000000100004c8       0x40 ./lwip/api/sockets.o
 .bss.tcpip_init_done
                0x0000000010000508        0x4 ./lwip/api/tcpip.o
 .bss.tcpip_init_done_arg
                0x000000001000050c        0x4 ./lwip/api/tcpip.o
 .bss.tcpip_mbox
                0x0000000010000510        0x4 ./lwip/api/tcpip.o
 .bss.pxEnd     0x0000000010000514        0x4 ./freertos/heap_4.o
 .bss.ucHeap    0x0000000010000518     0x4800 ./freertos/heap_4.o
 .bss.xBlockAllocatedBit
                0x0000000010004d18        0x4 ./freertos/heap_4.o
 .bss.xFreeBytesRemaining
                0x0000000010004d1c        0x4 ./freertos/heap_4.o
 .bss.xMinimumEverFreeBytesRemaining
                0x0000000010004d20        0x4 ./freertos/heap_4.o
 .bss.xStart    0x0000000010004d24        0x8 ./freertos/heap_4.o
 .bss.pxCurrentTCB
                0x0000000010004d2c        0x4 ./freertos/tasks.o
                0x0000000010004d2c                pxCurrentTCB
 .bss.pxDelayedTaskList
                0x0000000010004d30        0x4 ./freertos/tasks.o
 .bss.pxOverflowDelayedTaskList
                0x0000000010004d34        0x4 ./freertos/tasks.o
 .bss.pxReadyTasksLists
                0x0000000010004d38       0x64 ./freertos/tasks.o
 .bss.uxCurrentNumberOfTasks
                0x0000000010004d9c        0x4 ./freertos/tasks.o
 .bss.uxDeletedTasksWaitingCleanUp
                0x0000000010004da0        0x4 ./freertos/tasks.o
 .bss.uxPendedTicks
                0x0000000010004da4        0x4 ./freertos/tasks.o
 .bss.uxSchedulerSuspended
                0x0000000010004da8        0x4 ./freertos/tasks.o
 .bss.uxTaskNumber
                0x0000000010004dac        0x4 ./freertos/tasks.o
 .bss.uxTopReadyPriority
                0x0000000010004db0        0x4 ./freertos/tasks.o
 .bss.xDelayedTaskList1
                0x0000000010004db4       0x14 ./freertos/tasks.o
 .bss.xDelayedTaskList2
                0x0000000010004dc8       0x14 ./freertos/tasks.o
 .bss.xIdleTaskHandle
                0x0000000010004ddc        0x4 ./freertos/tasks.o
 .bss.xNextTaskUnblockTime
                0x0000000010004de0        0x4 ./freertos/tasks.o
 .bss.xNumOfOverflows
                0x0000000010004de4        0x4 ./freertos/tasks.o
 .bss.xPendingReadyList
                0x0000000010004de8       0x14 ./freertos/tasks.o
 .bss.xSchedulerRunning
                0x0000000010004dfc        0x4 ./freertos/tasks.o
 .bss.xSuspendedTaskList
                0x0000000010004e00       0x14 ./freertos/tasks.o
 .bss.xTasksWaitingTermination
                0x0000000010004e14       0x14 ./freertos/tasks.o
 .bss.xTickCount
                0x0000000010004e28        0x4 ./freertos/tasks.o
 .bss.xYieldPending
                0x0000000010004e2c        0x4 ./freertos/tasks.o
 .bss.pxCurrentTimerList
                0x0000000010004e30        0x4 ./freertos/timers.o
 .bss.pxOverflowTimerList
                0x0000000010004e34        0x4 ./freertos/timers.o
 .bss.xActiveTimerList1
                0x0000000010004e38       0x14 ./freertos/timers.o
 .bss.xActiveTimerList2
                0x0000000010004e4c       0x14 ./freertos/timers.o
 .bss.xLastTime.6101
                0x0000000010004e60        0x4 ./freertos/timers.o
 .bss.xTimerQueue
                0x0000000010004e64        0x4 ./freertos/timers.o
 .bss.xTimerTaskHandle
                0x0000000010004e68        0x4 ./freertos/timers.o
 .bss.net_gs_data
                0x0000000010004e6c       0x81 ./app/src/ethernet.o
                0x0000000010004e6c                net_gs_data
 *fill*         0x0000000010004eed        0x3 
 .bss.xEventGroup
                0x0000000010004ef0        0x4 ./app/src/main.o
                0x0000000010004ef0                xEventGroup
 .bss.__malloc_free_list
                0x0000000010004ef4        0x4 /Users/jun/workspace/eclipse/gcc-arm-none-eabi-7-2018-q2-update/bin/../lib/gcc/arm-none-eabi/7.3.1/../../../../arm-none-eabi/lib/thumb/v7-m/libg_nano.a(lib_a-nano-mallocr.o)
                0x0000000010004ef4                __malloc_free_list
 .bss.__malloc_sbrk_start
                0x0000000010004ef8        0x4 /Users/jun/workspace/eclipse/gcc-arm-none-eabi-7-2018-q2-update/bin/../lib/gcc/arm-none-eabi/7.3.1/../../../../arm-none-eabi/lib/thumb/v7-m/libg_nano.a(lib_a-nano-mallocr.o)
                0x0000000010004ef8                __malloc_sbrk_start
 *(COMMON)
 COMMON         0x0000000010004efc        0x4 ./system/src/newlib/_syscalls.o
                0x0000000010004efc                errno
 COMMON         0x0000000010004f00       0x18 ./lwip/core/ip.o
                0x0000000010004f00                ip_data
 COMMON         0x0000000010004f18        0x8 ./lwip/core/netif.o
                0x0000000010004f18                netif_list
                0x0000000010004f1c                netif_default
 COMMON         0x0000000010004f20        0x4 ./lwip/core/udp.o
                0x0000000010004f20                udp_pcbs
 COMMON         0x0000000010004f24        0x4 ./lwip/api/tcpip.o
                0x0000000010004f24                lock_tcpip_core
 COMMON         0x0000000010004f28       0x50 ./freertos/queue.o
                0x0000000010004f28                xQueueRegistry
 *(.bss_end .bss_end.*)
                0x0000000010004f78                . = ALIGN (0x4)
                0x0000000010004f78                __bss_end__ = .
                0x0000000010004f78                _ebss = .

.noinit_CCMRAM
 *(.noinit.CCMRAM .noinit.CCMRAM.*)

.noinit         0x0000000010004f78        0x0
                0x0000000010004f78                _noinit = .
 *(.noinit .noinit.*)
                0x0000000010004f78                . = ALIGN (0x4)
                0x0000000010004f78                _end_noinit = .
                [!provide]                        PROVIDE (end = _end_noinit)
                [!provide]                        PROVIDE (_end = _end_noinit)
                [!provide]                        PROVIDE (__end = _end_noinit)
                [!provide]                        PROVIDE (__end__ = _end_noinit)

._check_stack   0x0000000010004f78      0x200
                0x0000000010005178                . = (. + _Minimum_Stack_Size)
 *fill*         0x0000000010004f78      0x200 

.b1text
 *(.b1text)
 *(.b1rodata)
 *(.b1rodata.*)

.eb0text
 *(.eb0text)
 *(.eb0rodata)
 *(.eb0rodata.*)

.eb1text
 *(.eb1text)
 *(.eb1rodata)
 *(.eb1rodata.*)

.eb2text
 *(.eb2text)
 *(.eb2rodata)
 *(.eb2rodata.*)

.eb3text
 *(.eb3text)
 *(.eb3rodata)
 *(.eb3rodata.*)

.stab
 *(.stab)

.stabstr        0x0000000000000000       0xdf
 *(.stabstr)
 .stabstr       0x0000000000000000       0xdf /Users/jun/workspace/eclipse/gcc-arm-none-eabi-7-2018-q2-update/bin/../lib/gcc/arm-none-eabi/7.3.1/../../../../arm-none-eabi/lib/thumb/v7-m/libnosys.a(close.o)

.stab.excl
 *(.stab.excl)

.stab.exclstr
 *(.stab.exclstr)

.stab.index
 *(.stab.index)

.stab.indexstr
 *(.stab.indexstr)

.comment        0x0000000000000000       0x7f
 *(.comment)
 .comment       0x0000000000000000       0x7f ./system/src/newlib/_exit.o
                                         0x80 (size before relaxing)
 .comment       0x000000000000007f       0x80 ./system/src/newlib/_sbrk.o
 .comment       0x000000000000007f       0x80 ./system/src/newlib/_startup.o
 .comment       0x000000000000007f       0x80 ./system/src/newlib/_syscalls.o
 .comment       0x000000000000007f       0x80 ./system/src/lpc17xx/lpc17xx_clkpwr.o
 .comment       0x000000000000007f       0x80 ./system/src/lpc17xx/lpc17xx_gpdma.o
 .comment       0x000000000000007f       0x80 ./system/src/lpc17xx/lpc17xx_pinsel.o
 .comment       0x000000000000007f       0x80 ./system/src/lpc17xx/lpc17xx_uart.o
 .comment       0x000000000000007f       0x80 ./system/src/cortexm/_initialize_hardware.o
 .comment       0x000000000000007f       0x80 ./system/src/cortexm/_reset_hardware.o
 .comment       0x000000000000007f       0x80 ./system/src/cortexm/exception_handlers.o
 .comment       0x000000000000007f       0x80 ./system/src/cmsis/system_lpc17xx.o
 .comment       0x000000000000007f       0x80 ./system/src/cmsis/vectors_lpc17xx.o
 .comment       0x000000000000007f       0x80 ./lwip/netif/ethernet.o
 .comment       0x000000000000007f       0x80 ./lwip/core/ipv4/etharp.o
 .comment       0x000000000000007f       0x80 ./lwip/core/ipv4/icmp.o
 .comment       0x000000000000007f       0x80 ./lwip/core/ipv4/igmp.o
 .comment       0x000000000000007f       0x80 ./lwip/core/ipv4/ip4.o
 .comment       0x000000000000007f       0x80 ./lwip/core/ipv4/ip4_addr.o
 .comment       0x000000000000007f       0x80 ./lwip/core/def.o
 .comment       0x000000000000007f       0x80 ./lwip/core/inet_chksum.o
 .comment       0x000000000000007f       0x80 ./lwip/core/init.o
 .comment       0x000000000000007f       0x80 ./lwip/core/ip.o
 .comment       0x000000000000007f       0x80 ./lwip/core/mem.o
 .comment       0x000000000000007f       0x80 ./lwip/core/memp.o
 .comment       0x000000000000007f       0x80 ./lwip/core/netif.o
 .comment       0x000000000000007f       0x80 ./lwip/core/pbuf.o
 .comment       0x000000000000007f       0x80 ./lwip/core/timeouts.o
 .comment       0x000000000000007f       0x80 ./lwip/core/udp.o
 .comment       0x000000000000007f       0x80 ./lwip/arch/freertos_lwip_mac.o
 .comment       0x000000000000007f       0x80 ./lwip/arch/phy_smsc87x0.o
 .comment       0x000000000000007f       0x80 ./lwip/arch/sys_arch.o
 .comment       0x000000000000007f       0x80 ./lwip/api/err.o
 .comment       0x000000000000007f       0x80 ./lwip/api/sockets.o
 .comment       0x000000000000007f       0x80 ./lwip/api/tcpip.o
 .comment       0x000000000000007f       0x80 ./freertos/port/port.o
 .comment       0x000000000000007f       0x80 ./freertos/event_groups.o
 .comment       0x000000000000007f       0x80 ./freertos/heap_4.o
 .comment       0x000000000000007f       0x80 ./freertos/list.o
 .comment       0x000000000000007f       0x80 ./freertos/queue.o
 .comment       0x000000000000007f       0x80 ./freertos/tasks.o
 .comment       0x000000000000007f       0x80 ./freertos/timers.o
 .comment       0x000000000000007f       0x80 ./app/src/ethernet.o
 .comment       0x000000000000007f       0x80 ./app/src/main.o
 .comment       0x000000000000007f       0x80 ./app/src/uart.o

.ARM.attributes
                0x0000000000000000       0x31
 .ARM.attributes
                0x0000000000000000       0x33 ./system/src/newlib/_exit.o
 .ARM.attributes
                0x0000000000000033       0x33 ./system/src/newlib/_sbrk.o
 .ARM.attributes
                0x0000000000000066       0x33 ./system/src/newlib/_startup.o
 .ARM.attributes
                0x0000000000000099       0x33 ./system/src/newlib/_syscalls.o
 .ARM.attributes
                0x00000000000000cc       0x33 ./system/src/lpc17xx/lpc17xx_clkpwr.o
 .ARM.attributes
                0x00000000000000ff       0x33 ./system/src/lpc17xx/lpc17xx_gpdma.o
 .ARM.attributes
                0x0000000000000132       0x33 ./system/src/lpc17xx/lpc17xx_pinsel.o
 .ARM.attributes
                0x0000000000000165       0x33 ./system/src/lpc17xx/lpc17xx_uart.o
 .ARM.attributes
                0x0000000000000198       0x33 ./system/src/cortexm/_initialize_hardware.o
 .ARM.attributes
                0x00000000000001cb       0x33 ./system/src/cortexm/_reset_hardware.o
 .ARM.attributes
                0x00000000000001fe       0x33 ./system/src/cortexm/exception_handlers.o
 .ARM.attributes
                0x0000000000000231       0x33 ./system/src/cmsis/system_lpc17xx.o
 .ARM.attributes
                0x0000000000000264       0x33 ./system/src/cmsis/vectors_lpc17xx.o
 .ARM.attributes
                0x0000000000000297       0x33 ./lwip/netif/ethernet.o
 .ARM.attributes
                0x00000000000002ca       0x33 ./lwip/core/ipv4/etharp.o
 .ARM.attributes
                0x00000000000002fd       0x33 ./lwip/core/ipv4/icmp.o
 .ARM.attributes
                0x0000000000000330       0x33 ./lwip/core/ipv4/igmp.o
 .ARM.attributes